{
  "world_count": 16,
  "prior": "uniform over all 16 worlds",
  "arbitrary_seed": 2026091602,
  "goal_count": 110,
  "families": {
    "affine": {
      "draws": 30,
      "unique_masks": 30
    },
    "arbitrary": {
      "draws": 32,
      "unique_masks": 32
    },
    "multiplexer": {
      "draws": 48,
      "unique_masks": 48
    }
  },
  "row_count": 3630,
  "trace_count": 58080,
  "solver_seconds": {
    "adaptive": 0.04588667201824137,
    "open_loop": 0.02236346101744857,
    "fixed_prefix": 0.007686209981329739
  },
  "total_counts": {
    "adaptive.states": 27830,
    "adaptive.query_candidates": 29150,
    "adaptive.terminal_evaluations": 27830,
    "adaptive.cache_hits": 31680,
    "open_loop.subsets_evaluated": 8140,
    "open_loop.tree_nodes": 47520,
    "open_loop.terminal_evaluations": 27830,
    "fixed_prefix.subsets_evaluated": 1210,
    "fixed_prefix.tree_nodes": 10230,
    "fixed_prefix.terminal_evaluations": 5720
  },
  "elapsed_seconds": 0.33159395200164
}

