{
  "rows": 82944,
  "runtime_seconds": 0.8625816910007416,
  "policy_cache": {
    "hits": 162030,
    "misses": 3858,
    "maxsize": null,
    "currsize": 3858
  },
  "distribution": "uniform over all 16 worlds for both training regimes",
  "reversal_counts": {
    "adaptive_worse": 131,
    "adaptive_better": 199,
    "equal": 41142
  },
  "invariants": {
    "independent_replay_matches_model_risk": true,
    "actual_risk_ge_matching_oracle": true,
    "full_budget_realizes_fitted_function": true
  },
  "inference_scope": "finite correlated suite, no rowwise iid significance claims"
}

