JOB 0 118 photo 0022.png False
I20261001 02:08:04.223253 127632656037568 patch_match.cc:210] Reading workspace...
I20261001 02:08:04.224133 127632656037568 patch_match.cc:240] Reading configuration...
I20261001 02:08:04.224328 127632656037568 patch_match.cc:371] Configuration has 1 problems...
I20261001 02:08:04.224445 127632647644864 patch_match.cc:416] === Processing view 1 / 1 for 0022.png ===
I20261001 02:08:04.224461 127632647644864 patch_match.cc:466] Reading inputs...
I20261001 02:08:04.260754 127632647644864 patch_match.cc:56] --- PatchMatch::Problem ---
I20261001 02:08:04.260782 127632647644864 patch_match.cc:57] ref_image_idx: 0
I20261001 02:08:04.260786 127632647644864 patch_match.cc:64] src_image_idxs: 4 3 2 1
I20261001 02:08:04.260789 127632647644864 patch_match_options.cc:46] --- PatchMatchOptions ---
I20261001 02:08:04.260791 127632647644864 patch_match_options.cc:47] max_image_size: -1
I20261001 02:08:04.260794 127632647644864 patch_match_options.cc:48] gpu_index: 0
I20261001 02:08:04.260796 127632647644864 patch_match_options.cc:49] depth_min: 546
I20261001 02:08:04.260805 127632647644864 patch_match_options.cc:50] depth_max: 682
I20261001 02:08:04.260808 127632647644864 patch_match_options.cc:51] window_radius: 5
I20261001 02:08:04.260810 127632647644864 patch_match_options.cc:52] window_step: 1
I20261001 02:08:04.260813 127632647644864 patch_match_options.cc:53] sigma_spatial: 5
I20261001 02:08:04.260816 127632647644864 patch_match_options.cc:54] sigma_color: 0.2
I20261001 02:08:04.260819 127632647644864 patch_match_options.cc:55] num_samples: 15
I20261001 02:08:04.260821 127632647644864 patch_match_options.cc:56] ncc_sigma: 0.6
I20261001 02:08:04.260825 127632647644864 patch_match_options.cc:57] min_triangulation_angle: 1
I20261001 02:08:04.260827 127632647644864 patch_match_options.cc:58] incident_angle_sigma: 0.9
I20261001 02:08:04.260830 127632647644864 patch_match_options.cc:59] num_iterations: 5
I20261001 02:08:04.260832 127632647644864 patch_match_options.cc:60] geom_consistency: 0
I20261001 02:08:04.260834 127632647644864 patch_match_options.cc:61] geom_consistency_regularizer: 0.3
I20261001 02:08:04.260836 127632647644864 patch_match_options.cc:62] geom_consistency_max_cost: 3
I20261001 02:08:04.260838 127632647644864 patch_match_options.cc:63] filter: 1
I20261001 02:08:04.260840 127632647644864 patch_match_options.cc:64] filter_min_ncc: 0.1
I20261001 02:08:04.260843 127632647644864 patch_match_options.cc:65] filter_min_triangulation_angle: 3
I20261001 02:08:04.260845 127632647644864 patch_match_options.cc:66] filter_min_num_consistent: 2
I20261001 02:08:04.260847 127632647644864 patch_match_options.cc:67] filter_geom_consistency_max_cost: 1
I20261001 02:08:04.260850 127632647644864 patch_match_options.cc:68] write_consistency_graph: 0
I20261001 02:08:04.260852 127632647644864 patch_match_options.cc:69] allow_missing_files: 0
I20261001 02:08:04.260854 127632647644864 patch_match_options.cc:70] num_threads: 2
I20261001 02:08:04.260856 127632647644864 patch_match.cc:129] --- PatchMatch::Run ---
I20261001 02:08:04.571388 127632647644864 cudacc.cc:52] Initialization: 0.0222s
I20261001 02:08:04.784555 127632647644864 cudacc.cc:52]  Sweep 1: 0.2131s
I20261001 02:08:05.023003 127632647644864 cudacc.cc:52]  Sweep 2: 0.2384s
I20261001 02:08:05.200875 127632647644864 cudacc.cc:52]  Sweep 3: 0.1778s
I20261001 02:08:05.430783 127632647644864 cudacc.cc:52]  Sweep 4: 0.2299s
I20261001 02:08:05.430818 127632647644864 cudacc.cc:52] Iteration 1: 0.8594s
I20261001 02:08:05.610329 127632647644864 cudacc.cc:52]  Sweep 1: 0.1795s
I20261001 02:08:05.842579 127632647644864 cudacc.cc:52]  Sweep 2: 0.2322s
I20261001 02:08:06.020604 127632647644864 cudacc.cc:52]  Sweep 3: 0.1780s
I20261001 02:08:06.252917 127632647644864 cudacc.cc:52]  Sweep 4: 0.2323s
I20261001 02:08:06.252951 127632647644864 cudacc.cc:52] Iteration 2: 0.8221s
I20261001 02:08:06.436160 127632647644864 cudacc.cc:52]  Sweep 1: 0.1832s
I20261001 02:08:06.673620 127632647644864 cudacc.cc:52]  Sweep 2: 0.2374s
I20261001 02:08:06.852058 127632647644864 cudacc.cc:52]  Sweep 3: 0.1784s
I20261001 02:08:07.075303 127632647644864 cudacc.cc:52]  Sweep 4: 0.2232s
I20261001 02:08:07.075335 127632647644864 cudacc.cc:52] Iteration 3: 0.8224s
I20261001 02:08:07.248088 127632647644864 cudacc.cc:52]  Sweep 1: 0.1727s
I20261001 02:08:07.468311 127632647644864 cudacc.cc:52]  Sweep 2: 0.2202s
I20261001 02:08:07.635475 127632647644864 cudacc.cc:52]  Sweep 3: 0.1671s
I20261001 02:08:07.852299 127632647644864 cudacc.cc:52]  Sweep 4: 0.2168s
I20261001 02:08:07.852342 127632647644864 cudacc.cc:52] Iteration 4: 0.7770s
I20261001 02:08:08.018908 127632647644864 cudacc.cc:52]  Sweep 1: 0.1665s
I20261001 02:08:08.228019 127632647644864 cudacc.cc:52]  Sweep 2: 0.2091s
I20261001 02:08:08.392206 127632647644864 cudacc.cc:52]  Sweep 3: 0.1641s
I20261001 02:08:08.628536 127632647644864 cudacc.cc:52]  Sweep 4: 0.2363s
I20261001 02:08:08.628569 127632647644864 cudacc.cc:52] Iteration 5: 0.7762s
I20261001 02:08:08.628576 127632647644864 cudacc.cc:52] Total: 4.0794s
I20261001 02:08:08.628579 127632647644864 patch_match.cc:525] 
Writing photometric output for 0022.png
I20261001 02:08:08.657434 127632656037568 timer.cc:90] Elapsed time: 0.074 [minutes]
DONE 0 4.47
JOB 1 118 geo 0022.png False
I20261001 02:08:08.710852 127632647644864 patch_match.cc:210] Reading workspace...
I20261001 02:08:08.710986 127632647644864 patch_match.cc:240] Reading configuration...
I20261001 02:08:08.711005 127632647644864 patch_match.cc:371] Configuration has 1 problems...
I20261001 02:08:08.711106 127632630859456 patch_match.cc:416] === Processing view 1 / 1 for 0022.png ===
I20261001 02:08:08.711124 127632630859456 patch_match.cc:466] Reading inputs...
I20261001 02:08:08.733113 127632630859456 patch_match.cc:56] --- PatchMatch::Problem ---
I20261001 02:08:08.733131 127632630859456 patch_match.cc:57] ref_image_idx: 0
I20261001 02:08:08.733134 127632630859456 patch_match.cc:64] src_image_idxs: 4 3 2 1
I20261001 02:08:08.733136 127632630859456 patch_match_options.cc:46] --- PatchMatchOptions ---
I20261001 02:08:08.733138 127632630859456 patch_match_options.cc:47] max_image_size: -1
I20261001 02:08:08.733140 127632630859456 patch_match_options.cc:48] gpu_index: 0
I20261001 02:08:08.733142 127632630859456 patch_match_options.cc:49] depth_min: 546
I20261001 02:08:08.733149 127632630859456 patch_match_options.cc:50] depth_max: 682
I20261001 02:08:08.733151 127632630859456 patch_match_options.cc:51] window_radius: 5
I20261001 02:08:08.733152 127632630859456 patch_match_options.cc:52] window_step: 1
I20261001 02:08:08.733154 127632630859456 patch_match_options.cc:53] sigma_spatial: 5
I20261001 02:08:08.733156 127632630859456 patch_match_options.cc:54] sigma_color: 0.2
I20261001 02:08:08.733159 127632630859456 patch_match_options.cc:55] num_samples: 15
I20261001 02:08:08.733160 127632630859456 patch_match_options.cc:56] ncc_sigma: 0.6
I20261001 02:08:08.733162 127632630859456 patch_match_options.cc:57] min_triangulation_angle: 1
I20261001 02:08:08.733164 127632630859456 patch_match_options.cc:58] incident_angle_sigma: 0.9
I20261001 02:08:08.733168 127632630859456 patch_match_options.cc:59] num_iterations: 5
I20261001 02:08:08.733171 127632630859456 patch_match_options.cc:60] geom_consistency: 0
I20261001 02:08:08.733172 127632630859456 patch_match_options.cc:61] geom_consistency_regularizer: 0.3
I20261001 02:08:08.733174 127632630859456 patch_match_options.cc:62] geom_consistency_max_cost: 3
I20261001 02:08:08.733176 127632630859456 patch_match_options.cc:63] filter: 0
I20261001 02:08:08.733177 127632630859456 patch_match_options.cc:64] filter_min_ncc: 0.1
I20261001 02:08:08.733180 127632630859456 patch_match_options.cc:65] filter_min_triangulation_angle: 3
I20261001 02:08:08.733182 127632630859456 patch_match_options.cc:66] filter_min_num_consistent: 2
I20261001 02:08:08.733183 127632630859456 patch_match_options.cc:67] filter_geom_consistency_max_cost: 1
I20261001 02:08:08.733184 127632630859456 patch_match_options.cc:68] write_consistency_graph: 0
I20261001 02:08:08.733186 127632630859456 patch_match_options.cc:69] allow_missing_files: 0
I20261001 02:08:08.733193 127632630859456 patch_match_options.cc:70] num_threads: 2
I20261001 02:08:08.733196 127632630859456 patch_match.cc:129] --- PatchMatch::Run ---
I20261001 02:08:08.753705 127632630859456 cudacc.cc:52] Initialization: 0.0186s
I20261001 02:08:08.939502 127632630859456 cudacc.cc:52]  Sweep 1: 0.1858s
I20261001 02:08:09.173194 127632630859456 cudacc.cc:52]  Sweep 2: 0.2337s
I20261001 02:08:09.352696 127632630859456 cudacc.cc:52]  Sweep 3: 0.1795s
I20261001 02:08:09.583517 127632630859456 cudacc.cc:52]  Sweep 4: 0.2308s
I20261001 02:08:09.583549 127632630859456 cudacc.cc:52] Iteration 1: 0.8298s
I20261001 02:08:09.764308 127632630859456 cudacc.cc:52]  Sweep 1: 0.1807s
I20261001 02:08:09.998277 127632630859456 cudacc.cc:52]  Sweep 2: 0.2339s
I20261001 02:08:10.176661 127632630859456 cudacc.cc:52]  Sweep 3: 0.1784s
I20261001 02:08:10.412877 127632630859456 cudacc.cc:52]  Sweep 4: 0.2362s
I20261001 02:08:10.412910 127632630859456 cudacc.cc:52] Iteration 2: 0.8294s
I20261001 02:08:10.597303 127632630859456 cudacc.cc:52]  Sweep 1: 0.1844s
I20261001 02:08:10.832343 127632630859456 cudacc.cc:52]  Sweep 2: 0.2350s
I20261001 02:08:11.005372 127632630859456 cudacc.cc:52]  Sweep 3: 0.1730s
I20261001 02:08:11.229827 127632630859456 cudacc.cc:52]  Sweep 4: 0.2244s
I20261001 02:08:11.229857 127632630859456 cudacc.cc:52] Iteration 3: 0.8169s
I20261001 02:08:11.400599 127632630859456 cudacc.cc:52]  Sweep 1: 0.1707s
I20261001 02:08:11.619022 127632630859456 cudacc.cc:52]  Sweep 2: 0.2184s
I20261001 02:08:11.787965 127632630859456 cudacc.cc:52]  Sweep 3: 0.1689s
I20261001 02:08:12.003601 127632630859456 cudacc.cc:52]  Sweep 4: 0.2156s
I20261001 02:08:12.003632 127632630859456 cudacc.cc:52] Iteration 4: 0.7738s
I20261001 02:08:12.171236 127632630859456 cudacc.cc:52]  Sweep 1: 0.1676s
I20261001 02:08:12.380560 127632630859456 cudacc.cc:52]  Sweep 2: 0.2093s
I20261001 02:08:12.544861 127632630859456 cudacc.cc:52]  Sweep 3: 0.1643s
I20261001 02:08:12.758033 127632630859456 cudacc.cc:52]  Sweep 4: 0.2131s
I20261001 02:08:12.758074 127632630859456 cudacc.cc:52] Iteration 5: 0.7544s
I20261001 02:08:12.758081 127632630859456 cudacc.cc:52] Total: 4.0230s
I20261001 02:08:12.758083 127632630859456 patch_match.cc:525] 
Writing photometric output for 0022.png
I20261001 02:08:12.783412 127632647644864 timer.cc:90] Elapsed time: 0.068 [minutes]
DONE 1 4.13
JOB 2 118 geo 0016.png False
I20261001 02:08:12.860092 127632630859456 patch_match.cc:210] Reading workspace...
I20261001 02:08:12.860314 127632630859456 patch_match.cc:240] Reading configuration...
I20261001 02:08:12.860332 127632630859456 patch_match.cc:371] Configuration has 1 problems...
I20261001 02:08:12.860449 127632656037568 patch_match.cc:416] === Processing view 1 / 1 for 0016.png ===
I20261001 02:08:12.860470 127632656037568 patch_match.cc:466] Reading inputs...
I20261001 02:08:12.876363 127632656037568 patch_match.cc:56] --- PatchMatch::Problem ---
I20261001 02:08:12.876375 127632656037568 patch_match.cc:57] ref_image_idx: 1
I20261001 02:08:12.876377 127632656037568 patch_match.cc:64] src_image_idxs: 4 3 2 0
I20261001 02:08:12.876379 127632656037568 patch_match_options.cc:46] --- PatchMatchOptions ---
I20261001 02:08:12.876381 127632656037568 patch_match_options.cc:47] max_image_size: -1
I20261001 02:08:12.876382 127632656037568 patch_match_options.cc:48] gpu_index: 0
I20261001 02:08:12.876383 127632656037568 patch_match_options.cc:49] depth_min: 523
I20261001 02:08:12.876389 127632656037568 patch_match_options.cc:50] depth_max: 709
I20261001 02:08:12.876391 127632656037568 patch_match_options.cc:51] window_radius: 5
I20261001 02:08:12.876392 127632656037568 patch_match_options.cc:52] window_step: 1
I20261001 02:08:12.876394 127632656037568 patch_match_options.cc:53] sigma_spatial: 5
I20261001 02:08:12.876395 127632656037568 patch_match_options.cc:54] sigma_color: 0.2
I20261001 02:08:12.876397 127632656037568 patch_match_options.cc:55] num_samples: 15
I20261001 02:08:12.876399 127632656037568 patch_match_options.cc:56] ncc_sigma: 0.6
I20261001 02:08:12.876400 127632656037568 patch_match_options.cc:57] min_triangulation_angle: 1
I20261001 02:08:12.876407 127632656037568 patch_match_options.cc:58] incident_angle_sigma: 0.9
I20261001 02:08:12.876409 127632656037568 patch_match_options.cc:59] num_iterations: 5
I20261001 02:08:12.876419 127632656037568 patch_match_options.cc:60] geom_consistency: 0
I20261001 02:08:12.876420 127632656037568 patch_match_options.cc:61] geom_consistency_regularizer: 0.3
I20261001 02:08:12.876422 127632656037568 patch_match_options.cc:62] geom_consistency_max_cost: 3
I20261001 02:08:12.876424 127632656037568 patch_match_options.cc:63] filter: 0
I20261001 02:08:12.876425 127632656037568 patch_match_options.cc:64] filter_min_ncc: 0.1
I20261001 02:08:12.876427 127632656037568 patch_match_options.cc:65] filter_min_triangulation_angle: 3
I20261001 02:08:12.876428 127632656037568 patch_match_options.cc:66] filter_min_num_consistent: 2
I20261001 02:08:12.876429 127632656037568 patch_match_options.cc:67] filter_geom_consistency_max_cost: 1
I20261001 02:08:12.876431 127632656037568 patch_match_options.cc:68] write_consistency_graph: 0
I20261001 02:08:12.876432 127632656037568 patch_match_options.cc:69] allow_missing_files: 0
I20261001 02:08:12.876434 127632656037568 patch_match_options.cc:70] num_threads: 2
I20261001 02:08:12.876435 127632656037568 patch_match.cc:129] --- PatchMatch::Run ---
I20261001 02:08:12.897794 127632656037568 cudacc.cc:52] Initialization: 0.0195s
I20261001 02:08:13.077875 127632656037568 cudacc.cc:52]  Sweep 1: 0.1800s
I20261001 02:08:13.309150 127632656037568 cudacc.cc:52]  Sweep 2: 0.2312s
I20261001 02:08:13.484173 127632656037568 cudacc.cc:52]  Sweep 3: 0.1750s
I20261001 02:08:13.713659 127632656037568 cudacc.cc:52]  Sweep 4: 0.2295s
I20261001 02:08:13.713693 127632656037568 cudacc.cc:52] Iteration 1: 0.8159s
I20261001 02:08:13.889174 127632656037568 cudacc.cc:52]  Sweep 1: 0.1755s
I20261001 02:08:14.114206 127632656037568 cudacc.cc:52]  Sweep 2: 0.2250s
I20261001 02:08:14.291621 127632656037568 cudacc.cc:52]  Sweep 3: 0.1774s
I20261001 02:08:14.519543 127632656037568 cudacc.cc:52]  Sweep 4: 0.2279s
I20261001 02:08:14.519574 127632656037568 cudacc.cc:52] Iteration 2: 0.8059s
I20261001 02:08:14.695350 127632656037568 cudacc.cc:52]  Sweep 1: 0.1758s
I20261001 02:08:14.909506 127632656037568 cudacc.cc:52]  Sweep 2: 0.2141s
I20261001 02:08:15.073647 127632656037568 cudacc.cc:52]  Sweep 3: 0.1641s
I20261001 02:08:15.278168 127632656037568 cudacc.cc:52]  Sweep 4: 0.2045s
I20261001 02:08:15.278199 127632656037568 cudacc.cc:52] Iteration 3: 0.7586s
I20261001 02:08:15.437736 127632656037568 cudacc.cc:52]  Sweep 1: 0.1595s
I20261001 02:08:15.633952 127632656037568 cudacc.cc:52]  Sweep 2: 0.1962s
I20261001 02:08:15.783236 127632656037568 cudacc.cc:52]  Sweep 3: 0.1492s
I20261001 02:08:15.976982 127632656037568 cudacc.cc:52]  Sweep 4: 0.1935s
I20261001 02:08:15.977023 127632656037568 cudacc.cc:52] Iteration 4: 0.6988s
I20261001 02:08:16.123954 127632656037568 cudacc.cc:52]  Sweep 1: 0.1469s
I20261001 02:08:16.313975 127632656037568 cudacc.cc:52]  Sweep 2: 0.1900s
I20261001 02:08:16.460164 127632656037568 cudacc.cc:52]  Sweep 3: 0.1461s
I20261001 02:08:16.648893 127632656037568 cudacc.cc:52]  Sweep 4: 0.1887s
I20261001 02:08:16.648926 127632656037568 cudacc.cc:52] Iteration 5: 0.6719s
I20261001 02:08:16.648933 127632656037568 cudacc.cc:52] Total: 3.7706s
I20261001 02:08:16.648937 127632656037568 patch_match.cc:525] 
Writing photometric output for 0016.png
I20261001 02:08:16.677038 127632630859456 timer.cc:90] Elapsed time: 0.064 [minutes]
DONE 2 3.86
JOB 3 118 geo 0035.png False
I20261001 02:08:16.738277 127632656037568 patch_match.cc:210] Reading workspace...
I20261001 02:08:16.738383 127632656037568 patch_match.cc:240] Reading configuration...
I20261001 02:08:16.738394 127632656037568 patch_match.cc:371] Configuration has 1 problems...
I20261001 02:08:16.738466 127632647644864 patch_match.cc:416] === Processing view 1 / 1 for 0035.png ===
I20261001 02:08:16.738478 127632647644864 patch_match.cc:466] Reading inputs...
I20261001 02:08:16.751070 127632647644864 patch_match.cc:56] --- PatchMatch::Problem ---
I20261001 02:08:16.751094 127632647644864 patch_match.cc:57] ref_image_idx: 2
I20261001 02:08:16.751097 127632647644864 patch_match.cc:64] src_image_idxs: 4 3 1 0
I20261001 02:08:16.751098 127632647644864 patch_match_options.cc:46] --- PatchMatchOptions ---
I20261001 02:08:16.751110 127632647644864 patch_match_options.cc:47] max_image_size: -1
I20261001 02:08:16.751112 127632647644864 patch_match_options.cc:48] gpu_index: 0
I20261001 02:08:16.751113 127632647644864 patch_match_options.cc:49] depth_min: 510
I20261001 02:08:16.751119 127632647644864 patch_match_options.cc:50] depth_max: 727
I20261001 02:08:16.751121 127632647644864 patch_match_options.cc:51] window_radius: 5
I20261001 02:08:16.751122 127632647644864 patch_match_options.cc:52] window_step: 1
I20261001 02:08:16.751123 127632647644864 patch_match_options.cc:53] sigma_spatial: 5
I20261001 02:08:16.751125 127632647644864 patch_match_options.cc:54] sigma_color: 0.2
I20261001 02:08:16.751127 127632647644864 patch_match_options.cc:55] num_samples: 15
I20261001 02:08:16.751128 127632647644864 patch_match_options.cc:56] ncc_sigma: 0.6
I20261001 02:08:16.751130 127632647644864 patch_match_options.cc:57] min_triangulation_angle: 1
I20261001 02:08:16.751131 127632647644864 patch_match_options.cc:58] incident_angle_sigma: 0.9
I20261001 02:08:16.751133 127632647644864 patch_match_options.cc:59] num_iterations: 5
I20261001 02:08:16.751134 127632647644864 patch_match_options.cc:60] geom_consistency: 0
I20261001 02:08:16.751136 127632647644864 patch_match_options.cc:61] geom_consistency_regularizer: 0.3
I20261001 02:08:16.751137 127632647644864 patch_match_options.cc:62] geom_consistency_max_cost: 3
I20261001 02:08:16.751139 127632647644864 patch_match_options.cc:63] filter: 0
I20261001 02:08:16.751140 127632647644864 patch_match_options.cc:64] filter_min_ncc: 0.1
I20261001 02:08:16.751142 127632647644864 patch_match_options.cc:65] filter_min_triangulation_angle: 3
I20261001 02:08:16.751143 127632647644864 patch_match_options.cc:66] filter_min_num_consistent: 2
I20261001 02:08:16.751145 127632647644864 patch_match_options.cc:67] filter_geom_consistency_max_cost: 1
I20261001 02:08:16.751146 127632647644864 patch_match_options.cc:68] write_consistency_graph: 0
I20261001 02:08:16.751148 127632647644864 patch_match_options.cc:69] allow_missing_files: 0
I20261001 02:08:16.751149 127632647644864 patch_match_options.cc:70] num_threads: 2
I20261001 02:08:16.751151 127632647644864 patch_match.cc:129] --- PatchMatch::Run ---
I20261001 02:08:16.773971 127632647644864 cudacc.cc:52] Initialization: 0.0209s
I20261001 02:08:16.962111 127632647644864 cudacc.cc:52]  Sweep 1: 0.1881s
I20261001 02:08:17.200255 127632647644864 cudacc.cc:52]  Sweep 2: 0.2381s
I20261001 02:08:17.381993 127632647644864 cudacc.cc:52]  Sweep 3: 0.1817s
I20261001 02:08:17.617651 127632647644864 cudacc.cc:52]  Sweep 4: 0.2356s
I20261001 02:08:17.617685 127632647644864 cudacc.cc:52] Iteration 1: 0.8437s
I20261001 02:08:17.800434 127632647644864 cudacc.cc:52]  Sweep 1: 0.1827s
I20261001 02:08:18.035977 127632647644864 cudacc.cc:52]  Sweep 2: 0.2355s
I20261001 02:08:18.220627 127632647644864 cudacc.cc:52]  Sweep 3: 0.1846s
I20261001 02:08:18.463762 127632647644864 cudacc.cc:52]  Sweep 4: 0.2431s
I20261001 02:08:18.463799 127632647644864 cudacc.cc:52] Iteration 2: 0.8461s
I20261001 02:08:18.653893 127632647644864 cudacc.cc:52]  Sweep 1: 0.1901s
I20261001 02:08:18.893132 127632647644864 cudacc.cc:52]  Sweep 2: 0.2392s
I20261001 02:08:19.072885 127632647644864 cudacc.cc:52]  Sweep 3: 0.1797s
I20261001 02:08:19.306602 127632647644864 cudacc.cc:52]  Sweep 4: 0.2337s
I20261001 02:08:19.306636 127632647644864 cudacc.cc:52] Iteration 3: 0.8428s
I20261001 02:08:19.486679 127632647644864 cudacc.cc:52]  Sweep 1: 0.1800s
I20261001 02:08:19.714163 127632647644864 cudacc.cc:52]  Sweep 2: 0.2274s
I20261001 02:08:19.895291 127632647644864 cudacc.cc:52]  Sweep 3: 0.1811s
I20261001 02:08:20.126706 127632647644864 cudacc.cc:52]  Sweep 4: 0.2314s
I20261001 02:08:20.126742 127632647644864 cudacc.cc:52] Iteration 4: 0.8201s
I20261001 02:08:20.300553 127632647644864 cudacc.cc:52]  Sweep 1: 0.1738s
I20261001 02:08:20.523332 127632647644864 cudacc.cc:52]  Sweep 2: 0.2227s
I20261001 02:08:20.695356 127632647644864 cudacc.cc:52]  Sweep 3: 0.1720s
I20261001 02:08:20.927071 127632647644864 cudacc.cc:52]  Sweep 4: 0.2317s
I20261001 02:08:20.927108 127632647644864 cudacc.cc:52] Iteration 5: 0.8004s
I20261001 02:08:20.927116 127632647644864 cudacc.cc:52] Total: 4.1741s
I20261001 02:08:20.927119 127632647644864 patch_match.cc:525] 
Writing photometric output for 0035.png
I20261001 02:08:20.955323 127632656037568 timer.cc:90] Elapsed time: 0.070 [minutes]
DONE 3 4.26
JOB 4 118 geo 0017.png False
I20261001 02:08:21.017535 127632647644864 patch_match.cc:210] Reading workspace...
I20261001 02:08:21.017647 127632647644864 patch_match.cc:240] Reading configuration...
I20261001 02:08:21.017659 127632647644864 patch_match.cc:371] Configuration has 1 problems...
I20261001 02:08:21.017739 127632630859456 patch_match.cc:416] === Processing view 1 / 1 for 0017.png ===
I20261001 02:08:21.017753 127632630859456 patch_match.cc:466] Reading inputs...
I20261001 02:08:21.030378 127632630859456 patch_match.cc:56] --- PatchMatch::Problem ---
I20261001 02:08:21.030394 127632630859456 patch_match.cc:57] ref_image_idx: 3
I20261001 02:08:21.030397 127632630859456 patch_match.cc:64] src_image_idxs: 4 2 1 0
I20261001 02:08:21.030399 127632630859456 patch_match_options.cc:46] --- PatchMatchOptions ---
I20261001 02:08:21.030401 127632630859456 patch_match_options.cc:47] max_image_size: -1
I20261001 02:08:21.030403 127632630859456 patch_match_options.cc:48] gpu_index: 0
I20261001 02:08:21.030404 127632630859456 patch_match_options.cc:49] depth_min: 492
I20261001 02:08:21.030412 127632630859456 patch_match_options.cc:50] depth_max: 749
I20261001 02:08:21.030414 127632630859456 patch_match_options.cc:51] window_radius: 5
I20261001 02:08:21.030416 127632630859456 patch_match_options.cc:52] window_step: 1
I20261001 02:08:21.030417 127632630859456 patch_match_options.cc:53] sigma_spatial: 5
I20261001 02:08:21.030420 127632630859456 patch_match_options.cc:54] sigma_color: 0.2
I20261001 02:08:21.030422 127632630859456 patch_match_options.cc:55] num_samples: 15
I20261001 02:08:21.030424 127632630859456 patch_match_options.cc:56] ncc_sigma: 0.6
I20261001 02:08:21.030426 127632630859456 patch_match_options.cc:57] min_triangulation_angle: 1
I20261001 02:08:21.030428 127632630859456 patch_match_options.cc:58] incident_angle_sigma: 0.9
I20261001 02:08:21.030430 127632630859456 patch_match_options.cc:59] num_iterations: 5
I20261001 02:08:21.030431 127632630859456 patch_match_options.cc:60] geom_consistency: 0
I20261001 02:08:21.030434 127632630859456 patch_match_options.cc:61] geom_consistency_regularizer: 0.3
I20261001 02:08:21.030436 127632630859456 patch_match_options.cc:62] geom_consistency_max_cost: 3
I20261001 02:08:21.030438 127632630859456 patch_match_options.cc:63] filter: 0
I20261001 02:08:21.030439 127632630859456 patch_match_options.cc:64] filter_min_ncc: 0.1
I20261001 02:08:21.030441 127632630859456 patch_match_options.cc:65] filter_min_triangulation_angle: 3
I20261001 02:08:21.030443 127632630859456 patch_match_options.cc:66] filter_min_num_consistent: 2
I20261001 02:08:21.030444 127632630859456 patch_match_options.cc:67] filter_geom_consistency_max_cost: 1
I20261001 02:08:21.030446 127632630859456 patch_match_options.cc:68] write_consistency_graph: 0
I20261001 02:08:21.030447 127632630859456 patch_match_options.cc:69] allow_missing_files: 0
I20261001 02:08:21.030449 127632630859456 patch_match_options.cc:70] num_threads: 2
I20261001 02:08:21.030451 127632630859456 patch_match.cc:129] --- PatchMatch::Run ---
I20261001 02:08:21.050817 127632630859456 cudacc.cc:52] Initialization: 0.0185s
I20261001 02:08:21.233525 127632630859456 cudacc.cc:52]  Sweep 1: 0.1827s
I20261001 02:08:21.468427 127632630859456 cudacc.cc:52]  Sweep 2: 0.2349s
I20261001 02:08:21.645313 127632630859456 cudacc.cc:52]  Sweep 3: 0.1768s
I20261001 02:08:21.880423 127632630859456 cudacc.cc:52]  Sweep 4: 0.2351s
I20261001 02:08:21.880461 127632630859456 cudacc.cc:52] Iteration 1: 0.8296s
I20261001 02:08:22.059918 127632630859456 cudacc.cc:52]  Sweep 1: 0.1794s
I20261001 02:08:22.295605 127632630859456 cudacc.cc:52]  Sweep 2: 0.2356s
I20261001 02:08:22.478071 127632630859456 cudacc.cc:52]  Sweep 3: 0.1824s
I20261001 02:08:22.715491 127632630859456 cudacc.cc:52]  Sweep 4: 0.2374s
I20261001 02:08:22.715530 127632630859456 cudacc.cc:52] Iteration 2: 0.8351s
I20261001 02:08:22.894179 127632630859456 cudacc.cc:52]  Sweep 1: 0.1786s
I20261001 02:08:23.127368 127632630859456 cudacc.cc:52]  Sweep 2: 0.2331s
I20261001 02:08:23.302708 127632630859456 cudacc.cc:52]  Sweep 3: 0.1753s
I20261001 02:08:23.518066 127632630859456 cudacc.cc:52]  Sweep 4: 0.2153s
I20261001 02:08:23.518100 127632630859456 cudacc.cc:52] Iteration 3: 0.8026s
I20261001 02:08:23.683520 127632630859456 cudacc.cc:52]  Sweep 1: 0.1654s
I20261001 02:08:23.899476 127632630859456 cudacc.cc:52]  Sweep 2: 0.2159s
I20261001 02:08:24.069997 127632630859456 cudacc.cc:52]  Sweep 3: 0.1705s
I20261001 02:08:24.272016 127632630859456 cudacc.cc:52]  Sweep 4: 0.2020s
I20261001 02:08:24.272072 127632630859456 cudacc.cc:52] Iteration 4: 0.7540s
I20261001 02:08:24.435539 127632630859456 cudacc.cc:52]  Sweep 1: 0.1634s
I20261001 02:08:24.638522 127632630859456 cudacc.cc:52]  Sweep 2: 0.2029s
I20261001 02:08:24.810450 127632630859456 cudacc.cc:52]  Sweep 3: 0.1719s
I20261001 02:08:25.006988 127632630859456 cudacc.cc:52]  Sweep 4: 0.1965s
I20261001 02:08:25.007041 127632630859456 cudacc.cc:52] Iteration 5: 0.7350s
I20261001 02:08:25.007049 127632630859456 cudacc.cc:52] Total: 3.9747s
I20261001 02:08:25.007053 127632630859456 patch_match.cc:525] 
Writing photometric output for 0017.png
I20261001 02:08:25.036302 127632647644864 timer.cc:90] Elapsed time: 0.067 [minutes]
DONE 4 4.06
JOB 5 118 geo 0007.png False
I20261001 02:08:25.096850 127632630859456 patch_match.cc:210] Reading workspace...
I20261001 02:08:25.096958 127632630859456 patch_match.cc:240] Reading configuration...
I20261001 02:08:25.096969 127632630859456 patch_match.cc:371] Configuration has 1 problems...
I20261001 02:08:25.097052 127632656037568 patch_match.cc:416] === Processing view 1 / 1 for 0007.png ===
I20261001 02:08:25.097070 127632656037568 patch_match.cc:466] Reading inputs...
I20261001 02:08:25.109765 127632656037568 patch_match.cc:56] --- PatchMatch::Problem ---
I20261001 02:08:25.109771 127632656037568 patch_match.cc:57] ref_image_idx: 4
I20261001 02:08:25.109773 127632656037568 patch_match.cc:64] src_image_idxs: 3 2 1 0
I20261001 02:08:25.109775 127632656037568 patch_match_options.cc:46] --- PatchMatchOptions ---
I20261001 02:08:25.109776 127632656037568 patch_match_options.cc:47] max_image_size: -1
I20261001 02:08:25.109778 127632656037568 patch_match_options.cc:48] gpu_index: 0
I20261001 02:08:25.109779 127632656037568 patch_match_options.cc:49] depth_min: 506
I20261001 02:08:25.109784 127632656037568 patch_match_options.cc:50] depth_max: 731
I20261001 02:08:25.109786 127632656037568 patch_match_options.cc:51] window_radius: 5
I20261001 02:08:25.109787 127632656037568 patch_match_options.cc:52] window_step: 1
I20261001 02:08:25.109789 127632656037568 patch_match_options.cc:53] sigma_spatial: 5
I20261001 02:08:25.109790 127632656037568 patch_match_options.cc:54] sigma_color: 0.2
I20261001 02:08:25.109792 127632656037568 patch_match_options.cc:55] num_samples: 15
I20261001 02:08:25.109794 127632656037568 patch_match_options.cc:56] ncc_sigma: 0.6
I20261001 02:08:25.109795 127632656037568 patch_match_options.cc:57] min_triangulation_angle: 1
I20261001 02:08:25.109797 127632656037568 patch_match_options.cc:58] incident_angle_sigma: 0.9
I20261001 02:08:25.109798 127632656037568 patch_match_options.cc:59] num_iterations: 5
I20261001 02:08:25.109800 127632656037568 patch_match_options.cc:60] geom_consistency: 0
I20261001 02:08:25.109801 127632656037568 patch_match_options.cc:61] geom_consistency_regularizer: 0.3
I20261001 02:08:25.109803 127632656037568 patch_match_options.cc:62] geom_consistency_max_cost: 3
I20261001 02:08:25.109810 127632656037568 patch_match_options.cc:63] filter: 0
I20261001 02:08:25.109812 127632656037568 patch_match_options.cc:64] filter_min_ncc: 0.1
I20261001 02:08:25.109813 127632656037568 patch_match_options.cc:65] filter_min_triangulation_angle: 3
I20261001 02:08:25.109815 127632656037568 patch_match_options.cc:66] filter_min_num_consistent: 2
I20261001 02:08:25.109831 127632656037568 patch_match_options.cc:67] filter_geom_consistency_max_cost: 1
I20261001 02:08:25.109832 127632656037568 patch_match_options.cc:68] write_consistency_graph: 0
I20261001 02:08:25.109834 127632656037568 patch_match_options.cc:69] allow_missing_files: 0
I20261001 02:08:25.109835 127632656037568 patch_match_options.cc:70] num_threads: 2
I20261001 02:08:25.109837 127632656037568 patch_match.cc:129] --- PatchMatch::Run ---
I20261001 02:08:25.132281 127632656037568 cudacc.cc:52] Initialization: 0.0206s
I20261001 02:08:25.313979 127632656037568 cudacc.cc:52]  Sweep 1: 0.1817s
I20261001 02:08:25.544169 127632656037568 cudacc.cc:52]  Sweep 2: 0.2301s
I20261001 02:08:25.720289 127632656037568 cudacc.cc:52]  Sweep 3: 0.1761s
I20261001 02:08:25.950732 127632656037568 cudacc.cc:52]  Sweep 4: 0.2304s
I20261001 02:08:25.950768 127632656037568 cudacc.cc:52] Iteration 1: 0.8185s
I20261001 02:08:26.125326 127632656037568 cudacc.cc:52]  Sweep 1: 0.1745s
I20261001 02:08:26.359153 127632656037568 cudacc.cc:52]  Sweep 2: 0.2338s
I20261001 02:08:26.540484 127632656037568 cudacc.cc:52]  Sweep 3: 0.1813s
I20261001 02:08:26.770725 127632656037568 cudacc.cc:52]  Sweep 4: 0.2302s
I20261001 02:08:26.770760 127632656037568 cudacc.cc:52] Iteration 2: 0.8200s
I20261001 02:08:26.950062 127632656037568 cudacc.cc:52]  Sweep 1: 0.1793s
I20261001 02:08:27.172949 127632656037568 cudacc.cc:52]  Sweep 2: 0.2228s
I20261001 02:08:27.346578 127632656037568 cudacc.cc:52]  Sweep 3: 0.1736s
I20261001 02:08:27.556185 127632656037568 cudacc.cc:52]  Sweep 4: 0.2096s
I20261001 02:08:27.556221 127632656037568 cudacc.cc:52] Iteration 3: 0.7855s
I20261001 02:08:27.722724 127632656037568 cudacc.cc:52]  Sweep 1: 0.1665s
I20261001 02:08:27.935755 127632656037568 cudacc.cc:52]  Sweep 2: 0.2130s
I20261001 02:08:28.099678 127632656037568 cudacc.cc:52]  Sweep 3: 0.1639s
I20261001 02:08:28.297191 127632656037568 cudacc.cc:52]  Sweep 4: 0.1975s
I20261001 02:08:28.297227 127632656037568 cudacc.cc:52] Iteration 4: 0.7410s
I20261001 02:08:28.452485 127632656037568 cudacc.cc:52]  Sweep 1: 0.1552s
I20261001 02:08:28.662218 127632656037568 cudacc.cc:52]  Sweep 2: 0.2097s
I20261001 02:08:28.819610 127632656037568 cudacc.cc:52]  Sweep 3: 0.1574s
I20261001 02:08:29.017831 127632656037568 cudacc.cc:52]  Sweep 4: 0.1982s
I20261001 02:08:29.017867 127632656037568 cudacc.cc:52] Iteration 5: 0.7206s
I20261001 02:08:29.017874 127632656037568 cudacc.cc:52] Total: 3.9062s
I20261001 02:08:29.017877 127632656037568 patch_match.cc:525] 
Writing photometric output for 0007.png
I20261001 02:08:29.043681 127632630859456 timer.cc:90] Elapsed time: 0.066 [minutes]
DONE 5 3.96
JOB 6 118 geo 0022.png True
I20261001 02:08:29.076098 127632656037568 patch_match.cc:210] Reading workspace...
I20261001 02:08:29.076209 127632656037568 patch_match.cc:240] Reading configuration...
I20261001 02:08:29.076220 127632656037568 patch_match.cc:371] Configuration has 1 problems...
I20261001 02:08:29.076336 127632647644864 patch_match.cc:416] === Processing view 1 / 1 for 0022.png ===
I20261001 02:08:29.076351 127632647644864 patch_match.cc:466] Reading inputs...
I20261001 02:08:29.157272 127632647644864 patch_match.cc:56] --- PatchMatch::Problem ---
I20261001 02:08:29.157301 127632647644864 patch_match.cc:57] ref_image_idx: 0
I20261001 02:08:29.157316 127632647644864 patch_match.cc:64] src_image_idxs: 4 3 2 1
I20261001 02:08:29.157318 127632647644864 patch_match_options.cc:46] --- PatchMatchOptions ---
I20261001 02:08:29.157320 127632647644864 patch_match_options.cc:47] max_image_size: -1
I20261001 02:08:29.157321 127632647644864 patch_match_options.cc:48] gpu_index: 0
I20261001 02:08:29.157323 127632647644864 patch_match_options.cc:49] depth_min: 546
I20261001 02:08:29.157336 127632647644864 patch_match_options.cc:50] depth_max: 682
I20261001 02:08:29.157338 127632647644864 patch_match_options.cc:51] window_radius: 5
I20261001 02:08:29.157339 127632647644864 patch_match_options.cc:52] window_step: 1
I20261001 02:08:29.157341 127632647644864 patch_match_options.cc:53] sigma_spatial: 5
I20261001 02:08:29.157358 127632647644864 patch_match_options.cc:54] sigma_color: 0.2
I20261001 02:08:29.157361 127632647644864 patch_match_options.cc:55] num_samples: 15
I20261001 02:08:29.157363 127632647644864 patch_match_options.cc:56] ncc_sigma: 0.6
I20261001 02:08:29.157365 127632647644864 patch_match_options.cc:57] min_triangulation_angle: 1
I20261001 02:08:29.157367 127632647644864 patch_match_options.cc:58] incident_angle_sigma: 0.9
I20261001 02:08:29.157369 127632647644864 patch_match_options.cc:59] num_iterations: 5
I20261001 02:08:29.157371 127632647644864 patch_match_options.cc:60] geom_consistency: 1
I20261001 02:08:29.157373 127632647644864 patch_match_options.cc:61] geom_consistency_regularizer: 0.3
I20261001 02:08:29.157375 127632647644864 patch_match_options.cc:62] geom_consistency_max_cost: 3
I20261001 02:08:29.157377 127632647644864 patch_match_options.cc:63] filter: 1
I20261001 02:08:29.157379 127632647644864 patch_match_options.cc:64] filter_min_ncc: 0.1
I20261001 02:08:29.157385 127632647644864 patch_match_options.cc:65] filter_min_triangulation_angle: 3
I20261001 02:08:29.157387 127632647644864 patch_match_options.cc:66] filter_min_num_consistent: 2
I20261001 02:08:29.157388 127632647644864 patch_match_options.cc:67] filter_geom_consistency_max_cost: 1
I20261001 02:08:29.157390 127632647644864 patch_match_options.cc:68] write_consistency_graph: 0
I20261001 02:08:29.157392 127632647644864 patch_match_options.cc:69] allow_missing_files: 0
I20261001 02:08:29.157394 127632647644864 patch_match_options.cc:70] num_threads: 2
I20261001 02:08:29.157396 127632647644864 patch_match.cc:129] --- PatchMatch::Run ---
I20261001 02:08:29.183243 127632647644864 cudacc.cc:52] Initialization: 0.0167s
I20261001 02:08:29.503205 127632647644864 cudacc.cc:52]  Sweep 1: 0.3197s
I20261001 02:08:29.915794 127632647644864 cudacc.cc:52]  Sweep 2: 0.4126s
I20261001 02:08:30.239124 127632647644864 cudacc.cc:52]  Sweep 3: 0.3233s
I20261001 02:08:30.659718 127632647644864 cudacc.cc:52]  Sweep 4: 0.4206s
I20261001 02:08:30.659764 127632647644864 cudacc.cc:52] Iteration 1: 1.4763s
I20261001 02:08:30.986273 127632647644864 cudacc.cc:52]  Sweep 1: 0.3265s
I20261001 02:08:31.395361 127632647644864 cudacc.cc:52]  Sweep 2: 0.4090s
I20261001 02:08:31.711630 127632647644864 cudacc.cc:52]  Sweep 3: 0.3162s
I20261001 02:08:32.111340 127632647644864 cudacc.cc:52]  Sweep 4: 0.3997s
I20261001 02:08:32.111374 127632647644864 cudacc.cc:52] Iteration 2: 1.4516s
I20261001 02:08:32.423577 127632647644864 cudacc.cc:52]  Sweep 1: 0.3122s
I20261001 02:08:32.823794 127632647644864 cudacc.cc:52]  Sweep 2: 0.4002s
I20261001 02:08:33.129437 127632647644864 cudacc.cc:52]  Sweep 3: 0.3056s
I20261001 02:08:33.513180 127632647644864 cudacc.cc:52]  Sweep 4: 0.3837s
I20261001 02:08:33.513213 127632647644864 cudacc.cc:52] Iteration 3: 1.4018s
I20261001 02:08:33.815341 127632647644864 cudacc.cc:52]  Sweep 1: 0.3021s
I20261001 02:08:34.197516 127632647644864 cudacc.cc:52]  Sweep 2: 0.3821s
I20261001 02:08:34.504534 127632647644864 cudacc.cc:52]  Sweep 3: 0.3070s
I20261001 02:08:34.897038 127632647644864 cudacc.cc:52]  Sweep 4: 0.3924s
I20261001 02:08:34.897071 127632647644864 cudacc.cc:52] Iteration 4: 1.3839s
I20261001 02:08:35.187879 127632647644864 cudacc.cc:52]  Sweep 1: 0.2908s
I20261001 02:08:35.548067 127632647644864 cudacc.cc:52]  Sweep 2: 0.3601s
I20261001 02:08:35.834549 127632647644864 cudacc.cc:52]  Sweep 3: 0.2864s
I20261001 02:08:36.162589 127632647644864 cudacc.cc:52]  Sweep 4: 0.3280s
I20261001 02:08:36.162622 127632647644864 cudacc.cc:52] Iteration 5: 1.2655s
I20261001 02:08:36.162630 127632647644864 cudacc.cc:52] Total: 6.9961s
I20261001 02:08:36.162632 127632647644864 patch_match.cc:525] 
Writing geometric output for 0022.png
I20261001 02:08:36.186959 127632656037568 timer.cc:90] Elapsed time: 0.119 [minutes]
DONE 6 7.17
JOB 7 122 photo 0022.png False
I20261001 02:08:36.272769 127632647644864 patch_match.cc:210] Reading workspace...
I20261001 02:08:36.272960 127632647644864 patch_match.cc:240] Reading configuration...
I20261001 02:08:36.272979 127632647644864 patch_match.cc:371] Configuration has 1 problems...
I20261001 02:08:36.273122 127632630859456 patch_match.cc:416] === Processing view 1 / 1 for 0022.png ===
I20261001 02:08:36.273154 127632630859456 patch_match.cc:466] Reading inputs...
I20261001 02:08:36.288383 127632630859456 patch_match.cc:56] --- PatchMatch::Problem ---
I20261001 02:08:36.288386 127632630859456 patch_match.cc:57] ref_image_idx: 0
I20261001 02:08:36.288388 127632630859456 patch_match.cc:64] src_image_idxs: 4 3 2 1
I20261001 02:08:36.288390 127632630859456 patch_match_options.cc:46] --- PatchMatchOptions ---
I20261001 02:08:36.288392 127632630859456 patch_match_options.cc:47] max_image_size: -1
I20261001 02:08:36.288394 127632630859456 patch_match_options.cc:48] gpu_index: 0
I20261001 02:08:36.288395 127632630859456 patch_match_options.cc:49] depth_min: 528
I20261001 02:08:36.288400 127632630859456 patch_match_options.cc:50] depth_max: 704
I20261001 02:08:36.288402 127632630859456 patch_match_options.cc:51] window_radius: 5
I20261001 02:08:36.288403 127632630859456 patch_match_options.cc:52] window_step: 1
I20261001 02:08:36.288405 127632630859456 patch_match_options.cc:53] sigma_spatial: 5
I20261001 02:08:36.288407 127632630859456 patch_match_options.cc:54] sigma_color: 0.2
I20261001 02:08:36.288409 127632630859456 patch_match_options.cc:55] num_samples: 15
I20261001 02:08:36.288410 127632630859456 patch_match_options.cc:56] ncc_sigma: 0.6
I20261001 02:08:36.288412 127632630859456 patch_match_options.cc:57] min_triangulation_angle: 1
I20261001 02:08:36.288414 127632630859456 patch_match_options.cc:58] incident_angle_sigma: 0.9
I20261001 02:08:36.288416 127632630859456 patch_match_options.cc:59] num_iterations: 5
I20261001 02:08:36.288417 127632630859456 patch_match_options.cc:60] geom_consistency: 0
I20261001 02:08:36.288419 127632630859456 patch_match_options.cc:61] geom_consistency_regularizer: 0.3
I20261001 02:08:36.288421 127632630859456 patch_match_options.cc:62] geom_consistency_max_cost: 3
I20261001 02:08:36.288422 127632630859456 patch_match_options.cc:63] filter: 1
I20261001 02:08:36.288424 127632630859456 patch_match_options.cc:64] filter_min_ncc: 0.1
I20261001 02:08:36.288426 127632630859456 patch_match_options.cc:65] filter_min_triangulation_angle: 3
I20261001 02:08:36.288427 127632630859456 patch_match_options.cc:66] filter_min_num_consistent: 2
I20261001 02:08:36.288429 127632630859456 patch_match_options.cc:67] filter_geom_consistency_max_cost: 1
I20261001 02:08:36.288431 127632630859456 patch_match_options.cc:68] write_consistency_graph: 0
I20261001 02:08:36.288432 127632630859456 patch_match_options.cc:69] allow_missing_files: 0
I20261001 02:08:36.288434 127632630859456 patch_match_options.cc:70] num_threads: 2
I20261001 02:08:36.288435 127632630859456 patch_match.cc:129] --- PatchMatch::Run ---
I20261001 02:08:36.309677 127632630859456 cudacc.cc:52] Initialization: 0.0185s
I20261001 02:08:36.491730 127632630859456 cudacc.cc:52]  Sweep 1: 0.1820s
I20261001 02:08:36.723238 127632630859456 cudacc.cc:52]  Sweep 2: 0.2315s
I20261001 02:08:36.904255 127632630859456 cudacc.cc:52]  Sweep 3: 0.1810s
I20261001 02:08:37.134478 127632630859456 cudacc.cc:52]  Sweep 4: 0.2302s
I20261001 02:08:37.134511 127632630859456 cudacc.cc:52] Iteration 1: 0.8248s
I20261001 02:08:37.312474 127632630859456 cudacc.cc:52]  Sweep 1: 0.1779s
I20261001 02:08:37.542713 127632630859456 cudacc.cc:52]  Sweep 2: 0.2302s
I20261001 02:08:37.719668 127632630859456 cudacc.cc:52]  Sweep 3: 0.1769s
I20261001 02:08:37.948242 127632630859456 cudacc.cc:52]  Sweep 4: 0.2285s
I20261001 02:08:37.948276 127632630859456 cudacc.cc:52] Iteration 2: 0.8138s
I20261001 02:08:38.123714 127632630859456 cudacc.cc:52]  Sweep 1: 0.1754s
I20261001 02:08:38.358114 127632630859456 cudacc.cc:52]  Sweep 2: 0.2344s
I20261001 02:08:38.536937 127632630859456 cudacc.cc:52]  Sweep 3: 0.1788s
I20261001 02:08:38.764598 127632630859456 cudacc.cc:52]  Sweep 4: 0.2276s
I20261001 02:08:38.764632 127632630859456 cudacc.cc:52] Iteration 3: 0.8164s
I20261001 02:08:38.935798 127632630859456 cudacc.cc:52]  Sweep 1: 0.1712s
I20261001 02:08:39.152502 127632630859456 cudacc.cc:52]  Sweep 2: 0.2167s
I20261001 02:08:39.319359 127632630859456 cudacc.cc:52]  Sweep 3: 0.1668s
I20261001 02:08:39.530489 127632630859456 cudacc.cc:52]  Sweep 4: 0.2111s
I20261001 02:08:39.530535 127632630859456 cudacc.cc:52] Iteration 4: 0.7659s
I20261001 02:08:39.693936 127632630859456 cudacc.cc:52]  Sweep 1: 0.1634s
I20261001 02:08:39.906336 127632630859456 cudacc.cc:52]  Sweep 2: 0.2124s
I20261001 02:08:40.066690 127632630859456 cudacc.cc:52]  Sweep 3: 0.1603s
I20261001 02:08:40.299491 127632630859456 cudacc.cc:52]  Sweep 4: 0.2328s
I20261001 02:08:40.299525 127632630859456 cudacc.cc:52] Iteration 5: 0.7690s
I20261001 02:08:40.299533 127632630859456 cudacc.cc:52] Total: 4.0083s
I20261001 02:08:40.299537 127632630859456 patch_match.cc:525] 
Writing photometric output for 0022.png
I20261001 02:08:40.325370 127632647644864 timer.cc:90] Elapsed time: 0.068 [minutes]
DONE 7 4.06
JOB 8 122 geo 0022.png False
I20261001 02:08:40.351092 127632630859456 patch_match.cc:210] Reading workspace...
I20261001 02:08:40.351208 127632630859456 patch_match.cc:240] Reading configuration...
I20261001 02:08:40.351218 127632630859456 patch_match.cc:371] Configuration has 1 problems...
I20261001 02:08:40.351294 127632656037568 patch_match.cc:416] === Processing view 1 / 1 for 0022.png ===
I20261001 02:08:40.351310 127632656037568 patch_match.cc:466] Reading inputs...
I20261001 02:08:40.364839 127632656037568 patch_match.cc:56] --- PatchMatch::Problem ---
I20261001 02:08:40.364864 127632656037568 patch_match.cc:57] ref_image_idx: 0
I20261001 02:08:40.364866 127632656037568 patch_match.cc:64] src_image_idxs: 4 3 2 1
I20261001 02:08:40.364868 127632656037568 patch_match_options.cc:46] --- PatchMatchOptions ---
I20261001 02:08:40.364870 127632656037568 patch_match_options.cc:47] max_image_size: -1
I20261001 02:08:40.364871 127632656037568 patch_match_options.cc:48] gpu_index: 0
I20261001 02:08:40.364873 127632656037568 patch_match_options.cc:49] depth_min: 528
I20261001 02:08:40.364879 127632656037568 patch_match_options.cc:50] depth_max: 704
I20261001 02:08:40.364881 127632656037568 patch_match_options.cc:51] window_radius: 5
I20261001 02:08:40.364882 127632656037568 patch_match_options.cc:52] window_step: 1
I20261001 02:08:40.364884 127632656037568 patch_match_options.cc:53] sigma_spatial: 5
I20261001 02:08:40.364886 127632656037568 patch_match_options.cc:54] sigma_color: 0.2
I20261001 02:08:40.364887 127632656037568 patch_match_options.cc:55] num_samples: 15
I20261001 02:08:40.364889 127632656037568 patch_match_options.cc:56] ncc_sigma: 0.6
I20261001 02:08:40.364890 127632656037568 patch_match_options.cc:57] min_triangulation_angle: 1
I20261001 02:08:40.364892 127632656037568 patch_match_options.cc:58] incident_angle_sigma: 0.9
I20261001 02:08:40.364894 127632656037568 patch_match_options.cc:59] num_iterations: 5
I20261001 02:08:40.364895 127632656037568 patch_match_options.cc:60] geom_consistency: 0
I20261001 02:08:40.364896 127632656037568 patch_match_options.cc:61] geom_consistency_regularizer: 0.3
I20261001 02:08:40.364898 127632656037568 patch_match_options.cc:62] geom_consistency_max_cost: 3
I20261001 02:08:40.364912 127632656037568 patch_match_options.cc:63] filter: 0
I20261001 02:08:40.364913 127632656037568 patch_match_options.cc:64] filter_min_ncc: 0.1
I20261001 02:08:40.364915 127632656037568 patch_match_options.cc:65] filter_min_triangulation_angle: 3
I20261001 02:08:40.364916 127632656037568 patch_match_options.cc:66] filter_min_num_consistent: 2
I20261001 02:08:40.364918 127632656037568 patch_match_options.cc:67] filter_geom_consistency_max_cost: 1
I20261001 02:08:40.364919 127632656037568 patch_match_options.cc:68] write_consistency_graph: 0
I20261001 02:08:40.364926 127632656037568 patch_match_options.cc:69] allow_missing_files: 0
I20261001 02:08:40.364928 127632656037568 patch_match_options.cc:70] num_threads: 2
I20261001 02:08:40.364930 127632656037568 patch_match.cc:129] --- PatchMatch::Run ---
I20261001 02:08:40.385179 127632656037568 cudacc.cc:52] Initialization: 0.0181s
I20261001 02:08:40.568434 127632656037568 cudacc.cc:52]  Sweep 1: 0.1832s
I20261001 02:08:40.803106 127632656037568 cudacc.cc:52]  Sweep 2: 0.2346s
I20261001 02:08:40.982985 127632656037568 cudacc.cc:52]  Sweep 3: 0.1798s
I20261001 02:08:41.211855 127632656037568 cudacc.cc:52]  Sweep 4: 0.2288s
I20261001 02:08:41.211884 127632656037568 cudacc.cc:52] Iteration 1: 0.8267s
I20261001 02:08:41.391589 127632656037568 cudacc.cc:52]  Sweep 1: 0.1797s
I20261001 02:08:41.622927 127632656037568 cudacc.cc:52]  Sweep 2: 0.2313s
I20261001 02:08:41.801517 127632656037568 cudacc.cc:52]  Sweep 3: 0.1786s
I20261001 02:08:42.028064 127632656037568 cudacc.cc:52]  Sweep 4: 0.2265s
I20261001 02:08:42.028094 127632656037568 cudacc.cc:52] Iteration 2: 0.8162s
I20261001 02:08:42.205222 127632656037568 cudacc.cc:52]  Sweep 1: 0.1771s
I20261001 02:08:42.439642 127632656037568 cudacc.cc:52]  Sweep 2: 0.2344s
I20261001 02:08:42.618056 127632656037568 cudacc.cc:52]  Sweep 3: 0.1784s
I20261001 02:08:42.845138 127632656037568 cudacc.cc:52]  Sweep 4: 0.2270s
I20261001 02:08:42.845173 127632656037568 cudacc.cc:52] Iteration 3: 0.8171s
I20261001 02:08:43.013952 127632656037568 cudacc.cc:52]  Sweep 1: 0.1688s
I20261001 02:08:43.233200 127632656037568 cudacc.cc:52]  Sweep 2: 0.2192s
I20261001 02:08:43.397266 127632656037568 cudacc.cc:52]  Sweep 3: 0.1640s
I20261001 02:08:43.608190 127632656037568 cudacc.cc:52]  Sweep 4: 0.2109s
I20261001 02:08:43.608224 127632656037568 cudacc.cc:52] Iteration 4: 0.7630s
I20261001 02:08:43.774025 127632656037568 cudacc.cc:52]  Sweep 1: 0.1658s
I20261001 02:08:43.983469 127632656037568 cudacc.cc:52]  Sweep 2: 0.2094s
I20261001 02:08:44.144063 127632656037568 cudacc.cc:52]  Sweep 3: 0.1606s
I20261001 02:08:44.351896 127632656037568 cudacc.cc:52]  Sweep 4: 0.2078s
I20261001 02:08:44.351925 127632656037568 cudacc.cc:52] Iteration 5: 0.7437s
I20261001 02:08:44.351932 127632656037568 cudacc.cc:52] Total: 3.9849s
I20261001 02:08:44.351934 127632656037568 patch_match.cc:525] 
Writing photometric output for 0022.png
I20261001 02:08:44.377148 127632630859456 timer.cc:90] Elapsed time: 0.067 [minutes]
DONE 8 4.07
JOB 9 122 geo 0016.png False
I20261001 02:08:44.437348 127632656037568 patch_match.cc:210] Reading workspace...
I20261001 02:08:44.437514 127632656037568 patch_match.cc:240] Reading configuration...
I20261001 02:08:44.437535 127632656037568 patch_match.cc:371] Configuration has 1 problems...
I20261001 02:08:44.437656 127632647644864 patch_match.cc:416] === Processing view 1 / 1 for 0016.png ===
I20261001 02:08:44.437684 127632647644864 patch_match.cc:466] Reading inputs...
I20261001 02:08:44.453247 127632647644864 patch_match.cc:56] --- PatchMatch::Problem ---
I20261001 02:08:44.453265 127632647644864 patch_match.cc:57] ref_image_idx: 1
I20261001 02:08:44.453267 127632647644864 patch_match.cc:64] src_image_idxs: 4 3 2 0
I20261001 02:08:44.453269 127632647644864 patch_match_options.cc:46] --- PatchMatchOptions ---
I20261001 02:08:44.453270 127632647644864 patch_match_options.cc:47] max_image_size: -1
I20261001 02:08:44.453272 127632647644864 patch_match_options.cc:48] gpu_index: 0
I20261001 02:08:44.453273 127632647644864 patch_match_options.cc:49] depth_min: 507
I20261001 02:08:44.453295 127632647644864 patch_match_options.cc:50] depth_max: 732
I20261001 02:08:44.453298 127632647644864 patch_match_options.cc:51] window_radius: 5
I20261001 02:08:44.453300 127632647644864 patch_match_options.cc:52] window_step: 1
I20261001 02:08:44.453302 127632647644864 patch_match_options.cc:53] sigma_spatial: 5
I20261001 02:08:44.453304 127632647644864 patch_match_options.cc:54] sigma_color: 0.2
I20261001 02:08:44.453307 127632647644864 patch_match_options.cc:55] num_samples: 15
I20261001 02:08:44.453318 127632647644864 patch_match_options.cc:56] ncc_sigma: 0.6
I20261001 02:08:44.453320 127632647644864 patch_match_options.cc:57] min_triangulation_angle: 1
I20261001 02:08:44.453322 127632647644864 patch_match_options.cc:58] incident_angle_sigma: 0.9
I20261001 02:08:44.453325 127632647644864 patch_match_options.cc:59] num_iterations: 5
I20261001 02:08:44.453326 127632647644864 patch_match_options.cc:60] geom_consistency: 0
I20261001 02:08:44.453328 127632647644864 patch_match_options.cc:61] geom_consistency_regularizer: 0.3
I20261001 02:08:44.453343 127632647644864 patch_match_options.cc:62] geom_consistency_max_cost: 3
I20261001 02:08:44.453345 127632647644864 patch_match_options.cc:63] filter: 0
I20261001 02:08:44.453347 127632647644864 patch_match_options.cc:64] filter_min_ncc: 0.1
I20261001 02:08:44.453349 127632647644864 patch_match_options.cc:65] filter_min_triangulation_angle: 3
I20261001 02:08:44.453352 127632647644864 patch_match_options.cc:66] filter_min_num_consistent: 2
I20261001 02:08:44.453354 127632647644864 patch_match_options.cc:67] filter_geom_consistency_max_cost: 1
I20261001 02:08:44.453356 127632647644864 patch_match_options.cc:68] write_consistency_graph: 0
I20261001 02:08:44.453358 127632647644864 patch_match_options.cc:69] allow_missing_files: 0
I20261001 02:08:44.453359 127632647644864 patch_match_options.cc:70] num_threads: 2
I20261001 02:08:44.453362 127632647644864 patch_match.cc:129] --- PatchMatch::Run ---
I20261001 02:08:44.473153 127632647644864 cudacc.cc:52] Initialization: 0.0178s
I20261001 02:08:44.652609 127632647644864 cudacc.cc:52]  Sweep 1: 0.1794s
I20261001 02:08:44.883841 127632647644864 cudacc.cc:52]  Sweep 2: 0.2310s
I20261001 02:08:45.057573 127632647644864 cudacc.cc:52]  Sweep 3: 0.1737s
I20261001 02:08:45.283195 127632647644864 cudacc.cc:52]  Sweep 4: 0.2256s
I20261001 02:08:45.283225 127632647644864 cudacc.cc:52] Iteration 1: 0.8101s
I20261001 02:08:45.456525 127632647644864 cudacc.cc:52]  Sweep 1: 0.1733s
I20261001 02:08:45.678809 127632647644864 cudacc.cc:52]  Sweep 2: 0.2222s
I20261001 02:08:45.850346 127632647644864 cudacc.cc:52]  Sweep 3: 0.1715s
I20261001 02:08:46.068787 127632647644864 cudacc.cc:52]  Sweep 4: 0.2184s
I20261001 02:08:46.068819 127632647644864 cudacc.cc:52] Iteration 2: 0.7856s
I20261001 02:08:46.237991 127632647644864 cudacc.cc:52]  Sweep 1: 0.1692s
I20261001 02:08:46.456491 127632647644864 cudacc.cc:52]  Sweep 2: 0.2184s
I20261001 02:08:46.623299 127632647644864 cudacc.cc:52]  Sweep 3: 0.1668s
I20261001 02:08:46.828072 127632647644864 cudacc.cc:52]  Sweep 4: 0.2047s
I20261001 02:08:46.828106 127632647644864 cudacc.cc:52] Iteration 3: 0.7593s
I20261001 02:08:46.985110 127632647644864 cudacc.cc:52]  Sweep 1: 0.1570s
I20261001 02:08:47.179620 127632647644864 cudacc.cc:52]  Sweep 2: 0.1945s
I20261001 02:08:47.328066 127632647644864 cudacc.cc:52]  Sweep 3: 0.1484s
I20261001 02:08:47.514572 127632647644864 cudacc.cc:52]  Sweep 4: 0.1865s
I20261001 02:08:47.514605 127632647644864 cudacc.cc:52] Iteration 4: 0.6865s
I20261001 02:08:47.662198 127632647644864 cudacc.cc:52]  Sweep 1: 0.1476s
I20261001 02:08:47.847974 127632647644864 cudacc.cc:52]  Sweep 2: 0.1857s
I20261001 02:08:47.992263 127632647644864 cudacc.cc:52]  Sweep 3: 0.1442s
I20261001 02:08:48.176222 127632647644864 cudacc.cc:52]  Sweep 4: 0.1839s
I20261001 02:08:48.176258 127632647644864 cudacc.cc:52] Iteration 5: 0.6616s
I20261001 02:08:48.176266 127632647644864 cudacc.cc:52] Total: 3.7210s
I20261001 02:08:48.176269 127632647644864 patch_match.cc:525] 
Writing photometric output for 0016.png
I20261001 02:08:48.200291 127632656037568 timer.cc:90] Elapsed time: 0.063 [minutes]
DONE 9 3.82
JOB 10 122 geo 0035.png False
I20261001 02:08:48.276074 127632647644864 patch_match.cc:210] Reading workspace...
I20261001 02:08:48.276235 127632647644864 patch_match.cc:240] Reading configuration...
I20261001 02:08:48.276251 127632647644864 patch_match.cc:371] Configuration has 1 problems...
I20261001 02:08:48.276380 127632630859456 patch_match.cc:416] === Processing view 1 / 1 for 0035.png ===
I20261001 02:08:48.276409 127632630859456 patch_match.cc:466] Reading inputs...
I20261001 02:08:48.294486 127632630859456 patch_match.cc:56] --- PatchMatch::Problem ---
I20261001 02:08:48.294503 127632630859456 patch_match.cc:57] ref_image_idx: 2
I20261001 02:08:48.294506 127632630859456 patch_match.cc:64] src_image_idxs: 4 3 1 0
I20261001 02:08:48.294507 127632630859456 patch_match_options.cc:46] --- PatchMatchOptions ---
I20261001 02:08:48.294509 127632630859456 patch_match_options.cc:47] max_image_size: -1
I20261001 02:08:48.294510 127632630859456 patch_match_options.cc:48] gpu_index: 0
I20261001 02:08:48.294511 127632630859456 patch_match_options.cc:49] depth_min: 494
I20261001 02:08:48.294517 127632630859456 patch_match_options.cc:50] depth_max: 750
I20261001 02:08:48.294518 127632630859456 patch_match_options.cc:51] window_radius: 5
I20261001 02:08:48.294520 127632630859456 patch_match_options.cc:52] window_step: 1
I20261001 02:08:48.294521 127632630859456 patch_match_options.cc:53] sigma_spatial: 5
I20261001 02:08:48.294522 127632630859456 patch_match_options.cc:54] sigma_color: 0.2
I20261001 02:08:48.294524 127632630859456 patch_match_options.cc:55] num_samples: 15
I20261001 02:08:48.294525 127632630859456 patch_match_options.cc:56] ncc_sigma: 0.6
I20261001 02:08:48.294527 127632630859456 patch_match_options.cc:57] min_triangulation_angle: 1
I20261001 02:08:48.294528 127632630859456 patch_match_options.cc:58] incident_angle_sigma: 0.9
I20261001 02:08:48.294530 127632630859456 patch_match_options.cc:59] num_iterations: 5
I20261001 02:08:48.294531 127632630859456 patch_match_options.cc:60] geom_consistency: 0
I20261001 02:08:48.294532 127632630859456 patch_match_options.cc:61] geom_consistency_regularizer: 0.3
I20261001 02:08:48.294534 127632630859456 patch_match_options.cc:62] geom_consistency_max_cost: 3
I20261001 02:08:48.294535 127632630859456 patch_match_options.cc:63] filter: 0
I20261001 02:08:48.294536 127632630859456 patch_match_options.cc:64] filter_min_ncc: 0.1
I20261001 02:08:48.294538 127632630859456 patch_match_options.cc:65] filter_min_triangulation_angle: 3
I20261001 02:08:48.294539 127632630859456 patch_match_options.cc:66] filter_min_num_consistent: 2
I20261001 02:08:48.294540 127632630859456 patch_match_options.cc:67] filter_geom_consistency_max_cost: 1
I20261001 02:08:48.294542 127632630859456 patch_match_options.cc:68] write_consistency_graph: 0
I20261001 02:08:48.294543 127632630859456 patch_match_options.cc:69] allow_missing_files: 0
I20261001 02:08:48.294544 127632630859456 patch_match_options.cc:70] num_threads: 2
I20261001 02:08:48.294546 127632630859456 patch_match.cc:129] --- PatchMatch::Run ---
I20261001 02:08:48.315542 127632630859456 cudacc.cc:52] Initialization: 0.0192s
I20261001 02:08:48.498285 127632630859456 cudacc.cc:52]  Sweep 1: 0.1827s
I20261001 02:08:48.733691 127632630859456 cudacc.cc:52]  Sweep 2: 0.2354s
I20261001 02:08:48.915218 127632630859456 cudacc.cc:52]  Sweep 3: 0.1815s
I20261001 02:08:49.148424 127632630859456 cudacc.cc:52]  Sweep 4: 0.2332s
I20261001 02:08:49.148456 127632630859456 cudacc.cc:52] Iteration 1: 0.8329s
I20261001 02:08:49.329297 127632630859456 cudacc.cc:52]  Sweep 1: 0.1808s
I20261001 02:08:49.562546 127632630859456 cudacc.cc:52]  Sweep 2: 0.2332s
I20261001 02:08:49.740660 127632630859456 cudacc.cc:52]  Sweep 3: 0.1781s
I20261001 02:08:49.973979 127632630859456 cudacc.cc:52]  Sweep 4: 0.2333s
I20261001 02:08:49.974006 127632630859456 cudacc.cc:52] Iteration 2: 0.8255s
I20261001 02:08:50.153240 127632630859456 cudacc.cc:52]  Sweep 1: 0.1792s
I20261001 02:08:50.395051 127632630859456 cudacc.cc:52]  Sweep 2: 0.2418s
I20261001 02:08:50.580814 127632630859456 cudacc.cc:52]  Sweep 3: 0.1857s
I20261001 02:08:50.817003 127632630859456 cudacc.cc:52]  Sweep 4: 0.2362s
I20261001 02:08:50.817033 127632630859456 cudacc.cc:52] Iteration 3: 0.8430s
I20261001 02:08:50.995403 127632630859456 cudacc.cc:52]  Sweep 1: 0.1784s
I20261001 02:08:51.226116 127632630859456 cudacc.cc:52]  Sweep 2: 0.2307s
I20261001 02:08:51.403930 127632630859456 cudacc.cc:52]  Sweep 3: 0.1778s
I20261001 02:08:51.631461 127632630859456 cudacc.cc:52]  Sweep 4: 0.2275s
I20261001 02:08:51.631489 127632630859456 cudacc.cc:52] Iteration 4: 0.8145s
I20261001 02:08:51.803412 127632630859456 cudacc.cc:52]  Sweep 1: 0.1719s
I20261001 02:08:52.027531 127632630859456 cudacc.cc:52]  Sweep 2: 0.2241s
I20261001 02:08:52.199915 127632630859456 cudacc.cc:52]  Sweep 3: 0.1724s
I20261001 02:08:52.426984 127632630859456 cudacc.cc:52]  Sweep 4: 0.2270s
I20261001 02:08:52.427012 127632630859456 cudacc.cc:52] Iteration 5: 0.7955s
I20261001 02:08:52.427020 127632630859456 cudacc.cc:52] Total: 4.1307s
I20261001 02:08:52.427023 127632630859456 patch_match.cc:525] 
Writing photometric output for 0035.png
I20261001 02:08:52.450565 127632647644864 timer.cc:90] Elapsed time: 0.070 [minutes]
DONE 10 4.22
JOB 11 122 geo 0017.png False
I20261001 02:08:52.514872 127632630859456 patch_match.cc:210] Reading workspace...
I20261001 02:08:52.515034 127632630859456 patch_match.cc:240] Reading configuration...
I20261001 02:08:52.515056 127632630859456 patch_match.cc:371] Configuration has 1 problems...
I20261001 02:08:52.515181 127632656037568 patch_match.cc:416] === Processing view 1 / 1 for 0017.png ===
I20261001 02:08:52.515204 127632656037568 patch_match.cc:466] Reading inputs...
I20261001 02:08:52.534153 127632656037568 patch_match.cc:56] --- PatchMatch::Problem ---
I20261001 02:08:52.534165 127632656037568 patch_match.cc:57] ref_image_idx: 3
I20261001 02:08:52.534167 127632656037568 patch_match.cc:64] src_image_idxs: 4 2 1 0
I20261001 02:08:52.534169 127632656037568 patch_match_options.cc:46] --- PatchMatchOptions ---
I20261001 02:08:52.534171 127632656037568 patch_match_options.cc:47] max_image_size: -1
I20261001 02:08:52.534172 127632656037568 patch_match_options.cc:48] gpu_index: 0
I20261001 02:08:52.534175 127632656037568 patch_match_options.cc:49] depth_min: 477
I20261001 02:08:52.534179 127632656037568 patch_match_options.cc:50] depth_max: 772
I20261001 02:08:52.534181 127632656037568 patch_match_options.cc:51] window_radius: 5
I20261001 02:08:52.534182 127632656037568 patch_match_options.cc:52] window_step: 1
I20261001 02:08:52.534183 127632656037568 patch_match_options.cc:53] sigma_spatial: 5
I20261001 02:08:52.534185 127632656037568 patch_match_options.cc:54] sigma_color: 0.2
I20261001 02:08:52.534187 127632656037568 patch_match_options.cc:55] num_samples: 15
I20261001 02:08:52.534188 127632656037568 patch_match_options.cc:56] ncc_sigma: 0.6
I20261001 02:08:52.534189 127632656037568 patch_match_options.cc:57] min_triangulation_angle: 1
I20261001 02:08:52.534191 127632656037568 patch_match_options.cc:58] incident_angle_sigma: 0.9
I20261001 02:08:52.534192 127632656037568 patch_match_options.cc:59] num_iterations: 5
I20261001 02:08:52.534194 127632656037568 patch_match_options.cc:60] geom_consistency: 0
I20261001 02:08:52.534195 127632656037568 patch_match_options.cc:61] geom_consistency_regularizer: 0.3
I20261001 02:08:52.534196 127632656037568 patch_match_options.cc:62] geom_consistency_max_cost: 3
I20261001 02:08:52.534198 127632656037568 patch_match_options.cc:63] filter: 0
I20261001 02:08:52.534199 127632656037568 patch_match_options.cc:64] filter_min_ncc: 0.1
I20261001 02:08:52.534200 127632656037568 patch_match_options.cc:65] filter_min_triangulation_angle: 3
I20261001 02:08:52.534202 127632656037568 patch_match_options.cc:66] filter_min_num_consistent: 2
I20261001 02:08:52.534203 127632656037568 patch_match_options.cc:67] filter_geom_consistency_max_cost: 1
I20261001 02:08:52.534204 127632656037568 patch_match_options.cc:68] write_consistency_graph: 0
I20261001 02:08:52.534205 127632656037568 patch_match_options.cc:69] allow_missing_files: 0
I20261001 02:08:52.534217 127632656037568 patch_match_options.cc:70] num_threads: 2
I20261001 02:08:52.534219 127632656037568 patch_match.cc:129] --- PatchMatch::Run ---
I20261001 02:08:52.556330 127632656037568 cudacc.cc:52] Initialization: 0.0203s
I20261001 02:08:52.737335 127632656037568 cudacc.cc:52]  Sweep 1: 0.1810s
I20261001 02:08:52.975946 127632656037568 cudacc.cc:52]  Sweep 2: 0.2386s
I20261001 02:08:53.152727 127632656037568 cudacc.cc:52]  Sweep 3: 0.1767s
I20261001 02:08:53.385980 127632656037568 cudacc.cc:52]  Sweep 4: 0.2332s
I20261001 02:08:53.386016 127632656037568 cudacc.cc:52] Iteration 1: 0.8297s
I20261001 02:08:53.563563 127632656037568 cudacc.cc:52]  Sweep 1: 0.1775s
I20261001 02:08:53.797500 127632656037568 cudacc.cc:52]  Sweep 2: 0.2339s
I20261001 02:08:53.973242 127632656037568 cudacc.cc:52]  Sweep 3: 0.1757s
I20261001 02:08:54.206081 127632656037568 cudacc.cc:52]  Sweep 4: 0.2328s
I20261001 02:08:54.206116 127632656037568 cudacc.cc:52] Iteration 2: 0.8201s
I20261001 02:08:54.383860 127632656037568 cudacc.cc:52]  Sweep 1: 0.1777s
I20261001 02:08:54.617330 127632656037568 cudacc.cc:52]  Sweep 2: 0.2334s
I20261001 02:08:54.798321 127632656037568 cudacc.cc:52]  Sweep 3: 0.1810s
I20261001 02:08:55.018147 127632656037568 cudacc.cc:52]  Sweep 4: 0.2198s
I20261001 02:08:55.018181 127632656037568 cudacc.cc:52] Iteration 3: 0.8121s
I20261001 02:08:55.184712 127632656037568 cudacc.cc:52]  Sweep 1: 0.1665s
I20261001 02:08:55.400433 127632656037568 cudacc.cc:52]  Sweep 2: 0.2157s
I20261001 02:08:55.574069 127632656037568 cudacc.cc:52]  Sweep 3: 0.1736s
I20261001 02:08:55.782350 127632656037568 cudacc.cc:52]  Sweep 4: 0.2082s
I20261001 02:08:55.782388 127632656037568 cudacc.cc:52] Iteration 4: 0.7642s
I20261001 02:08:55.948559 127632656037568 cudacc.cc:52]  Sweep 1: 0.1662s
I20261001 02:08:56.149864 127632656037568 cudacc.cc:52]  Sweep 2: 0.2013s
I20261001 02:08:56.323231 127632656037568 cudacc.cc:52]  Sweep 3: 0.1733s
I20261001 02:08:56.522047 127632656037568 cudacc.cc:52]  Sweep 4: 0.1988s
I20261001 02:08:56.522086 127632656037568 cudacc.cc:52] Iteration 5: 0.7397s
I20261001 02:08:56.522094 127632656037568 cudacc.cc:52] Total: 3.9861s
I20261001 02:08:56.522097 127632656037568 patch_match.cc:525] 
Writing photometric output for 0017.png
I20261001 02:08:56.551908 127632630859456 timer.cc:90] Elapsed time: 0.067 [minutes]
DONE 11 4.06
JOB 12 122 geo 0007.png False
I20261001 02:08:56.593071 127632656037568 patch_match.cc:210] Reading workspace...
I20261001 02:08:56.593179 127632656037568 patch_match.cc:240] Reading configuration...
I20261001 02:08:56.593191 127632656037568 patch_match.cc:371] Configuration has 1 problems...
I20261001 02:08:56.593266 127632647644864 patch_match.cc:416] === Processing view 1 / 1 for 0007.png ===
I20261001 02:08:56.593280 127632647644864 patch_match.cc:466] Reading inputs...
I20261001 02:08:56.606616 127632647644864 patch_match.cc:56] --- PatchMatch::Problem ---
I20261001 02:08:56.606626 127632647644864 patch_match.cc:57] ref_image_idx: 4
I20261001 02:08:56.606628 127632647644864 patch_match.cc:64] src_image_idxs: 3 2 1 0
I20261001 02:08:56.606630 127632647644864 patch_match_options.cc:46] --- PatchMatchOptions ---
I20261001 02:08:56.606631 127632647644864 patch_match_options.cc:47] max_image_size: -1
I20261001 02:08:56.606632 127632647644864 patch_match_options.cc:48] gpu_index: 0
I20261001 02:08:56.606634 127632647644864 patch_match_options.cc:49] depth_min: 491
I20261001 02:08:56.606639 127632647644864 patch_match_options.cc:50] depth_max: 753
I20261001 02:08:56.606640 127632647644864 patch_match_options.cc:51] window_radius: 5
I20261001 02:08:56.606642 127632647644864 patch_match_options.cc:52] window_step: 1
I20261001 02:08:56.606643 127632647644864 patch_match_options.cc:53] sigma_spatial: 5
I20261001 02:08:56.606644 127632647644864 patch_match_options.cc:54] sigma_color: 0.2
I20261001 02:08:56.606646 127632647644864 patch_match_options.cc:55] num_samples: 15
I20261001 02:08:56.606647 127632647644864 patch_match_options.cc:56] ncc_sigma: 0.6
I20261001 02:08:56.606649 127632647644864 patch_match_options.cc:57] min_triangulation_angle: 1
I20261001 02:08:56.606661 127632647644864 patch_match_options.cc:58] incident_angle_sigma: 0.9
I20261001 02:08:56.606662 127632647644864 patch_match_options.cc:59] num_iterations: 5
I20261001 02:08:56.606663 127632647644864 patch_match_options.cc:60] geom_consistency: 0
I20261001 02:08:56.606665 127632647644864 patch_match_options.cc:61] geom_consistency_regularizer: 0.3
I20261001 02:08:56.606670 127632647644864 patch_match_options.cc:62] geom_consistency_max_cost: 3
I20261001 02:08:56.606672 127632647644864 patch_match_options.cc:63] filter: 0
I20261001 02:08:56.606673 127632647644864 patch_match_options.cc:64] filter_min_ncc: 0.1
I20261001 02:08:56.606674 127632647644864 patch_match_options.cc:65] filter_min_triangulation_angle: 3
I20261001 02:08:56.606676 127632647644864 patch_match_options.cc:66] filter_min_num_consistent: 2
I20261001 02:08:56.606677 127632647644864 patch_match_options.cc:67] filter_geom_consistency_max_cost: 1
I20261001 02:08:56.606678 127632647644864 patch_match_options.cc:68] write_consistency_graph: 0
I20261001 02:08:56.606680 127632647644864 patch_match_options.cc:69] allow_missing_files: 0
I20261001 02:08:56.606681 127632647644864 patch_match_options.cc:70] num_threads: 2
I20261001 02:08:56.606682 127632647644864 patch_match.cc:129] --- PatchMatch::Run ---
I20261001 02:08:56.629316 127632647644864 cudacc.cc:52] Initialization: 0.0208s
I20261001 02:08:56.812984 127632647644864 cudacc.cc:52]  Sweep 1: 0.1836s
I20261001 02:08:57.043836 127632647644864 cudacc.cc:52]  Sweep 2: 0.2308s
I20261001 02:08:57.221098 127632647644864 cudacc.cc:52]  Sweep 3: 0.1772s
I20261001 02:08:57.447857 127632647644864 cudacc.cc:52]  Sweep 4: 0.2267s
I20261001 02:08:57.447893 127632647644864 cudacc.cc:52] Iteration 1: 0.8186s
I20261001 02:08:57.624116 127632647644864 cudacc.cc:52]  Sweep 1: 0.1762s
I20261001 02:08:57.850586 127632647644864 cudacc.cc:52]  Sweep 2: 0.2264s
I20261001 02:08:58.034901 127632647644864 cudacc.cc:52]  Sweep 3: 0.1843s
I20261001 02:08:58.264099 127632647644864 cudacc.cc:52]  Sweep 4: 0.2292s
I20261001 02:08:58.264139 127632647644864 cudacc.cc:52] Iteration 2: 0.8162s
I20261001 02:08:58.450341 127632647644864 cudacc.cc:52]  Sweep 1: 0.1862s
I20261001 02:08:58.669816 127632647644864 cudacc.cc:52]  Sweep 2: 0.2194s
I20261001 02:08:58.843289 127632647644864 cudacc.cc:52]  Sweep 3: 0.1734s
I20261001 02:08:59.052718 127632647644864 cudacc.cc:52]  Sweep 4: 0.2094s
I20261001 02:08:59.052755 127632647644864 cudacc.cc:52] Iteration 3: 0.7886s
I20261001 02:08:59.220048 127632647644864 cudacc.cc:52]  Sweep 1: 0.1673s
I20261001 02:08:59.432825 127632647644864 cudacc.cc:52]  Sweep 2: 0.2127s
I20261001 02:08:59.597691 127632647644864 cudacc.cc:52]  Sweep 3: 0.1648s
I20261001 02:08:59.808709 127632647644864 cudacc.cc:52]  Sweep 4: 0.2110s
I20261001 02:08:59.808741 127632647644864 cudacc.cc:52] Iteration 4: 0.7560s
I20261001 02:08:59.965276 127632647644864 cudacc.cc:52]  Sweep 1: 0.1565s
I20261001 02:09:00.174098 127632647644864 cudacc.cc:52]  Sweep 2: 0.2088s
I20261001 02:09:00.329479 127632647644864 cudacc.cc:52]  Sweep 3: 0.1554s
I20261001 02:09:00.537087 127632647644864 cudacc.cc:52]  Sweep 4: 0.2076s
I20261001 02:09:00.537115 127632647644864 cudacc.cc:52] Iteration 5: 0.7284s
I20261001 02:09:00.537122 127632647644864 cudacc.cc:52] Total: 3.9286s
I20261001 02:09:00.537125 127632647644864 patch_match.cc:525] 
Writing photometric output for 0007.png
I20261001 02:09:00.561320 127632656037568 timer.cc:90] Elapsed time: 0.066 [minutes]
DONE 12 4.02
JOB 13 122 geo 0022.png True
I20261001 02:09:00.641349 127632647644864 patch_match.cc:210] Reading workspace...
I20261001 02:09:00.641522 127632647644864 patch_match.cc:240] Reading configuration...
I20261001 02:09:00.641542 127632647644864 patch_match.cc:371] Configuration has 1 problems...
I20261001 02:09:00.641691 127632630859456 patch_match.cc:416] === Processing view 1 / 1 for 0022.png ===
I20261001 02:09:00.641718 127632630859456 patch_match.cc:466] Reading inputs...
I20261001 02:09:00.729277 127632630859456 patch_match.cc:56] --- PatchMatch::Problem ---
I20261001 02:09:00.729310 127632630859456 patch_match.cc:57] ref_image_idx: 0
I20261001 02:09:00.729313 127632630859456 patch_match.cc:64] src_image_idxs: 4 3 2 1
I20261001 02:09:00.729315 127632630859456 patch_match_options.cc:46] --- PatchMatchOptions ---
I20261001 02:09:00.729316 127632630859456 patch_match_options.cc:47] max_image_size: -1
I20261001 02:09:00.729322 127632630859456 patch_match_options.cc:48] gpu_index: 0
I20261001 02:09:00.729324 127632630859456 patch_match_options.cc:49] depth_min: 528
I20261001 02:09:00.729330 127632630859456 patch_match_options.cc:50] depth_max: 704
I20261001 02:09:00.729331 127632630859456 patch_match_options.cc:51] window_radius: 5
I20261001 02:09:00.729332 127632630859456 patch_match_options.cc:52] window_step: 1
I20261001 02:09:00.729334 127632630859456 patch_match_options.cc:53] sigma_spatial: 5
I20261001 02:09:00.729335 127632630859456 patch_match_options.cc:54] sigma_color: 0.2
I20261001 02:09:00.729337 127632630859456 patch_match_options.cc:55] num_samples: 15
I20261001 02:09:00.729338 127632630859456 patch_match_options.cc:56] ncc_sigma: 0.6
I20261001 02:09:00.729340 127632630859456 patch_match_options.cc:57] min_triangulation_angle: 1
I20261001 02:09:00.729341 127632630859456 patch_match_options.cc:58] incident_angle_sigma: 0.9
I20261001 02:09:00.729343 127632630859456 patch_match_options.cc:59] num_iterations: 5
I20261001 02:09:00.729344 127632630859456 patch_match_options.cc:60] geom_consistency: 1
I20261001 02:09:00.729345 127632630859456 patch_match_options.cc:61] geom_consistency_regularizer: 0.3
I20261001 02:09:00.729347 127632630859456 patch_match_options.cc:62] geom_consistency_max_cost: 3
I20261001 02:09:00.729348 127632630859456 patch_match_options.cc:63] filter: 1
I20261001 02:09:00.729349 127632630859456 patch_match_options.cc:64] filter_min_ncc: 0.1
I20261001 02:09:00.729351 127632630859456 patch_match_options.cc:65] filter_min_triangulation_angle: 3
I20261001 02:09:00.729352 127632630859456 patch_match_options.cc:66] filter_min_num_consistent: 2
I20261001 02:09:00.729354 127632630859456 patch_match_options.cc:67] filter_geom_consistency_max_cost: 1
I20261001 02:09:00.729355 127632630859456 patch_match_options.cc:68] write_consistency_graph: 0
I20261001 02:09:00.729356 127632630859456 patch_match_options.cc:69] allow_missing_files: 0
I20261001 02:09:00.729357 127632630859456 patch_match_options.cc:70] num_threads: 2
I20261001 02:09:00.729359 127632630859456 patch_match.cc:129] --- PatchMatch::Run ---
I20261001 02:09:00.748816 127632630859456 cudacc.cc:52] Initialization: 0.0156s
I20261001 02:09:01.077252 127632630859456 cudacc.cc:52]  Sweep 1: 0.3284s
I20261001 02:09:01.488464 127632630859456 cudacc.cc:52]  Sweep 2: 0.4112s
I20261001 02:09:01.814207 127632630859456 cudacc.cc:52]  Sweep 3: 0.3257s
I20261001 02:09:02.221762 127632630859456 cudacc.cc:52]  Sweep 4: 0.4075s
I20261001 02:09:02.221795 127632630859456 cudacc.cc:52] Iteration 1: 1.4730s
I20261001 02:09:02.545610 127632630859456 cudacc.cc:52]  Sweep 1: 0.3238s
I20261001 02:09:02.957266 127632630859456 cudacc.cc:52]  Sweep 2: 0.4116s
I20261001 02:09:03.277492 127632630859456 cudacc.cc:52]  Sweep 3: 0.3202s
I20261001 02:09:03.678200 127632630859456 cudacc.cc:52]  Sweep 4: 0.4007s
I20261001 02:09:03.678234 127632630859456 cudacc.cc:52] Iteration 2: 1.4564s
I20261001 02:09:03.994911 127632630859456 cudacc.cc:52]  Sweep 1: 0.3167s
I20261001 02:09:04.401846 127632630859456 cudacc.cc:52]  Sweep 2: 0.4069s
I20261001 02:09:04.711047 127632630859456 cudacc.cc:52]  Sweep 3: 0.3092s
I20261001 02:09:05.102975 127632630859456 cudacc.cc:52]  Sweep 4: 0.3919s
I20261001 02:09:05.103024 127632630859456 cudacc.cc:52] Iteration 3: 1.4248s
I20261001 02:09:05.406606 127632630859456 cudacc.cc:52]  Sweep 1: 0.3036s
I20261001 02:09:05.802117 127632630859456 cudacc.cc:52]  Sweep 2: 0.3955s
I20261001 02:09:06.099079 127632630859456 cudacc.cc:52]  Sweep 3: 0.2969s
I20261001 02:09:06.501118 127632630859456 cudacc.cc:52]  Sweep 4: 0.4020s
I20261001 02:09:06.501154 127632630859456 cudacc.cc:52] Iteration 4: 1.3981s
I20261001 02:09:06.805531 127632630859456 cudacc.cc:52]  Sweep 1: 0.3044s
I20261001 02:09:07.183055 127632630859456 cudacc.cc:52]  Sweep 2: 0.3775s
I20261001 02:09:07.470146 127632630859456 cudacc.cc:52]  Sweep 3: 0.2870s
I20261001 02:09:07.804901 127632630859456 cudacc.cc:52]  Sweep 4: 0.3347s
I20261001 02:09:07.804935 127632630859456 cudacc.cc:52] Iteration 5: 1.3038s
I20261001 02:09:07.804947 127632630859456 cudacc.cc:52] Total: 7.0718s
I20261001 02:09:07.804950 127632630859456 patch_match.cc:525] 
Writing geometric output for 0022.png
I20261001 02:09:07.829476 127632647644864 timer.cc:90] Elapsed time: 0.120 [minutes]
DONE 13 7.22
PREDICTIONS_SEALED 106
