JOB 0 {'scene': 24, 'variant': 'photo', 'workspace': '/srv/slam-research/grf/map-denoise/runs/colmap-fixed-pixels-20260930T172250Z/workspaces/scan24/photo', 'reference': '0022.png', 'options': {'max_image_size': -1, 'gpu_index': '0', 'depth_min': 559.0, 'depth_max': 786.0, 'window_radius': 5, 'window_step': 1, 'sigma_spatial': -1.0, 'sigma_color': 0.20000000298023224, 'num_samples': 15, 'ncc_sigma': 0.6000000238418579, 'min_triangulation_angle': 1.0, 'incident_angle_sigma': 0.8999999761581421, 'num_iterations': 5, 'geom_consistency': False, 'geom_consistency_regularizer': 0.30000001192092896, 'geom_consistency_max_cost': 3.0, 'filter': True, 'filter_min_ncc': 0.10000000149011612, 'filter_min_triangulation_angle': 3.0, 'filter_min_num_consistent': 2, 'filter_geom_consistency_max_cost': 1.0, 'cache_size': 2.0, 'allow_missing_files': False, 'write_consistency_graph': False, 'num_threads': 2}, 'config': '/srv/slam-research/grf/map-denoise/runs/colmap-fixed-pixels-20260930T172250Z/workspaces/scan24/photo/configs/0022.png.cfg'}
I20261001 01:33:41.458869 128417859106496 patch_match.cc:210] Reading workspace...
I20261001 01:33:41.459048 128417859106496 patch_match.cc:240] Reading configuration...
I20261001 01:33:41.459064 128417859106496 patch_match.cc:371] Configuration has 1 problems...
I20261001 01:33:41.459162 128417850713792 patch_match.cc:416] === Processing view 1 / 1 for 0022.png ===
I20261001 01:33:41.459177 128417850713792 patch_match.cc:466] Reading inputs...
I20261001 01:33:41.483767 128417850713792 patch_match.cc:56] --- PatchMatch::Problem ---
I20261001 01:33:41.483784 128417850713792 patch_match.cc:57] ref_image_idx: 0
I20261001 01:33:41.483786 128417850713792 patch_match.cc:64] src_image_idxs: 4 3 2 1
I20261001 01:33:41.483787 128417850713792 patch_match_options.cc:46] --- PatchMatchOptions ---
I20261001 01:33:41.483789 128417850713792 patch_match_options.cc:47] max_image_size: -1
I20261001 01:33:41.483790 128417850713792 patch_match_options.cc:48] gpu_index: 0
I20261001 01:33:41.483791 128417850713792 patch_match_options.cc:49] depth_min: 559
I20261001 01:33:41.483795 128417850713792 patch_match_options.cc:50] depth_max: 786
I20261001 01:33:41.483797 128417850713792 patch_match_options.cc:51] window_radius: 5
I20261001 01:33:41.483798 128417850713792 patch_match_options.cc:52] window_step: 1
I20261001 01:33:41.483799 128417850713792 patch_match_options.cc:53] sigma_spatial: 5
I20261001 01:33:41.483801 128417850713792 patch_match_options.cc:54] sigma_color: 0.2
I20261001 01:33:41.483802 128417850713792 patch_match_options.cc:55] num_samples: 15
I20261001 01:33:41.483804 128417850713792 patch_match_options.cc:56] ncc_sigma: 0.6
I20261001 01:33:41.483805 128417850713792 patch_match_options.cc:57] min_triangulation_angle: 1
I20261001 01:33:41.483806 128417850713792 patch_match_options.cc:58] incident_angle_sigma: 0.9
I20261001 01:33:41.483808 128417850713792 patch_match_options.cc:59] num_iterations: 5
I20261001 01:33:41.483809 128417850713792 patch_match_options.cc:60] geom_consistency: 0
I20261001 01:33:41.483810 128417850713792 patch_match_options.cc:61] geom_consistency_regularizer: 0.3
I20261001 01:33:41.483812 128417850713792 patch_match_options.cc:62] geom_consistency_max_cost: 3
I20261001 01:33:41.483813 128417850713792 patch_match_options.cc:63] filter: 1
I20261001 01:33:41.483814 128417850713792 patch_match_options.cc:64] filter_min_ncc: 0.1
I20261001 01:33:41.483816 128417850713792 patch_match_options.cc:65] filter_min_triangulation_angle: 3
I20261001 01:33:41.483817 128417850713792 patch_match_options.cc:66] filter_min_num_consistent: 2
I20261001 01:33:41.483818 128417850713792 patch_match_options.cc:67] filter_geom_consistency_max_cost: 1
I20261001 01:33:41.483820 128417850713792 patch_match_options.cc:68] write_consistency_graph: 0
I20261001 01:33:41.483821 128417850713792 patch_match_options.cc:69] allow_missing_files: 0
I20261001 01:33:41.483822 128417850713792 patch_match_options.cc:70] num_threads: 2
I20261001 01:33:41.483824 128417850713792 patch_match.cc:129] --- PatchMatch::Run ---
I20261001 01:33:41.796982 128417850713792 cudacc.cc:52] Initialization: 0.0208s
I20261001 01:33:41.986493 128417850713792 cudacc.cc:52]  Sweep 1: 0.1894s
I20261001 01:33:42.215061 128417850713792 cudacc.cc:52]  Sweep 2: 0.2285s
I20261001 01:33:42.393451 128417850713792 cudacc.cc:52]  Sweep 3: 0.1783s
I20261001 01:33:42.624110 128417850713792 cudacc.cc:52]  Sweep 4: 0.2306s
I20261001 01:33:42.624142 128417850713792 cudacc.cc:52] Iteration 1: 0.8270s
I20261001 01:33:42.800983 128417850713792 cudacc.cc:52]  Sweep 1: 0.1768s
I20261001 01:33:43.028820 128417850713792 cudacc.cc:52]  Sweep 2: 0.2278s
I20261001 01:33:43.204769 128417850713792 cudacc.cc:52]  Sweep 3: 0.1759s
I20261001 01:33:43.430998 128417850713792 cudacc.cc:52]  Sweep 4: 0.2262s
I20261001 01:33:43.431036 128417850713792 cudacc.cc:52] Iteration 2: 0.8069s
I20261001 01:33:43.606247 128417850713792 cudacc.cc:52]  Sweep 1: 0.1752s
I20261001 01:33:43.828621 128417850713792 cudacc.cc:52]  Sweep 2: 0.2223s
I20261001 01:33:44.002971 128417850713792 cudacc.cc:52]  Sweep 3: 0.1743s
I20261001 01:33:44.218252 128417850713792 cudacc.cc:52]  Sweep 4: 0.2152s
I20261001 01:33:44.218287 128417850713792 cudacc.cc:52] Iteration 3: 0.7872s
I20261001 01:33:44.394181 128417850713792 cudacc.cc:52]  Sweep 1: 0.1759s
I20261001 01:33:44.600053 128417850713792 cudacc.cc:52]  Sweep 2: 0.2058s
I20261001 01:33:44.773677 128417850713792 cudacc.cc:52]  Sweep 3: 0.1736s
I20261001 01:33:44.988298 128417850713792 cudacc.cc:52]  Sweep 4: 0.2146s
I20261001 01:33:44.988332 128417850713792 cudacc.cc:52] Iteration 4: 0.7700s
I20261001 01:33:45.169149 128417850713792 cudacc.cc:52]  Sweep 1: 0.1808s
I20261001 01:33:45.379292 128417850713792 cudacc.cc:52]  Sweep 2: 0.2101s
I20261001 01:33:45.555217 128417850713792 cudacc.cc:52]  Sweep 3: 0.1759s
I20261001 01:33:45.790431 128417850713792 cudacc.cc:52]  Sweep 4: 0.2352s
I20261001 01:33:45.790464 128417850713792 cudacc.cc:52] Iteration 5: 0.8021s
I20261001 01:33:45.790471 128417850713792 cudacc.cc:52] Total: 4.0177s
I20261001 01:33:45.790474 128417850713792 patch_match.cc:525] 
Writing photometric output for 0022.png
I20261001 01:33:45.817198 128417859106496 timer.cc:90] Elapsed time: 0.073 [minutes]
DONE 0 4.42
JOB 1 {'scene': 24, 'variant': 'geo', 'workspace': '/srv/slam-research/grf/map-denoise/runs/colmap-fixed-pixels-20260930T172250Z/workspaces/scan24/geo', 'reference': '0022.png', 'options': {'max_image_size': -1, 'gpu_index': '0', 'depth_min': 559.0, 'depth_max': 786.0, 'window_radius': 5, 'window_step': 1, 'sigma_spatial': -1.0, 'sigma_color': 0.20000000298023224, 'num_samples': 15, 'ncc_sigma': 0.6000000238418579, 'min_triangulation_angle': 1.0, 'incident_angle_sigma': 0.8999999761581421, 'num_iterations': 5, 'geom_consistency': False, 'geom_consistency_regularizer': 0.30000001192092896, 'geom_consistency_max_cost': 3.0, 'filter': False, 'filter_min_ncc': 0.10000000149011612, 'filter_min_triangulation_angle': 3.0, 'filter_min_num_consistent': 2, 'filter_geom_consistency_max_cost': 1.0, 'cache_size': 2.0, 'allow_missing_files': False, 'write_consistency_graph': False, 'num_threads': 2}, 'config': '/srv/slam-research/grf/map-denoise/runs/colmap-fixed-pixels-20260930T172250Z/workspaces/scan24/geo/configs/0022.png.cfg'}
I20261001 01:33:45.901989 128417850713792 patch_match.cc:210] Reading workspace...
I20261001 01:33:45.902177 128417850713792 patch_match.cc:240] Reading configuration...
I20261001 01:33:45.902196 128417850713792 patch_match.cc:371] Configuration has 1 problems...
I20261001 01:33:45.902328 128417833928384 patch_match.cc:416] === Processing view 1 / 1 for 0022.png ===
I20261001 01:33:45.902349 128417833928384 patch_match.cc:466] Reading inputs...
I20261001 01:33:45.921315 128417833928384 patch_match.cc:56] --- PatchMatch::Problem ---
I20261001 01:33:45.921336 128417833928384 patch_match.cc:57] ref_image_idx: 0
I20261001 01:33:45.921339 128417833928384 patch_match.cc:64] src_image_idxs: 4 3 2 1
I20261001 01:33:45.921341 128417833928384 patch_match_options.cc:46] --- PatchMatchOptions ---
I20261001 01:33:45.921342 128417833928384 patch_match_options.cc:47] max_image_size: -1
I20261001 01:33:45.921349 128417833928384 patch_match_options.cc:48] gpu_index: 0
I20261001 01:33:45.921351 128417833928384 patch_match_options.cc:49] depth_min: 559
I20261001 01:33:45.921357 128417833928384 patch_match_options.cc:50] depth_max: 786
I20261001 01:33:45.921359 128417833928384 patch_match_options.cc:51] window_radius: 5
I20261001 01:33:45.921360 128417833928384 patch_match_options.cc:52] window_step: 1
I20261001 01:33:45.921361 128417833928384 patch_match_options.cc:53] sigma_spatial: 5
I20261001 01:33:45.921363 128417833928384 patch_match_options.cc:54] sigma_color: 0.2
I20261001 01:33:45.921365 128417833928384 patch_match_options.cc:55] num_samples: 15
I20261001 01:33:45.921366 128417833928384 patch_match_options.cc:56] ncc_sigma: 0.6
I20261001 01:33:45.921368 128417833928384 patch_match_options.cc:57] min_triangulation_angle: 1
I20261001 01:33:45.921369 128417833928384 patch_match_options.cc:58] incident_angle_sigma: 0.9
I20261001 01:33:45.921371 128417833928384 patch_match_options.cc:59] num_iterations: 5
I20261001 01:33:45.921372 128417833928384 patch_match_options.cc:60] geom_consistency: 0
I20261001 01:33:45.921374 128417833928384 patch_match_options.cc:61] geom_consistency_regularizer: 0.3
I20261001 01:33:45.921375 128417833928384 patch_match_options.cc:62] geom_consistency_max_cost: 3
I20261001 01:33:45.921376 128417833928384 patch_match_options.cc:63] filter: 0
I20261001 01:33:45.921378 128417833928384 patch_match_options.cc:64] filter_min_ncc: 0.1
I20261001 01:33:45.921379 128417833928384 patch_match_options.cc:65] filter_min_triangulation_angle: 3
I20261001 01:33:45.921381 128417833928384 patch_match_options.cc:66] filter_min_num_consistent: 2
I20261001 01:33:45.921382 128417833928384 patch_match_options.cc:67] filter_geom_consistency_max_cost: 1
I20261001 01:33:45.921383 128417833928384 patch_match_options.cc:68] write_consistency_graph: 0
I20261001 01:33:45.921385 128417833928384 patch_match_options.cc:69] allow_missing_files: 0
I20261001 01:33:45.921386 128417833928384 patch_match_options.cc:70] num_threads: 2
I20261001 01:33:45.921388 128417833928384 patch_match.cc:129] --- PatchMatch::Run ---
I20261001 01:33:45.941896 128417833928384 cudacc.cc:52] Initialization: 0.0181s
I20261001 01:33:46.123509 128417833928384 cudacc.cc:52]  Sweep 1: 0.1816s
I20261001 01:33:46.351028 128417833928384 cudacc.cc:52]  Sweep 2: 0.2275s
I20261001 01:33:46.529969 128417833928384 cudacc.cc:52]  Sweep 3: 0.1789s
I20261001 01:33:46.759369 128417833928384 cudacc.cc:52]  Sweep 4: 0.2294s
I20261001 01:33:46.759403 128417833928384 cudacc.cc:52] Iteration 1: 0.8175s
I20261001 01:33:46.936151 128417833928384 cudacc.cc:52]  Sweep 1: 0.1767s
I20261001 01:33:47.165074 128417833928384 cudacc.cc:52]  Sweep 2: 0.2289s
I20261001 01:33:47.340286 128417833928384 cudacc.cc:52]  Sweep 3: 0.1752s
I20261001 01:33:47.566403 128417833928384 cudacc.cc:52]  Sweep 4: 0.2261s
I20261001 01:33:47.566435 128417833928384 cudacc.cc:52] Iteration 2: 0.8070s
I20261001 01:33:47.742200 128417833928384 cudacc.cc:52]  Sweep 1: 0.1758s
I20261001 01:33:47.963067 128417833928384 cudacc.cc:52]  Sweep 2: 0.2208s
I20261001 01:33:48.139431 128417833928384 cudacc.cc:52]  Sweep 3: 0.1763s
I20261001 01:33:48.355542 128417833928384 cudacc.cc:52]  Sweep 4: 0.2161s
I20261001 01:33:48.355582 128417833928384 cudacc.cc:52] Iteration 3: 0.7891s
I20261001 01:33:48.530666 128417833928384 cudacc.cc:52]  Sweep 1: 0.1751s
I20261001 01:33:48.736469 128417833928384 cudacc.cc:52]  Sweep 2: 0.2058s
I20261001 01:33:48.910857 128417833928384 cudacc.cc:52]  Sweep 3: 0.1743s
I20261001 01:33:49.127813 128417833928384 cudacc.cc:52]  Sweep 4: 0.2169s
I20261001 01:33:49.127848 128417833928384 cudacc.cc:52] Iteration 4: 0.7723s
I20261001 01:33:49.307505 128417833928384 cudacc.cc:52]  Sweep 1: 0.1796s
I20261001 01:33:49.514758 128417833928384 cudacc.cc:52]  Sweep 2: 0.2072s
I20261001 01:33:49.687250 128417833928384 cudacc.cc:52]  Sweep 3: 0.1725s
I20261001 01:33:49.895816 128417833928384 cudacc.cc:52]  Sweep 4: 0.2085s
I20261001 01:33:49.895852 128417833928384 cudacc.cc:52] Iteration 5: 0.7680s
I20261001 01:33:49.895864 128417833928384 cudacc.cc:52] Total: 3.9721s
I20261001 01:33:49.895866 128417833928384 patch_match.cc:525] 
Writing photometric output for 0022.png
I20261001 01:33:49.921099 128417850713792 timer.cc:90] Elapsed time: 0.067 [minutes]
DONE 1 4.07
JOB 2 {'scene': 24, 'variant': 'geo', 'workspace': '/srv/slam-research/grf/map-denoise/runs/colmap-fixed-pixels-20260930T172250Z/workspaces/scan24/geo', 'reference': '0016.png', 'options': {'max_image_size': -1, 'gpu_index': '0', 'depth_min': 536.0, 'depth_max': 816.0, 'window_radius': 5, 'window_step': 1, 'sigma_spatial': -1.0, 'sigma_color': 0.20000000298023224, 'num_samples': 15, 'ncc_sigma': 0.6000000238418579, 'min_triangulation_angle': 1.0, 'incident_angle_sigma': 0.8999999761581421, 'num_iterations': 5, 'geom_consistency': False, 'geom_consistency_regularizer': 0.30000001192092896, 'geom_consistency_max_cost': 3.0, 'filter': False, 'filter_min_ncc': 0.10000000149011612, 'filter_min_triangulation_angle': 3.0, 'filter_min_num_consistent': 2, 'filter_geom_consistency_max_cost': 1.0, 'cache_size': 2.0, 'allow_missing_files': False, 'write_consistency_graph': False, 'num_threads': 2}, 'config': '/srv/slam-research/grf/map-denoise/runs/colmap-fixed-pixels-20260930T172250Z/workspaces/scan24/geo/configs/0016.png.cfg'}
I20261001 01:33:49.988059 128417833928384 patch_match.cc:210] Reading workspace...
I20261001 01:33:49.988276 128417833928384 patch_match.cc:240] Reading configuration...
I20261001 01:33:49.988301 128417833928384 patch_match.cc:371] Configuration has 1 problems...
I20261001 01:33:49.988450 128417859106496 patch_match.cc:416] === Processing view 1 / 1 for 0016.png ===
I20261001 01:33:49.988480 128417859106496 patch_match.cc:466] Reading inputs...
I20261001 01:33:50.006612 128417859106496 patch_match.cc:56] --- PatchMatch::Problem ---
I20261001 01:33:50.006635 128417859106496 patch_match.cc:57] ref_image_idx: 1
I20261001 01:33:50.006639 128417859106496 patch_match.cc:64] src_image_idxs: 4 3 2 0
I20261001 01:33:50.006641 128417859106496 patch_match_options.cc:46] --- PatchMatchOptions ---
I20261001 01:33:50.006643 128417859106496 patch_match_options.cc:47] max_image_size: -1
I20261001 01:33:50.006645 128417859106496 patch_match_options.cc:48] gpu_index: 0
I20261001 01:33:50.006647 128417859106496 patch_match_options.cc:49] depth_min: 536
I20261001 01:33:50.006655 128417859106496 patch_match_options.cc:50] depth_max: 816
I20261001 01:33:50.006657 128417859106496 patch_match_options.cc:51] window_radius: 5
I20261001 01:33:50.006659 128417859106496 patch_match_options.cc:52] window_step: 1
I20261001 01:33:50.006660 128417859106496 patch_match_options.cc:53] sigma_spatial: 5
I20261001 01:33:50.006663 128417859106496 patch_match_options.cc:54] sigma_color: 0.2
I20261001 01:33:50.006665 128417859106496 patch_match_options.cc:55] num_samples: 15
I20261001 01:33:50.006667 128417859106496 patch_match_options.cc:56] ncc_sigma: 0.6
I20261001 01:33:50.006670 128417859106496 patch_match_options.cc:57] min_triangulation_angle: 1
I20261001 01:33:50.006672 128417859106496 patch_match_options.cc:58] incident_angle_sigma: 0.9
I20261001 01:33:50.006674 128417859106496 patch_match_options.cc:59] num_iterations: 5
I20261001 01:33:50.006690 128417859106496 patch_match_options.cc:60] geom_consistency: 0
I20261001 01:33:50.006692 128417859106496 patch_match_options.cc:61] geom_consistency_regularizer: 0.3
I20261001 01:33:50.006694 128417859106496 patch_match_options.cc:62] geom_consistency_max_cost: 3
I20261001 01:33:50.006697 128417859106496 patch_match_options.cc:63] filter: 0
I20261001 01:33:50.006699 128417859106496 patch_match_options.cc:64] filter_min_ncc: 0.1
I20261001 01:33:50.006701 128417859106496 patch_match_options.cc:65] filter_min_triangulation_angle: 3
I20261001 01:33:50.006703 128417859106496 patch_match_options.cc:66] filter_min_num_consistent: 2
I20261001 01:33:50.006705 128417859106496 patch_match_options.cc:67] filter_geom_consistency_max_cost: 1
I20261001 01:33:50.006708 128417859106496 patch_match_options.cc:68] write_consistency_graph: 0
I20261001 01:33:50.006716 128417859106496 patch_match_options.cc:69] allow_missing_files: 0
I20261001 01:33:50.006717 128417859106496 patch_match_options.cc:70] num_threads: 2
I20261001 01:33:50.006720 128417859106496 patch_match.cc:129] --- PatchMatch::Run ---
I20261001 01:33:50.029740 128417859106496 cudacc.cc:52] Initialization: 0.0209s
I20261001 01:33:50.209424 128417859106496 cudacc.cc:52]  Sweep 1: 0.1796s
I20261001 01:33:50.439536 128417859106496 cudacc.cc:52]  Sweep 2: 0.2301s
I20261001 01:33:50.616770 128417859106496 cudacc.cc:52]  Sweep 3: 0.1772s
I20261001 01:33:50.848302 128417859106496 cudacc.cc:52]  Sweep 4: 0.2315s
I20261001 01:33:50.848334 128417859106496 cudacc.cc:52] Iteration 1: 0.8186s
I20261001 01:33:51.027846 128417859106496 cudacc.cc:52]  Sweep 1: 0.1795s
I20261001 01:33:51.255338 128417859106496 cudacc.cc:52]  Sweep 2: 0.2274s
I20261001 01:33:51.432698 128417859106496 cudacc.cc:52]  Sweep 3: 0.1773s
I20261001 01:33:51.660844 128417859106496 cudacc.cc:52]  Sweep 4: 0.2281s
I20261001 01:33:51.660874 128417859106496 cudacc.cc:52] Iteration 2: 0.8125s
I20261001 01:33:51.838877 128417859106496 cudacc.cc:52]  Sweep 1: 0.1780s
I20261001 01:33:52.064416 128417859106496 cudacc.cc:52]  Sweep 2: 0.2255s
I20261001 01:33:52.241399 128417859106496 cudacc.cc:52]  Sweep 3: 0.1769s
I20261001 01:33:52.462306 128417859106496 cudacc.cc:52]  Sweep 4: 0.2209s
I20261001 01:33:52.462333 128417859106496 cudacc.cc:52] Iteration 3: 0.8014s
I20261001 01:33:52.640229 128417859106496 cudacc.cc:52]  Sweep 1: 0.1779s
I20261001 01:33:52.853385 128417859106496 cudacc.cc:52]  Sweep 2: 0.2131s
I20261001 01:33:53.035320 128417859106496 cudacc.cc:52]  Sweep 3: 0.1819s
I20261001 01:33:53.255061 128417859106496 cudacc.cc:52]  Sweep 4: 0.2197s
I20261001 01:33:53.255094 128417859106496 cudacc.cc:52] Iteration 4: 0.7928s
I20261001 01:33:53.439449 128417859106496 cudacc.cc:52]  Sweep 1: 0.1843s
I20261001 01:33:53.650685 128417859106496 cudacc.cc:52]  Sweep 2: 0.2112s
I20261001 01:33:53.825988 128417859106496 cudacc.cc:52]  Sweep 3: 0.1753s
I20261001 01:33:54.040739 128417859106496 cudacc.cc:52]  Sweep 4: 0.2147s
I20261001 01:33:54.040776 128417859106496 cudacc.cc:52] Iteration 5: 0.7857s
I20261001 01:33:54.040783 128417859106496 cudacc.cc:52] Total: 4.0319s
I20261001 01:33:54.040786 128417859106496 patch_match.cc:525] 
Writing photometric output for 0016.png
I20261001 01:33:54.065362 128417833928384 timer.cc:90] Elapsed time: 0.068 [minutes]
DONE 2 4.12
JOB 3 {'scene': 24, 'variant': 'geo', 'workspace': '/srv/slam-research/grf/map-denoise/runs/colmap-fixed-pixels-20260930T172250Z/workspaces/scan24/geo', 'reference': '0035.png', 'options': {'max_image_size': -1, 'gpu_index': '0', 'depth_min': 522.0, 'depth_max': 836.0, 'window_radius': 5, 'window_step': 1, 'sigma_spatial': -1.0, 'sigma_color': 0.20000000298023224, 'num_samples': 15, 'ncc_sigma': 0.6000000238418579, 'min_triangulation_angle': 1.0, 'incident_angle_sigma': 0.8999999761581421, 'num_iterations': 5, 'geom_consistency': False, 'geom_consistency_regularizer': 0.30000001192092896, 'geom_consistency_max_cost': 3.0, 'filter': False, 'filter_min_ncc': 0.10000000149011612, 'filter_min_triangulation_angle': 3.0, 'filter_min_num_consistent': 2, 'filter_geom_consistency_max_cost': 1.0, 'cache_size': 2.0, 'allow_missing_files': False, 'write_consistency_graph': False, 'num_threads': 2}, 'config': '/srv/slam-research/grf/map-denoise/runs/colmap-fixed-pixels-20260930T172250Z/workspaces/scan24/geo/configs/0035.png.cfg'}
I20261001 01:33:54.128285 128417859106496 patch_match.cc:210] Reading workspace...
I20261001 01:33:54.128396 128417859106496 patch_match.cc:240] Reading configuration...
I20261001 01:33:54.128408 128417859106496 patch_match.cc:371] Configuration has 1 problems...
I20261001 01:33:54.128485 128417850713792 patch_match.cc:416] === Processing view 1 / 1 for 0035.png ===
I20261001 01:33:54.128500 128417850713792 patch_match.cc:466] Reading inputs...
I20261001 01:33:54.141612 128417850713792 patch_match.cc:56] --- PatchMatch::Problem ---
I20261001 01:33:54.141625 128417850713792 patch_match.cc:57] ref_image_idx: 2
I20261001 01:33:54.141633 128417850713792 patch_match.cc:64] src_image_idxs: 4 3 1 0
I20261001 01:33:54.141635 128417850713792 patch_match_options.cc:46] --- PatchMatchOptions ---
I20261001 01:33:54.141647 128417850713792 patch_match_options.cc:47] max_image_size: -1
I20261001 01:33:54.141648 128417850713792 patch_match_options.cc:48] gpu_index: 0
I20261001 01:33:54.141649 128417850713792 patch_match_options.cc:49] depth_min: 522
I20261001 01:33:54.141656 128417850713792 patch_match_options.cc:50] depth_max: 836
I20261001 01:33:54.141657 128417850713792 patch_match_options.cc:51] window_radius: 5
I20261001 01:33:54.141659 128417850713792 patch_match_options.cc:52] window_step: 1
I20261001 01:33:54.141660 128417850713792 patch_match_options.cc:53] sigma_spatial: 5
I20261001 01:33:54.141662 128417850713792 patch_match_options.cc:54] sigma_color: 0.2
I20261001 01:33:54.141664 128417850713792 patch_match_options.cc:55] num_samples: 15
I20261001 01:33:54.141665 128417850713792 patch_match_options.cc:56] ncc_sigma: 0.6
I20261001 01:33:54.141667 128417850713792 patch_match_options.cc:57] min_triangulation_angle: 1
I20261001 01:33:54.141668 128417850713792 patch_match_options.cc:58] incident_angle_sigma: 0.9
I20261001 01:33:54.141670 128417850713792 patch_match_options.cc:59] num_iterations: 5
I20261001 01:33:54.141671 128417850713792 patch_match_options.cc:60] geom_consistency: 0
I20261001 01:33:54.141673 128417850713792 patch_match_options.cc:61] geom_consistency_regularizer: 0.3
I20261001 01:33:54.141674 128417850713792 patch_match_options.cc:62] geom_consistency_max_cost: 3
I20261001 01:33:54.141676 128417850713792 patch_match_options.cc:63] filter: 0
I20261001 01:33:54.141677 128417850713792 patch_match_options.cc:64] filter_min_ncc: 0.1
I20261001 01:33:54.141679 128417850713792 patch_match_options.cc:65] filter_min_triangulation_angle: 3
I20261001 01:33:54.141680 128417850713792 patch_match_options.cc:66] filter_min_num_consistent: 2
I20261001 01:33:54.141682 128417850713792 patch_match_options.cc:67] filter_geom_consistency_max_cost: 1
I20261001 01:33:54.141683 128417850713792 patch_match_options.cc:68] write_consistency_graph: 0
I20261001 01:33:54.141685 128417850713792 patch_match_options.cc:69] allow_missing_files: 0
I20261001 01:33:54.141686 128417850713792 patch_match_options.cc:70] num_threads: 2
I20261001 01:33:54.141688 128417850713792 patch_match.cc:129] --- PatchMatch::Run ---
I20261001 01:33:54.163822 128417850713792 cudacc.cc:52] Initialization: 0.0202s
I20261001 01:33:54.345588 128417850713792 cudacc.cc:52]  Sweep 1: 0.1815s
I20261001 01:33:54.579480 128417850713792 cudacc.cc:52]  Sweep 2: 0.2339s
I20261001 01:33:54.763573 128417850713792 cudacc.cc:52]  Sweep 3: 0.1840s
I20261001 01:33:54.994965 128417850713792 cudacc.cc:52]  Sweep 4: 0.2314s
I20261001 01:33:54.994998 128417850713792 cudacc.cc:52] Iteration 1: 0.8310s
I20261001 01:33:55.176131 128417850713792 cudacc.cc:52]  Sweep 1: 0.1811s
I20261001 01:33:55.407298 128417850713792 cudacc.cc:52]  Sweep 2: 0.2311s
I20261001 01:33:55.586541 128417850713792 cudacc.cc:52]  Sweep 3: 0.1792s
I20261001 01:33:55.816713 128417850713792 cudacc.cc:52]  Sweep 4: 0.2301s
I20261001 01:33:55.816749 128417850713792 cudacc.cc:52] Iteration 2: 0.8217s
I20261001 01:33:55.995312 128417850713792 cudacc.cc:52]  Sweep 1: 0.1786s
I20261001 01:33:56.225701 128417850713792 cudacc.cc:52]  Sweep 2: 0.2304s
I20261001 01:33:56.404488 128417850713792 cudacc.cc:52]  Sweep 3: 0.1788s
I20261001 01:33:56.632126 128417850713792 cudacc.cc:52]  Sweep 4: 0.2276s
I20261001 01:33:56.632169 128417850713792 cudacc.cc:52] Iteration 3: 0.8154s
I20261001 01:33:56.810431 128417850713792 cudacc.cc:52]  Sweep 1: 0.1782s
I20261001 01:33:57.051100 128417850713792 cudacc.cc:52]  Sweep 2: 0.2406s
I20261001 01:33:57.234941 128417850713792 cudacc.cc:52]  Sweep 3: 0.1838s
I20261001 01:33:57.464498 128417850713792 cudacc.cc:52]  Sweep 4: 0.2295s
I20261001 01:33:57.464530 128417850713792 cudacc.cc:52] Iteration 4: 0.8324s
I20261001 01:33:57.642386 128417850713792 cudacc.cc:52]  Sweep 1: 0.1778s
I20261001 01:33:57.872613 128417850713792 cudacc.cc:52]  Sweep 2: 0.2302s
I20261001 01:33:58.052407 128417850713792 cudacc.cc:52]  Sweep 3: 0.1798s
I20261001 01:33:58.270332 128417850713792 cudacc.cc:52]  Sweep 4: 0.2179s
I20261001 01:33:58.270361 128417850713792 cudacc.cc:52] Iteration 5: 0.8058s
I20261001 01:33:58.270369 128417850713792 cudacc.cc:52] Total: 4.1267s
I20261001 01:33:58.270372 128417850713792 patch_match.cc:525] 
Writing photometric output for 0035.png
I20261001 01:33:58.297767 128417859106496 timer.cc:90] Elapsed time: 0.069 [minutes]
DONE 3 4.21
JOB 4 {'scene': 24, 'variant': 'geo', 'workspace': '/srv/slam-research/grf/map-denoise/runs/colmap-fixed-pixels-20260930T172250Z/workspaces/scan24/geo', 'reference': '0017.png', 'options': {'max_image_size': -1, 'gpu_index': '0', 'depth_min': 503.0, 'depth_max': 858.0, 'window_radius': 5, 'window_step': 1, 'sigma_spatial': -1.0, 'sigma_color': 0.20000000298023224, 'num_samples': 15, 'ncc_sigma': 0.6000000238418579, 'min_triangulation_angle': 1.0, 'incident_angle_sigma': 0.8999999761581421, 'num_iterations': 5, 'geom_consistency': False, 'geom_consistency_regularizer': 0.30000001192092896, 'geom_consistency_max_cost': 3.0, 'filter': False, 'filter_min_ncc': 0.10000000149011612, 'filter_min_triangulation_angle': 3.0, 'filter_min_num_consistent': 2, 'filter_geom_consistency_max_cost': 1.0, 'cache_size': 2.0, 'allow_missing_files': False, 'write_consistency_graph': False, 'num_threads': 2}, 'config': '/srv/slam-research/grf/map-denoise/runs/colmap-fixed-pixels-20260930T172250Z/workspaces/scan24/geo/configs/0017.png.cfg'}
I20261001 01:33:58.356602 128417850713792 patch_match.cc:210] Reading workspace...
I20261001 01:33:58.356706 128417850713792 patch_match.cc:240] Reading configuration...
I20261001 01:33:58.356717 128417850713792 patch_match.cc:371] Configuration has 1 problems...
I20261001 01:33:58.356794 128417833928384 patch_match.cc:416] === Processing view 1 / 1 for 0017.png ===
I20261001 01:33:58.356806 128417833928384 patch_match.cc:466] Reading inputs...
I20261001 01:33:58.368981 128417833928384 patch_match.cc:56] --- PatchMatch::Problem ---
I20261001 01:33:58.368988 128417833928384 patch_match.cc:57] ref_image_idx: 3
I20261001 01:33:58.368990 128417833928384 patch_match.cc:64] src_image_idxs: 4 2 1 0
I20261001 01:33:58.368992 128417833928384 patch_match_options.cc:46] --- PatchMatchOptions ---
I20261001 01:33:58.368993 128417833928384 patch_match_options.cc:47] max_image_size: -1
I20261001 01:33:58.368994 128417833928384 patch_match_options.cc:48] gpu_index: 0
I20261001 01:33:58.368995 128417833928384 patch_match_options.cc:49] depth_min: 503
I20261001 01:33:58.369003 128417833928384 patch_match_options.cc:50] depth_max: 858
I20261001 01:33:58.369005 128417833928384 patch_match_options.cc:51] window_radius: 5
I20261001 01:33:58.369006 128417833928384 patch_match_options.cc:52] window_step: 1
I20261001 01:33:58.369007 128417833928384 patch_match_options.cc:53] sigma_spatial: 5
I20261001 01:33:58.369009 128417833928384 patch_match_options.cc:54] sigma_color: 0.2
I20261001 01:33:58.369011 128417833928384 patch_match_options.cc:55] num_samples: 15
I20261001 01:33:58.369012 128417833928384 patch_match_options.cc:56] ncc_sigma: 0.6
I20261001 01:33:58.369013 128417833928384 patch_match_options.cc:57] min_triangulation_angle: 1
I20261001 01:33:58.369015 128417833928384 patch_match_options.cc:58] incident_angle_sigma: 0.9
I20261001 01:33:58.369016 128417833928384 patch_match_options.cc:59] num_iterations: 5
I20261001 01:33:58.369018 128417833928384 patch_match_options.cc:60] geom_consistency: 0
I20261001 01:33:58.369019 128417833928384 patch_match_options.cc:61] geom_consistency_regularizer: 0.3
I20261001 01:33:58.369020 128417833928384 patch_match_options.cc:62] geom_consistency_max_cost: 3
I20261001 01:33:58.369022 128417833928384 patch_match_options.cc:63] filter: 0
I20261001 01:33:58.369023 128417833928384 patch_match_options.cc:64] filter_min_ncc: 0.1
I20261001 01:33:58.369024 128417833928384 patch_match_options.cc:65] filter_min_triangulation_angle: 3
I20261001 01:33:58.369031 128417833928384 patch_match_options.cc:66] filter_min_num_consistent: 2
I20261001 01:33:58.369032 128417833928384 patch_match_options.cc:67] filter_geom_consistency_max_cost: 1
I20261001 01:33:58.369033 128417833928384 patch_match_options.cc:68] write_consistency_graph: 0
I20261001 01:33:58.369034 128417833928384 patch_match_options.cc:69] allow_missing_files: 0
I20261001 01:33:58.369036 128417833928384 patch_match_options.cc:70] num_threads: 2
I20261001 01:33:58.369037 128417833928384 patch_match.cc:129] --- PatchMatch::Run ---
I20261001 01:33:58.390826 128417833928384 cudacc.cc:52] Initialization: 0.0199s
I20261001 01:33:58.571600 128417833928384 cudacc.cc:52]  Sweep 1: 0.1807s
I20261001 01:33:58.808373 128417833928384 cudacc.cc:52]  Sweep 2: 0.2367s
I20261001 01:33:58.987679 128417833928384 cudacc.cc:52]  Sweep 3: 0.1793s
I20261001 01:33:59.224473 128417833928384 cudacc.cc:52]  Sweep 4: 0.2368s
I20261001 01:33:59.224506 128417833928384 cudacc.cc:52] Iteration 1: 0.8337s
I20261001 01:33:59.402013 128417833928384 cudacc.cc:52]  Sweep 1: 0.1775s
I20261001 01:33:59.635237 128417833928384 cudacc.cc:52]  Sweep 2: 0.2332s
I20261001 01:33:59.812343 128417833928384 cudacc.cc:52]  Sweep 3: 0.1771s
I20261001 01:34:00.048249 128417833928384 cudacc.cc:52]  Sweep 4: 0.2359s
I20261001 01:34:00.048285 128417833928384 cudacc.cc:52] Iteration 2: 0.8238s
I20261001 01:34:00.226681 128417833928384 cudacc.cc:52]  Sweep 1: 0.1784s
I20261001 01:34:00.456636 128417833928384 cudacc.cc:52]  Sweep 2: 0.2299s
I20261001 01:34:00.632403 128417833928384 cudacc.cc:52]  Sweep 3: 0.1757s
I20261001 01:34:00.862808 128417833928384 cudacc.cc:52]  Sweep 4: 0.2304s
I20261001 01:34:00.862840 128417833928384 cudacc.cc:52] Iteration 3: 0.8145s
I20261001 01:34:01.044611 128417833928384 cudacc.cc:52]  Sweep 1: 0.1818s
I20261001 01:34:01.275432 128417833928384 cudacc.cc:52]  Sweep 2: 0.2308s
I20261001 01:34:01.457241 128417833928384 cudacc.cc:52]  Sweep 3: 0.1818s
I20261001 01:34:01.678803 128417833928384 cudacc.cc:52]  Sweep 4: 0.2215s
I20261001 01:34:01.678832 128417833928384 cudacc.cc:52] Iteration 4: 0.8160s
I20261001 01:34:01.856527 128417833928384 cudacc.cc:52]  Sweep 1: 0.1777s
I20261001 01:34:02.074749 128417833928384 cudacc.cc:52]  Sweep 2: 0.2182s
I20261001 01:34:02.248949 128417833928384 cudacc.cc:52]  Sweep 3: 0.1742s
I20261001 01:34:02.466041 128417833928384 cudacc.cc:52]  Sweep 4: 0.2171s
I20261001 01:34:02.466078 128417833928384 cudacc.cc:52] Iteration 5: 0.7872s
I20261001 01:34:02.466085 128417833928384 cudacc.cc:52] Total: 4.0952s
I20261001 01:34:02.466088 128417833928384 patch_match.cc:525] 
Writing photometric output for 0017.png
I20261001 01:34:02.492048 128417850713792 timer.cc:90] Elapsed time: 0.069 [minutes]
DONE 4 4.17
JOB 5 {'scene': 24, 'variant': 'geo', 'workspace': '/srv/slam-research/grf/map-denoise/runs/colmap-fixed-pixels-20260930T172250Z/workspaces/scan24/geo', 'reference': '0007.png', 'options': {'max_image_size': -1, 'gpu_index': '0', 'depth_min': 517.0, 'depth_max': 835.0, 'window_radius': 5, 'window_step': 1, 'sigma_spatial': -1.0, 'sigma_color': 0.20000000298023224, 'num_samples': 15, 'ncc_sigma': 0.6000000238418579, 'min_triangulation_angle': 1.0, 'incident_angle_sigma': 0.8999999761581421, 'num_iterations': 5, 'geom_consistency': False, 'geom_consistency_regularizer': 0.30000001192092896, 'geom_consistency_max_cost': 3.0, 'filter': False, 'filter_min_ncc': 0.10000000149011612, 'filter_min_triangulation_angle': 3.0, 'filter_min_num_consistent': 2, 'filter_geom_consistency_max_cost': 1.0, 'cache_size': 2.0, 'allow_missing_files': False, 'write_consistency_graph': False, 'num_threads': 2}, 'config': '/srv/slam-research/grf/map-denoise/runs/colmap-fixed-pixels-20260930T172250Z/workspaces/scan24/geo/configs/0007.png.cfg'}
I20261001 01:34:02.542521 128417833928384 patch_match.cc:210] Reading workspace...
I20261001 01:34:02.542629 128417833928384 patch_match.cc:240] Reading configuration...
I20261001 01:34:02.542642 128417833928384 patch_match.cc:371] Configuration has 1 problems...
I20261001 01:34:02.542724 128417859106496 patch_match.cc:416] === Processing view 1 / 1 for 0007.png ===
I20261001 01:34:02.542739 128417859106496 patch_match.cc:466] Reading inputs...
I20261001 01:34:02.556245 128417859106496 patch_match.cc:56] --- PatchMatch::Problem ---
I20261001 01:34:02.556262 128417859106496 patch_match.cc:57] ref_image_idx: 4
I20261001 01:34:02.556265 128417859106496 patch_match.cc:64] src_image_idxs: 3 2 1 0
I20261001 01:34:02.556267 128417859106496 patch_match_options.cc:46] --- PatchMatchOptions ---
I20261001 01:34:02.556268 128417859106496 patch_match_options.cc:47] max_image_size: -1
I20261001 01:34:02.556270 128417859106496 patch_match_options.cc:48] gpu_index: 0
I20261001 01:34:02.556271 128417859106496 patch_match_options.cc:49] depth_min: 517
I20261001 01:34:02.556278 128417859106496 patch_match_options.cc:50] depth_max: 835
I20261001 01:34:02.556279 128417859106496 patch_match_options.cc:51] window_radius: 5
I20261001 01:34:02.556281 128417859106496 patch_match_options.cc:52] window_step: 1
I20261001 01:34:02.556282 128417859106496 patch_match_options.cc:53] sigma_spatial: 5
I20261001 01:34:02.556284 128417859106496 patch_match_options.cc:54] sigma_color: 0.2
I20261001 01:34:02.556286 128417859106496 patch_match_options.cc:55] num_samples: 15
I20261001 01:34:02.556287 128417859106496 patch_match_options.cc:56] ncc_sigma: 0.6
I20261001 01:34:02.556289 128417859106496 patch_match_options.cc:57] min_triangulation_angle: 1
I20261001 01:34:02.556290 128417859106496 patch_match_options.cc:58] incident_angle_sigma: 0.9
I20261001 01:34:02.556292 128417859106496 patch_match_options.cc:59] num_iterations: 5
I20261001 01:34:02.556293 128417859106496 patch_match_options.cc:60] geom_consistency: 0
I20261001 01:34:02.556295 128417859106496 patch_match_options.cc:61] geom_consistency_regularizer: 0.3
I20261001 01:34:02.556296 128417859106496 patch_match_options.cc:62] geom_consistency_max_cost: 3
I20261001 01:34:02.556298 128417859106496 patch_match_options.cc:63] filter: 0
I20261001 01:34:02.556299 128417859106496 patch_match_options.cc:64] filter_min_ncc: 0.1
I20261001 01:34:02.556301 128417859106496 patch_match_options.cc:65] filter_min_triangulation_angle: 3
I20261001 01:34:02.556302 128417859106496 patch_match_options.cc:66] filter_min_num_consistent: 2
I20261001 01:34:02.556315 128417859106496 patch_match_options.cc:67] filter_geom_consistency_max_cost: 1
I20261001 01:34:02.556316 128417859106496 patch_match_options.cc:68] write_consistency_graph: 0
I20261001 01:34:02.556317 128417859106496 patch_match_options.cc:69] allow_missing_files: 0
I20261001 01:34:02.556319 128417859106496 patch_match_options.cc:70] num_threads: 2
I20261001 01:34:02.556321 128417859106496 patch_match.cc:129] --- PatchMatch::Run ---
I20261001 01:34:02.579059 128417859106496 cudacc.cc:52] Initialization: 0.0205s
I20261001 01:34:02.760808 128417859106496 cudacc.cc:52]  Sweep 1: 0.1817s
I20261001 01:34:02.993320 128417859106496 cudacc.cc:52]  Sweep 2: 0.2325s
I20261001 01:34:03.172862 128417859106496 cudacc.cc:52]  Sweep 3: 0.1795s
I20261001 01:34:03.406594 128417859106496 cudacc.cc:52]  Sweep 4: 0.2337s
I20261001 01:34:03.406621 128417859106496 cudacc.cc:52] Iteration 1: 0.8275s
I20261001 01:34:03.584577 128417859106496 cudacc.cc:52]  Sweep 1: 0.1779s
I20261001 01:34:03.816784 128417859106496 cudacc.cc:52]  Sweep 2: 0.2322s
I20261001 01:34:03.994422 128417859106496 cudacc.cc:52]  Sweep 3: 0.1776s
I20261001 01:34:04.226179 128417859106496 cudacc.cc:52]  Sweep 4: 0.2317s
I20261001 01:34:04.226203 128417859106496 cudacc.cc:52] Iteration 2: 0.8196s
I20261001 01:34:04.404919 128417859106496 cudacc.cc:52]  Sweep 1: 0.1787s
I20261001 01:34:04.634118 128417859106496 cudacc.cc:52]  Sweep 2: 0.2292s
I20261001 01:34:04.810726 128417859106496 cudacc.cc:52]  Sweep 3: 0.1766s
I20261001 01:34:05.042831 128417859106496 cudacc.cc:52]  Sweep 4: 0.2321s
I20261001 01:34:05.042856 128417859106496 cudacc.cc:52] Iteration 3: 0.8166s
I20261001 01:34:05.226903 128417859106496 cudacc.cc:52]  Sweep 1: 0.1840s
I20261001 01:34:05.457210 128417859106496 cudacc.cc:52]  Sweep 2: 0.2303s
I20261001 01:34:05.634511 128417859106496 cudacc.cc:52]  Sweep 3: 0.1773s
I20261001 01:34:05.857723 128417859106496 cudacc.cc:52]  Sweep 4: 0.2232s
I20261001 01:34:05.857747 128417859106496 cudacc.cc:52] Iteration 4: 0.8149s
I20261001 01:34:06.034904 128417859106496 cudacc.cc:52]  Sweep 1: 0.1771s
I20261001 01:34:06.256854 128417859106496 cudacc.cc:52]  Sweep 2: 0.2219s
I20261001 01:34:06.432167 128417859106496 cudacc.cc:52]  Sweep 3: 0.1753s
I20261001 01:34:06.655013 128417859106496 cudacc.cc:52]  Sweep 4: 0.2228s
I20261001 01:34:06.655051 128417859106496 cudacc.cc:52] Iteration 5: 0.7973s
I20261001 01:34:06.655059 128417859106496 cudacc.cc:52] Total: 4.0965s
I20261001 01:34:06.655062 128417859106496 patch_match.cc:525] 
Writing photometric output for 0007.png
I20261001 01:34:06.683328 128417833928384 timer.cc:90] Elapsed time: 0.069 [minutes]
DONE 5 4.16
JOB 6 {'scene': 24, 'variant': 'geo', 'workspace': '/srv/slam-research/grf/map-denoise/runs/colmap-fixed-pixels-20260930T172250Z/workspaces/scan24/geo', 'reference': '0022.png', 'options': {'max_image_size': -1, 'gpu_index': '0', 'depth_min': 559.0, 'depth_max': 786.0, 'window_radius': 5, 'window_step': 1, 'sigma_spatial': -1.0, 'sigma_color': 0.20000000298023224, 'num_samples': 15, 'ncc_sigma': 0.6000000238418579, 'min_triangulation_angle': 1.0, 'incident_angle_sigma': 0.8999999761581421, 'num_iterations': 5, 'geom_consistency': True, 'geom_consistency_regularizer': 0.30000001192092896, 'geom_consistency_max_cost': 3.0, 'filter': True, 'filter_min_ncc': 0.10000000149011612, 'filter_min_triangulation_angle': 3.0, 'filter_min_num_consistent': 2, 'filter_geom_consistency_max_cost': 1.0, 'cache_size': 2.0, 'allow_missing_files': False, 'write_consistency_graph': False, 'num_threads': 2}, 'config': '/srv/slam-research/grf/map-denoise/runs/colmap-fixed-pixels-20260930T172250Z/workspaces/scan24/geo/configs/0022.png.cfg'}
I20261001 01:34:06.723444 128417859106496 patch_match.cc:210] Reading workspace...
I20261001 01:34:06.723563 128417859106496 patch_match.cc:240] Reading configuration...
I20261001 01:34:06.723576 128417859106496 patch_match.cc:371] Configuration has 1 problems...
I20261001 01:34:06.723671 128417850713792 patch_match.cc:416] === Processing view 1 / 1 for 0022.png ===
I20261001 01:34:06.723686 128417850713792 patch_match.cc:466] Reading inputs...
I20261001 01:34:06.807370 128417850713792 patch_match.cc:56] --- PatchMatch::Problem ---
I20261001 01:34:06.807394 128417850713792 patch_match.cc:57] ref_image_idx: 0
I20261001 01:34:06.807397 128417850713792 patch_match.cc:64] src_image_idxs: 4 3 2 1
I20261001 01:34:06.807399 128417850713792 patch_match_options.cc:46] --- PatchMatchOptions ---
I20261001 01:34:06.807400 128417850713792 patch_match_options.cc:47] max_image_size: -1
I20261001 01:34:06.807401 128417850713792 patch_match_options.cc:48] gpu_index: 0
I20261001 01:34:06.807403 128417850713792 patch_match_options.cc:49] depth_min: 559
I20261001 01:34:06.807408 128417850713792 patch_match_options.cc:50] depth_max: 786
I20261001 01:34:06.807410 128417850713792 patch_match_options.cc:51] window_radius: 5
I20261001 01:34:06.807411 128417850713792 patch_match_options.cc:52] window_step: 1
I20261001 01:34:06.807412 128417850713792 patch_match_options.cc:53] sigma_spatial: 5
I20261001 01:34:06.807427 128417850713792 patch_match_options.cc:54] sigma_color: 0.2
I20261001 01:34:06.807428 128417850713792 patch_match_options.cc:55] num_samples: 15
I20261001 01:34:06.807430 128417850713792 patch_match_options.cc:56] ncc_sigma: 0.6
I20261001 01:34:06.807431 128417850713792 patch_match_options.cc:57] min_triangulation_angle: 1
I20261001 01:34:06.807433 128417850713792 patch_match_options.cc:58] incident_angle_sigma: 0.9
I20261001 01:34:06.807434 128417850713792 patch_match_options.cc:59] num_iterations: 5
I20261001 01:34:06.807435 128417850713792 patch_match_options.cc:60] geom_consistency: 1
I20261001 01:34:06.807437 128417850713792 patch_match_options.cc:61] geom_consistency_regularizer: 0.3
I20261001 01:34:06.807438 128417850713792 patch_match_options.cc:62] geom_consistency_max_cost: 3
I20261001 01:34:06.807445 128417850713792 patch_match_options.cc:63] filter: 1
I20261001 01:34:06.807446 128417850713792 patch_match_options.cc:64] filter_min_ncc: 0.1
I20261001 01:34:06.807447 128417850713792 patch_match_options.cc:65] filter_min_triangulation_angle: 3
I20261001 01:34:06.807449 128417850713792 patch_match_options.cc:66] filter_min_num_consistent: 2
I20261001 01:34:06.807450 128417850713792 patch_match_options.cc:67] filter_geom_consistency_max_cost: 1
I20261001 01:34:06.807451 128417850713792 patch_match_options.cc:68] write_consistency_graph: 0
I20261001 01:34:06.807453 128417850713792 patch_match_options.cc:69] allow_missing_files: 0
I20261001 01:34:06.807454 128417850713792 patch_match_options.cc:70] num_threads: 2
I20261001 01:34:06.807456 128417850713792 patch_match.cc:129] --- PatchMatch::Run ---
I20261001 01:34:06.831245 128417850713792 cudacc.cc:52] Initialization: 0.0199s
I20261001 01:34:07.160011 128417850713792 cudacc.cc:52]  Sweep 1: 0.3287s
I20261001 01:34:07.563126 128417850713792 cudacc.cc:52]  Sweep 2: 0.4031s
I20261001 01:34:07.885985 128417850713792 cudacc.cc:52]  Sweep 3: 0.3228s
I20261001 01:34:08.291085 128417850713792 cudacc.cc:52]  Sweep 4: 0.4051s
I20261001 01:34:08.291113 128417850713792 cudacc.cc:52] Iteration 1: 1.4598s
I20261001 01:34:08.610588 128417850713792 cudacc.cc:52]  Sweep 1: 0.3195s
I20261001 01:34:09.016165 128417850713792 cudacc.cc:52]  Sweep 2: 0.4055s
I20261001 01:34:09.347241 128417850713792 cudacc.cc:52]  Sweep 3: 0.3310s
I20261001 01:34:09.742645 128417850713792 cudacc.cc:52]  Sweep 4: 0.3954s
I20261001 01:34:09.742677 128417850713792 cudacc.cc:52] Iteration 2: 1.4516s
I20261001 01:34:10.064395 128417850713792 cudacc.cc:52]  Sweep 1: 0.3217s
I20261001 01:34:10.447858 128417850713792 cudacc.cc:52]  Sweep 2: 0.3834s
I20261001 01:34:10.763602 128417850713792 cudacc.cc:52]  Sweep 3: 0.3157s
I20261001 01:34:11.138326 128417850713792 cudacc.cc:52]  Sweep 4: 0.3747s
I20261001 01:34:11.138362 128417850713792 cudacc.cc:52] Iteration 3: 1.3957s
I20261001 01:34:11.452155 128417850713792 cudacc.cc:52]  Sweep 1: 0.3138s
I20261001 01:34:11.809097 128417850713792 cudacc.cc:52]  Sweep 2: 0.3569s
I20261001 01:34:12.120674 128417850713792 cudacc.cc:52]  Sweep 3: 0.3115s
I20261001 01:34:12.472862 128417850713792 cudacc.cc:52]  Sweep 4: 0.3521s
I20261001 01:34:12.472895 128417850713792 cudacc.cc:52] Iteration 4: 1.3345s
I20261001 01:34:12.782603 128417850713792 cudacc.cc:52]  Sweep 1: 0.3097s
I20261001 01:34:13.119870 128417850713792 cudacc.cc:52]  Sweep 2: 0.3372s
I20261001 01:34:13.436062 128417850713792 cudacc.cc:52]  Sweep 3: 0.3161s
I20261001 01:34:13.733926 128417850713792 cudacc.cc:52]  Sweep 4: 0.2978s
I20261001 01:34:13.733961 128417850713792 cudacc.cc:52] Iteration 5: 1.2611s
I20261001 01:34:13.733968 128417850713792 cudacc.cc:52] Total: 6.9226s
I20261001 01:34:13.733970 128417850713792 patch_match.cc:525] 
Writing geometric output for 0022.png
I20261001 01:34:13.757273 128417859106496 timer.cc:90] Elapsed time: 0.117 [minutes]
DONE 6 7.07
JOB 7 {'scene': 24, 'variant': 'photo_repeat', 'workspace': '/srv/slam-research/grf/map-denoise/runs/colmap-fixed-pixels-20260930T172250Z/workspaces/scan24/photo_repeat', 'reference': '0022.png', 'options': {'max_image_size': -1, 'gpu_index': '0', 'depth_min': 559.0, 'depth_max': 786.0, 'window_radius': 5, 'window_step': 1, 'sigma_spatial': -1.0, 'sigma_color': 0.20000000298023224, 'num_samples': 15, 'ncc_sigma': 0.6000000238418579, 'min_triangulation_angle': 1.0, 'incident_angle_sigma': 0.8999999761581421, 'num_iterations': 5, 'geom_consistency': False, 'geom_consistency_regularizer': 0.30000001192092896, 'geom_consistency_max_cost': 3.0, 'filter': True, 'filter_min_ncc': 0.10000000149011612, 'filter_min_triangulation_angle': 3.0, 'filter_min_num_consistent': 2, 'filter_geom_consistency_max_cost': 1.0, 'cache_size': 2.0, 'allow_missing_files': False, 'write_consistency_graph': False, 'num_threads': 2}, 'config': '/srv/slam-research/grf/map-denoise/runs/colmap-fixed-pixels-20260930T172250Z/workspaces/scan24/photo_repeat/configs/0022.png.cfg'}
I20261001 01:34:13.817362 128417850713792 patch_match.cc:210] Reading workspace...
I20261001 01:34:13.817505 128417850713792 patch_match.cc:240] Reading configuration...
I20261001 01:34:13.817520 128417850713792 patch_match.cc:371] Configuration has 1 problems...
I20261001 01:34:13.817646 128417833928384 patch_match.cc:416] === Processing view 1 / 1 for 0022.png ===
I20261001 01:34:13.817667 128417833928384 patch_match.cc:466] Reading inputs...
I20261001 01:34:13.831859 128417833928384 patch_match.cc:56] --- PatchMatch::Problem ---
I20261001 01:34:13.831877 128417833928384 patch_match.cc:57] ref_image_idx: 0
I20261001 01:34:13.831879 128417833928384 patch_match.cc:64] src_image_idxs: 4 3 2 1
I20261001 01:34:13.831881 128417833928384 patch_match_options.cc:46] --- PatchMatchOptions ---
I20261001 01:34:13.831883 128417833928384 patch_match_options.cc:47] max_image_size: -1
I20261001 01:34:13.831884 128417833928384 patch_match_options.cc:48] gpu_index: 0
I20261001 01:34:13.831885 128417833928384 patch_match_options.cc:49] depth_min: 559
I20261001 01:34:13.831891 128417833928384 patch_match_options.cc:50] depth_max: 786
I20261001 01:34:13.831893 128417833928384 patch_match_options.cc:51] window_radius: 5
I20261001 01:34:13.831894 128417833928384 patch_match_options.cc:52] window_step: 1
I20261001 01:34:13.831896 128417833928384 patch_match_options.cc:53] sigma_spatial: 5
I20261001 01:34:13.831897 128417833928384 patch_match_options.cc:54] sigma_color: 0.2
I20261001 01:34:13.831899 128417833928384 patch_match_options.cc:55] num_samples: 15
I20261001 01:34:13.831900 128417833928384 patch_match_options.cc:56] ncc_sigma: 0.6
I20261001 01:34:13.831902 128417833928384 patch_match_options.cc:57] min_triangulation_angle: 1
I20261001 01:34:13.831904 128417833928384 patch_match_options.cc:58] incident_angle_sigma: 0.9
I20261001 01:34:13.831905 128417833928384 patch_match_options.cc:59] num_iterations: 5
I20261001 01:34:13.831906 128417833928384 patch_match_options.cc:60] geom_consistency: 0
I20261001 01:34:13.831908 128417833928384 patch_match_options.cc:61] geom_consistency_regularizer: 0.3
I20261001 01:34:13.831909 128417833928384 patch_match_options.cc:62] geom_consistency_max_cost: 3
I20261001 01:34:13.831911 128417833928384 patch_match_options.cc:63] filter: 1
I20261001 01:34:13.831912 128417833928384 patch_match_options.cc:64] filter_min_ncc: 0.1
I20261001 01:34:13.831915 128417833928384 patch_match_options.cc:65] filter_min_triangulation_angle: 3
I20261001 01:34:13.831917 128417833928384 patch_match_options.cc:66] filter_min_num_consistent: 2
I20261001 01:34:13.831918 128417833928384 patch_match_options.cc:67] filter_geom_consistency_max_cost: 1
I20261001 01:34:13.831920 128417833928384 patch_match_options.cc:68] write_consistency_graph: 0
I20261001 01:34:13.831921 128417833928384 patch_match_options.cc:69] allow_missing_files: 0
I20261001 01:34:13.831922 128417833928384 patch_match_options.cc:70] num_threads: 2
I20261001 01:34:13.831924 128417833928384 patch_match.cc:129] --- PatchMatch::Run ---
I20261001 01:34:13.852564 128417833928384 cudacc.cc:52] Initialization: 0.0183s
I20261001 01:34:14.036153 128417833928384 cudacc.cc:52]  Sweep 1: 0.1836s
I20261001 01:34:14.266461 128417833928384 cudacc.cc:52]  Sweep 2: 0.2303s
I20261001 01:34:14.444497 128417833928384 cudacc.cc:52]  Sweep 3: 0.1780s
I20261001 01:34:14.675742 128417833928384 cudacc.cc:52]  Sweep 4: 0.2312s
I20261001 01:34:14.675777 128417833928384 cudacc.cc:52] Iteration 1: 0.8232s
I20261001 01:34:14.853525 128417833928384 cudacc.cc:52]  Sweep 1: 0.1777s
I20261001 01:34:15.084423 128417833928384 cudacc.cc:52]  Sweep 2: 0.2309s
I20261001 01:34:15.261147 128417833928384 cudacc.cc:52]  Sweep 3: 0.1767s
I20261001 01:34:15.487179 128417833928384 cudacc.cc:52]  Sweep 4: 0.2260s
I20261001 01:34:15.487216 128417833928384 cudacc.cc:52] Iteration 2: 0.8114s
I20261001 01:34:15.664766 128417833928384 cudacc.cc:52]  Sweep 1: 0.1775s
I20261001 01:34:15.886156 128417833928384 cudacc.cc:52]  Sweep 2: 0.2214s
I20261001 01:34:16.064044 128417833928384 cudacc.cc:52]  Sweep 3: 0.1778s
I20261001 01:34:16.279719 128417833928384 cudacc.cc:52]  Sweep 4: 0.2156s
I20261001 01:34:16.279742 128417833928384 cudacc.cc:52] Iteration 3: 0.7925s
I20261001 01:34:16.455893 128417833928384 cudacc.cc:52]  Sweep 1: 0.1761s
I20261001 01:34:16.664102 128417833928384 cudacc.cc:52]  Sweep 2: 0.2082s
I20261001 01:34:16.838347 128417833928384 cudacc.cc:52]  Sweep 3: 0.1742s
I20261001 01:34:17.053618 128417833928384 cudacc.cc:52]  Sweep 4: 0.2152s
I20261001 01:34:17.053655 128417833928384 cudacc.cc:52] Iteration 4: 0.7739s
I20261001 01:34:17.233785 128417833928384 cudacc.cc:52]  Sweep 1: 0.1801s
I20261001 01:34:17.442661 128417833928384 cudacc.cc:52]  Sweep 2: 0.2088s
I20261001 01:34:17.616655 128417833928384 cudacc.cc:52]  Sweep 3: 0.1740s
I20261001 01:34:17.852090 128417833928384 cudacc.cc:52]  Sweep 4: 0.2354s
I20261001 01:34:17.852123 128417833928384 cudacc.cc:52] Iteration 5: 0.7985s
I20261001 01:34:17.852130 128417833928384 cudacc.cc:52] Total: 4.0178s
I20261001 01:34:17.852133 128417833928384 patch_match.cc:525] 
Writing photometric output for 0022.png
I20261001 01:34:17.878645 128417850713792 timer.cc:90] Elapsed time: 0.068 [minutes]
DONE 7 4.13
JOB 8 {'scene': 37, 'variant': 'photo', 'workspace': '/srv/slam-research/grf/map-denoise/runs/colmap-fixed-pixels-20260930T172250Z/workspaces/scan37/photo', 'reference': '0022.png', 'options': {'max_image_size': -1, 'gpu_index': '0', 'depth_min': 581.0, 'depth_max': 865.0, 'window_radius': 5, 'window_step': 1, 'sigma_spatial': -1.0, 'sigma_color': 0.20000000298023224, 'num_samples': 15, 'ncc_sigma': 0.6000000238418579, 'min_triangulation_angle': 1.0, 'incident_angle_sigma': 0.8999999761581421, 'num_iterations': 5, 'geom_consistency': False, 'geom_consistency_regularizer': 0.30000001192092896, 'geom_consistency_max_cost': 3.0, 'filter': True, 'filter_min_ncc': 0.10000000149011612, 'filter_min_triangulation_angle': 3.0, 'filter_min_num_consistent': 2, 'filter_geom_consistency_max_cost': 1.0, 'cache_size': 2.0, 'allow_missing_files': False, 'write_consistency_graph': False, 'num_threads': 2}, 'config': '/srv/slam-research/grf/map-denoise/runs/colmap-fixed-pixels-20260930T172250Z/workspaces/scan37/photo/configs/0022.png.cfg'}
I20261001 01:34:17.964878 128417833928384 patch_match.cc:210] Reading workspace...
I20261001 01:34:17.965071 128417833928384 patch_match.cc:240] Reading configuration...
I20261001 01:34:17.965098 128417833928384 patch_match.cc:371] Configuration has 1 problems...
I20261001 01:34:17.965230 128417859106496 patch_match.cc:416] === Processing view 1 / 1 for 0022.png ===
I20261001 01:34:17.965255 128417859106496 patch_match.cc:466] Reading inputs...
I20261001 01:34:17.984845 128417859106496 patch_match.cc:56] --- PatchMatch::Problem ---
I20261001 01:34:17.984861 128417859106496 patch_match.cc:57] ref_image_idx: 0
I20261001 01:34:17.984864 128417859106496 patch_match.cc:64] src_image_idxs: 4 3 2 1
I20261001 01:34:17.984867 128417859106496 patch_match_options.cc:46] --- PatchMatchOptions ---
I20261001 01:34:17.984869 128417859106496 patch_match_options.cc:47] max_image_size: -1
I20261001 01:34:17.984870 128417859106496 patch_match_options.cc:48] gpu_index: 0
I20261001 01:34:17.984872 128417859106496 patch_match_options.cc:49] depth_min: 581
I20261001 01:34:17.984877 128417859106496 patch_match_options.cc:50] depth_max: 865
I20261001 01:34:17.984878 128417859106496 patch_match_options.cc:51] window_radius: 5
I20261001 01:34:17.984880 128417859106496 patch_match_options.cc:52] window_step: 1
I20261001 01:34:17.984881 128417859106496 patch_match_options.cc:53] sigma_spatial: 5
I20261001 01:34:17.984883 128417859106496 patch_match_options.cc:54] sigma_color: 0.2
I20261001 01:34:17.984885 128417859106496 patch_match_options.cc:55] num_samples: 15
I20261001 01:34:17.984886 128417859106496 patch_match_options.cc:56] ncc_sigma: 0.6
I20261001 01:34:17.984887 128417859106496 patch_match_options.cc:57] min_triangulation_angle: 1
I20261001 01:34:17.984889 128417859106496 patch_match_options.cc:58] incident_angle_sigma: 0.9
I20261001 01:34:17.984897 128417859106496 patch_match_options.cc:59] num_iterations: 5
I20261001 01:34:17.984898 128417859106496 patch_match_options.cc:60] geom_consistency: 0
I20261001 01:34:17.984900 128417859106496 patch_match_options.cc:61] geom_consistency_regularizer: 0.3
I20261001 01:34:17.984911 128417859106496 patch_match_options.cc:62] geom_consistency_max_cost: 3
I20261001 01:34:17.984913 128417859106496 patch_match_options.cc:63] filter: 1
I20261001 01:34:17.984914 128417859106496 patch_match_options.cc:64] filter_min_ncc: 0.1
I20261001 01:34:17.984916 128417859106496 patch_match_options.cc:65] filter_min_triangulation_angle: 3
I20261001 01:34:17.984917 128417859106496 patch_match_options.cc:66] filter_min_num_consistent: 2
I20261001 01:34:17.984918 128417859106496 patch_match_options.cc:67] filter_geom_consistency_max_cost: 1
I20261001 01:34:17.984920 128417859106496 patch_match_options.cc:68] write_consistency_graph: 0
I20261001 01:34:17.984921 128417859106496 patch_match_options.cc:69] allow_missing_files: 0
I20261001 01:34:17.984923 128417859106496 patch_match_options.cc:70] num_threads: 2
I20261001 01:34:17.984924 128417859106496 patch_match.cc:129] --- PatchMatch::Run ---
I20261001 01:34:18.006291 128417859106496 cudacc.cc:52] Initialization: 0.0195s
I20261001 01:34:18.187806 128417859106496 cudacc.cc:52]  Sweep 1: 0.1815s
I20261001 01:34:18.422885 128417859106496 cudacc.cc:52]  Sweep 2: 0.2350s
I20261001 01:34:18.600591 128417859106496 cudacc.cc:52]  Sweep 3: 0.1777s
I20261001 01:34:18.833727 128417859106496 cudacc.cc:52]  Sweep 4: 0.2331s
I20261001 01:34:18.833762 128417859106496 cudacc.cc:52] Iteration 1: 0.8274s
I20261001 01:34:19.010697 128417859106496 cudacc.cc:52]  Sweep 1: 0.1769s
I20261001 01:34:19.245412 128417859106496 cudacc.cc:52]  Sweep 2: 0.2347s
I20261001 01:34:19.421365 128417859106496 cudacc.cc:52]  Sweep 3: 0.1759s
I20261001 01:34:19.653711 128417859106496 cudacc.cc:52]  Sweep 4: 0.2323s
I20261001 01:34:19.653746 128417859106496 cudacc.cc:52] Iteration 2: 0.8200s
I20261001 01:34:19.829863 128417859106496 cudacc.cc:52]  Sweep 1: 0.1761s
I20261001 01:34:20.062598 128417859106496 cudacc.cc:52]  Sweep 2: 0.2327s
I20261001 01:34:20.237222 128417859106496 cudacc.cc:52]  Sweep 3: 0.1746s
I20261001 01:34:20.467682 128417859106496 cudacc.cc:52]  Sweep 4: 0.2304s
I20261001 01:34:20.467709 128417859106496 cudacc.cc:52] Iteration 3: 0.8140s
I20261001 01:34:20.643583 128417859106496 cudacc.cc:52]  Sweep 1: 0.1759s
I20261001 01:34:20.875627 128417859106496 cudacc.cc:52]  Sweep 2: 0.2320s
I20261001 01:34:21.057207 128417859106496 cudacc.cc:52]  Sweep 3: 0.1815s
I20261001 01:34:21.294880 128417859106496 cudacc.cc:52]  Sweep 4: 0.2376s
I20261001 01:34:21.294912 128417859106496 cudacc.cc:52] Iteration 4: 0.8272s
I20261001 01:34:21.475823 128417859106496 cudacc.cc:52]  Sweep 1: 0.1809s
I20261001 01:34:21.706251 128417859106496 cudacc.cc:52]  Sweep 2: 0.2304s
I20261001 01:34:21.878768 128417859106496 cudacc.cc:52]  Sweep 3: 0.1725s
I20261001 01:34:22.149544 128417859106496 cudacc.cc:52]  Sweep 4: 0.2707s
I20261001 01:34:22.149575 128417859106496 cudacc.cc:52] Iteration 5: 0.8547s
I20261001 01:34:22.149582 128417859106496 cudacc.cc:52] Total: 4.1628s
I20261001 01:34:22.149585 128417859106496 patch_match.cc:525] 
Writing photometric output for 0022.png
I20261001 01:34:22.174030 128417833928384 timer.cc:90] Elapsed time: 0.070 [minutes]
DONE 8 4.27
JOB 9 {'scene': 37, 'variant': 'geo', 'workspace': '/srv/slam-research/grf/map-denoise/runs/colmap-fixed-pixels-20260930T172250Z/workspaces/scan37/geo', 'reference': '0022.png', 'options': {'max_image_size': -1, 'gpu_index': '0', 'depth_min': 581.0, 'depth_max': 865.0, 'window_radius': 5, 'window_step': 1, 'sigma_spatial': -1.0, 'sigma_color': 0.20000000298023224, 'num_samples': 15, 'ncc_sigma': 0.6000000238418579, 'min_triangulation_angle': 1.0, 'incident_angle_sigma': 0.8999999761581421, 'num_iterations': 5, 'geom_consistency': False, 'geom_consistency_regularizer': 0.30000001192092896, 'geom_consistency_max_cost': 3.0, 'filter': False, 'filter_min_ncc': 0.10000000149011612, 'filter_min_triangulation_angle': 3.0, 'filter_min_num_consistent': 2, 'filter_geom_consistency_max_cost': 1.0, 'cache_size': 2.0, 'allow_missing_files': False, 'write_consistency_graph': False, 'num_threads': 2}, 'config': '/srv/slam-research/grf/map-denoise/runs/colmap-fixed-pixels-20260930T172250Z/workspaces/scan37/geo/configs/0022.png.cfg'}
I20261001 01:34:22.254078 128417859106496 patch_match.cc:210] Reading workspace...
I20261001 01:34:22.254310 128417859106496 patch_match.cc:240] Reading configuration...
I20261001 01:34:22.254338 128417859106496 patch_match.cc:371] Configuration has 1 problems...
I20261001 01:34:22.254521 128417850713792 patch_match.cc:416] === Processing view 1 / 1 for 0022.png ===
I20261001 01:34:22.254565 128417850713792 patch_match.cc:466] Reading inputs...
I20261001 01:34:22.274463 128417850713792 patch_match.cc:56] --- PatchMatch::Problem ---
I20261001 01:34:22.274483 128417850713792 patch_match.cc:57] ref_image_idx: 0
I20261001 01:34:22.274486 128417850713792 patch_match.cc:64] src_image_idxs: 4 3 2 1
I20261001 01:34:22.274487 128417850713792 patch_match_options.cc:46] --- PatchMatchOptions ---
I20261001 01:34:22.274489 128417850713792 patch_match_options.cc:47] max_image_size: -1
I20261001 01:34:22.274490 128417850713792 patch_match_options.cc:48] gpu_index: 0
I20261001 01:34:22.274504 128417850713792 patch_match_options.cc:49] depth_min: 581
I20261001 01:34:22.274511 128417850713792 patch_match_options.cc:50] depth_max: 865
I20261001 01:34:22.274512 128417850713792 patch_match_options.cc:51] window_radius: 5
I20261001 01:34:22.274514 128417850713792 patch_match_options.cc:52] window_step: 1
I20261001 01:34:22.274515 128417850713792 patch_match_options.cc:53] sigma_spatial: 5
I20261001 01:34:22.274517 128417850713792 patch_match_options.cc:54] sigma_color: 0.2
I20261001 01:34:22.274519 128417850713792 patch_match_options.cc:55] num_samples: 15
I20261001 01:34:22.274520 128417850713792 patch_match_options.cc:56] ncc_sigma: 0.6
I20261001 01:34:22.274522 128417850713792 patch_match_options.cc:57] min_triangulation_angle: 1
I20261001 01:34:22.274523 128417850713792 patch_match_options.cc:58] incident_angle_sigma: 0.9
I20261001 01:34:22.274525 128417850713792 patch_match_options.cc:59] num_iterations: 5
I20261001 01:34:22.274526 128417850713792 patch_match_options.cc:60] geom_consistency: 0
I20261001 01:34:22.274528 128417850713792 patch_match_options.cc:61] geom_consistency_regularizer: 0.3
I20261001 01:34:22.274529 128417850713792 patch_match_options.cc:62] geom_consistency_max_cost: 3
I20261001 01:34:22.274531 128417850713792 patch_match_options.cc:63] filter: 0
I20261001 01:34:22.274532 128417850713792 patch_match_options.cc:64] filter_min_ncc: 0.1
I20261001 01:34:22.274534 128417850713792 patch_match_options.cc:65] filter_min_triangulation_angle: 3
I20261001 01:34:22.274535 128417850713792 patch_match_options.cc:66] filter_min_num_consistent: 2
I20261001 01:34:22.274537 128417850713792 patch_match_options.cc:67] filter_geom_consistency_max_cost: 1
I20261001 01:34:22.274538 128417850713792 patch_match_options.cc:68] write_consistency_graph: 0
I20261001 01:34:22.274539 128417850713792 patch_match_options.cc:69] allow_missing_files: 0
I20261001 01:34:22.274541 128417850713792 patch_match_options.cc:70] num_threads: 2
I20261001 01:34:22.274542 128417850713792 patch_match.cc:129] --- PatchMatch::Run ---
I20261001 01:34:22.296276 128417850713792 cudacc.cc:52] Initialization: 0.0198s
I20261001 01:34:22.478942 128417850713792 cudacc.cc:52]  Sweep 1: 0.1826s
I20261001 01:34:22.714466 128417850713792 cudacc.cc:52]  Sweep 2: 0.2355s
I20261001 01:34:22.892151 128417850713792 cudacc.cc:52]  Sweep 3: 0.1776s
I20261001 01:34:23.125829 128417850713792 cudacc.cc:52]  Sweep 4: 0.2336s
I20261001 01:34:23.125864 128417850713792 cudacc.cc:52] Iteration 1: 0.8295s
I20261001 01:34:23.302848 128417850713792 cudacc.cc:52]  Sweep 1: 0.1770s
I20261001 01:34:23.536632 128417850713792 cudacc.cc:52]  Sweep 2: 0.2337s
I20261001 01:34:23.711722 128417850713792 cudacc.cc:52]  Sweep 3: 0.1751s
I20261001 01:34:23.943421 128417850713792 cudacc.cc:52]  Sweep 4: 0.2317s
I20261001 01:34:23.943461 128417850713792 cudacc.cc:52] Iteration 2: 0.8176s
I20261001 01:34:24.122321 128417850713792 cudacc.cc:52]  Sweep 1: 0.1788s
I20261001 01:34:24.353885 128417850713792 cudacc.cc:52]  Sweep 2: 0.2315s
I20261001 01:34:24.529310 128417850713792 cudacc.cc:52]  Sweep 3: 0.1754s
I20261001 01:34:24.759984 128417850713792 cudacc.cc:52]  Sweep 4: 0.2306s
I20261001 01:34:24.760019 128417850713792 cudacc.cc:52] Iteration 3: 0.8165s
I20261001 01:34:24.937349 128417850713792 cudacc.cc:52]  Sweep 1: 0.1773s
I20261001 01:34:25.179415 128417850713792 cudacc.cc:52]  Sweep 2: 0.2420s
I20261001 01:34:25.360012 128417850713792 cudacc.cc:52]  Sweep 3: 0.1805s
I20261001 01:34:25.596419 128417850713792 cudacc.cc:52]  Sweep 4: 0.2364s
I20261001 01:34:25.596460 128417850713792 cudacc.cc:52] Iteration 4: 0.8364s
I20261001 01:34:25.778459 128417850713792 cudacc.cc:52]  Sweep 1: 0.1820s
I20261001 01:34:26.009520 128417850713792 cudacc.cc:52]  Sweep 2: 0.2310s
I20261001 01:34:26.183276 128417850713792 cudacc.cc:52]  Sweep 3: 0.1737s
I20261001 01:34:26.412081 128417850713792 cudacc.cc:52]  Sweep 4: 0.2288s
I20261001 01:34:26.412120 128417850713792 cudacc.cc:52] Iteration 5: 0.8156s
I20261001 01:34:26.412127 128417850713792 cudacc.cc:52] Total: 4.1356s
I20261001 01:34:26.412140 128417850713792 patch_match.cc:525] 
Writing photometric output for 0022.png
I20261001 01:34:26.435586 128417859106496 timer.cc:90] Elapsed time: 0.070 [minutes]
DONE 9 4.22
JOB 10 {'scene': 37, 'variant': 'geo', 'workspace': '/srv/slam-research/grf/map-denoise/runs/colmap-fixed-pixels-20260930T172250Z/workspaces/scan37/geo', 'reference': '0016.png', 'options': {'max_image_size': -1, 'gpu_index': '0', 'depth_min': 556.0, 'depth_max': 897.0, 'window_radius': 5, 'window_step': 1, 'sigma_spatial': -1.0, 'sigma_color': 0.20000000298023224, 'num_samples': 15, 'ncc_sigma': 0.6000000238418579, 'min_triangulation_angle': 1.0, 'incident_angle_sigma': 0.8999999761581421, 'num_iterations': 5, 'geom_consistency': False, 'geom_consistency_regularizer': 0.30000001192092896, 'geom_consistency_max_cost': 3.0, 'filter': False, 'filter_min_ncc': 0.10000000149011612, 'filter_min_triangulation_angle': 3.0, 'filter_min_num_consistent': 2, 'filter_geom_consistency_max_cost': 1.0, 'cache_size': 2.0, 'allow_missing_files': False, 'write_consistency_graph': False, 'num_threads': 2}, 'config': '/srv/slam-research/grf/map-denoise/runs/colmap-fixed-pixels-20260930T172250Z/workspaces/scan37/geo/configs/0016.png.cfg'}
I20261001 01:34:26.490657 128417850713792 patch_match.cc:210] Reading workspace...
I20261001 01:34:26.490786 128417850713792 patch_match.cc:240] Reading configuration...
I20261001 01:34:26.490801 128417850713792 patch_match.cc:371] Configuration has 1 problems...
I20261001 01:34:26.490907 128417833928384 patch_match.cc:416] === Processing view 1 / 1 for 0016.png ===
I20261001 01:34:26.490922 128417833928384 patch_match.cc:466] Reading inputs...
I20261001 01:34:26.501879 128417833928384 patch_match.cc:56] --- PatchMatch::Problem ---
I20261001 01:34:26.501892 128417833928384 patch_match.cc:57] ref_image_idx: 1
I20261001 01:34:26.501895 128417833928384 patch_match.cc:64] src_image_idxs: 4 3 2 0
I20261001 01:34:26.501897 128417833928384 patch_match_options.cc:46] --- PatchMatchOptions ---
I20261001 01:34:26.501898 128417833928384 patch_match_options.cc:47] max_image_size: -1
I20261001 01:34:26.501899 128417833928384 patch_match_options.cc:48] gpu_index: 0
I20261001 01:34:26.501901 128417833928384 patch_match_options.cc:49] depth_min: 556
I20261001 01:34:26.501906 128417833928384 patch_match_options.cc:50] depth_max: 897
I20261001 01:34:26.501907 128417833928384 patch_match_options.cc:51] window_radius: 5
I20261001 01:34:26.501909 128417833928384 patch_match_options.cc:52] window_step: 1
I20261001 01:34:26.501910 128417833928384 patch_match_options.cc:53] sigma_spatial: 5
I20261001 01:34:26.501912 128417833928384 patch_match_options.cc:54] sigma_color: 0.2
I20261001 01:34:26.501914 128417833928384 patch_match_options.cc:55] num_samples: 15
I20261001 01:34:26.501920 128417833928384 patch_match_options.cc:56] ncc_sigma: 0.6
I20261001 01:34:26.501922 128417833928384 patch_match_options.cc:57] min_triangulation_angle: 1
I20261001 01:34:26.501923 128417833928384 patch_match_options.cc:58] incident_angle_sigma: 0.9
I20261001 01:34:26.501925 128417833928384 patch_match_options.cc:59] num_iterations: 5
I20261001 01:34:26.501926 128417833928384 patch_match_options.cc:60] geom_consistency: 0
I20261001 01:34:26.501928 128417833928384 patch_match_options.cc:61] geom_consistency_regularizer: 0.3
I20261001 01:34:26.501929 128417833928384 patch_match_options.cc:62] geom_consistency_max_cost: 3
I20261001 01:34:26.501931 128417833928384 patch_match_options.cc:63] filter: 0
I20261001 01:34:26.501932 128417833928384 patch_match_options.cc:64] filter_min_ncc: 0.1
I20261001 01:34:26.501934 128417833928384 patch_match_options.cc:65] filter_min_triangulation_angle: 3
I20261001 01:34:26.501935 128417833928384 patch_match_options.cc:66] filter_min_num_consistent: 2
I20261001 01:34:26.501937 128417833928384 patch_match_options.cc:67] filter_geom_consistency_max_cost: 1
I20261001 01:34:26.501938 128417833928384 patch_match_options.cc:68] write_consistency_graph: 0
I20261001 01:34:26.501939 128417833928384 patch_match_options.cc:69] allow_missing_files: 0
I20261001 01:34:26.501941 128417833928384 patch_match_options.cc:70] num_threads: 2
I20261001 01:34:26.501942 128417833928384 patch_match.cc:129] --- PatchMatch::Run ---
I20261001 01:34:26.521942 128417833928384 cudacc.cc:52] Initialization: 0.0179s
I20261001 01:34:26.703110 128417833928384 cudacc.cc:52]  Sweep 1: 0.1811s
I20261001 01:34:26.938841 128417833928384 cudacc.cc:52]  Sweep 2: 0.2357s
I20261001 01:34:27.114276 128417833928384 cudacc.cc:52]  Sweep 3: 0.1754s
I20261001 01:34:27.346719 128417833928384 cudacc.cc:52]  Sweep 4: 0.2324s
I20261001 01:34:27.346746 128417833928384 cudacc.cc:52] Iteration 1: 0.8248s
I20261001 01:34:27.521530 128417833928384 cudacc.cc:52]  Sweep 1: 0.1748s
I20261001 01:34:27.755149 128417833928384 cudacc.cc:52]  Sweep 2: 0.2336s
I20261001 01:34:27.927646 128417833928384 cudacc.cc:52]  Sweep 3: 0.1725s
I20261001 01:34:28.159196 128417833928384 cudacc.cc:52]  Sweep 4: 0.2315s
I20261001 01:34:28.159222 128417833928384 cudacc.cc:52] Iteration 2: 0.8125s
I20261001 01:34:28.335252 128417833928384 cudacc.cc:52]  Sweep 1: 0.1760s
I20261001 01:34:28.567379 128417833928384 cudacc.cc:52]  Sweep 2: 0.2321s
I20261001 01:34:28.738051 128417833928384 cudacc.cc:52]  Sweep 3: 0.1706s
I20261001 01:34:28.970327 128417833928384 cudacc.cc:52]  Sweep 4: 0.2322s
I20261001 01:34:28.970356 128417833928384 cudacc.cc:52] Iteration 3: 0.8111s
I20261001 01:34:29.154327 128417833928384 cudacc.cc:52]  Sweep 1: 0.1840s
I20261001 01:34:29.395374 128417833928384 cudacc.cc:52]  Sweep 2: 0.2410s
I20261001 01:34:29.567669 128417833928384 cudacc.cc:52]  Sweep 3: 0.1723s
I20261001 01:34:29.795458 128417833928384 cudacc.cc:52]  Sweep 4: 0.2278s
I20261001 01:34:29.795491 128417833928384 cudacc.cc:52] Iteration 4: 0.8251s
I20261001 01:34:29.971156 128417833928384 cudacc.cc:52]  Sweep 1: 0.1757s
I20261001 01:34:30.201230 128417833928384 cudacc.cc:52]  Sweep 2: 0.2300s
I20261001 01:34:30.371001 128417833928384 cudacc.cc:52]  Sweep 3: 0.1697s
I20261001 01:34:30.599700 128417833928384 cudacc.cc:52]  Sweep 4: 0.2287s
I20261001 01:34:30.599726 128417833928384 cudacc.cc:52] Iteration 5: 0.8042s
I20261001 01:34:30.599735 128417833928384 cudacc.cc:52] Total: 4.0957s
I20261001 01:34:30.599739 128417833928384 patch_match.cc:525] 
Writing photometric output for 0016.png
I20261001 01:34:30.628967 128417850713792 timer.cc:90] Elapsed time: 0.069 [minutes]
DONE 10 4.16
JOB 11 {'scene': 37, 'variant': 'geo', 'workspace': '/srv/slam-research/grf/map-denoise/runs/colmap-fixed-pixels-20260930T172250Z/workspaces/scan37/geo', 'reference': '0035.png', 'options': {'max_image_size': -1, 'gpu_index': '0', 'depth_min': 542.0, 'depth_max': 918.0, 'window_radius': 5, 'window_step': 1, 'sigma_spatial': -1.0, 'sigma_color': 0.20000000298023224, 'num_samples': 15, 'ncc_sigma': 0.6000000238418579, 'min_triangulation_angle': 1.0, 'incident_angle_sigma': 0.8999999761581421, 'num_iterations': 5, 'geom_consistency': False, 'geom_consistency_regularizer': 0.30000001192092896, 'geom_consistency_max_cost': 3.0, 'filter': False, 'filter_min_ncc': 0.10000000149011612, 'filter_min_triangulation_angle': 3.0, 'filter_min_num_consistent': 2, 'filter_geom_consistency_max_cost': 1.0, 'cache_size': 2.0, 'allow_missing_files': False, 'write_consistency_graph': False, 'num_threads': 2}, 'config': '/srv/slam-research/grf/map-denoise/runs/colmap-fixed-pixels-20260930T172250Z/workspaces/scan37/geo/configs/0035.png.cfg'}
I20261001 01:34:30.671532 128417833928384 patch_match.cc:210] Reading workspace...
I20261001 01:34:30.671652 128417833928384 patch_match.cc:240] Reading configuration...
I20261001 01:34:30.671665 128417833928384 patch_match.cc:371] Configuration has 1 problems...
I20261001 01:34:30.671746 128417859106496 patch_match.cc:416] === Processing view 1 / 1 for 0035.png ===
I20261001 01:34:30.671774 128417859106496 patch_match.cc:466] Reading inputs...
I20261001 01:34:30.683399 128417859106496 patch_match.cc:56] --- PatchMatch::Problem ---
I20261001 01:34:30.683412 128417859106496 patch_match.cc:57] ref_image_idx: 2
I20261001 01:34:30.683415 128417859106496 patch_match.cc:64] src_image_idxs: 4 3 1 0
I20261001 01:34:30.683417 128417859106496 patch_match_options.cc:46] --- PatchMatchOptions ---
I20261001 01:34:30.683419 128417859106496 patch_match_options.cc:47] max_image_size: -1
I20261001 01:34:30.683420 128417859106496 patch_match_options.cc:48] gpu_index: 0
I20261001 01:34:30.683421 128417859106496 patch_match_options.cc:49] depth_min: 542
I20261001 01:34:30.683427 128417859106496 patch_match_options.cc:50] depth_max: 918
I20261001 01:34:30.683429 128417859106496 patch_match_options.cc:51] window_radius: 5
I20261001 01:34:30.683430 128417859106496 patch_match_options.cc:52] window_step: 1
I20261001 01:34:30.683431 128417859106496 patch_match_options.cc:53] sigma_spatial: 5
I20261001 01:34:30.683433 128417859106496 patch_match_options.cc:54] sigma_color: 0.2
I20261001 01:34:30.683435 128417859106496 patch_match_options.cc:55] num_samples: 15
I20261001 01:34:30.683436 128417859106496 patch_match_options.cc:56] ncc_sigma: 0.6
I20261001 01:34:30.683438 128417859106496 patch_match_options.cc:57] min_triangulation_angle: 1
I20261001 01:34:30.683439 128417859106496 patch_match_options.cc:58] incident_angle_sigma: 0.9
I20261001 01:34:30.683441 128417859106496 patch_match_options.cc:59] num_iterations: 5
I20261001 01:34:30.683442 128417859106496 patch_match_options.cc:60] geom_consistency: 0
I20261001 01:34:30.683444 128417859106496 patch_match_options.cc:61] geom_consistency_regularizer: 0.3
I20261001 01:34:30.683445 128417859106496 patch_match_options.cc:62] geom_consistency_max_cost: 3
I20261001 01:34:30.683447 128417859106496 patch_match_options.cc:63] filter: 0
I20261001 01:34:30.683448 128417859106496 patch_match_options.cc:64] filter_min_ncc: 0.1
I20261001 01:34:30.683450 128417859106496 patch_match_options.cc:65] filter_min_triangulation_angle: 3
I20261001 01:34:30.683451 128417859106496 patch_match_options.cc:66] filter_min_num_consistent: 2
I20261001 01:34:30.683453 128417859106496 patch_match_options.cc:67] filter_geom_consistency_max_cost: 1
I20261001 01:34:30.683454 128417859106496 patch_match_options.cc:68] write_consistency_graph: 0
I20261001 01:34:30.683467 128417859106496 patch_match_options.cc:69] allow_missing_files: 0
I20261001 01:34:30.683468 128417859106496 patch_match_options.cc:70] num_threads: 2
I20261001 01:34:30.683470 128417859106496 patch_match.cc:129] --- PatchMatch::Run ---
I20261001 01:34:30.704570 128417859106496 cudacc.cc:52] Initialization: 0.0191s
I20261001 01:34:30.886209 128417859106496 cudacc.cc:52]  Sweep 1: 0.1816s
I20261001 01:34:31.122839 128417859106496 cudacc.cc:52]  Sweep 2: 0.2366s
I20261001 01:34:31.300689 128417859106496 cudacc.cc:52]  Sweep 3: 0.1778s
I20261001 01:34:31.535701 128417859106496 cudacc.cc:52]  Sweep 4: 0.2350s
I20261001 01:34:31.535741 128417859106496 cudacc.cc:52] Iteration 1: 0.8311s
I20261001 01:34:31.716749 128417859106496 cudacc.cc:52]  Sweep 1: 0.1810s
I20261001 01:34:31.950297 128417859106496 cudacc.cc:52]  Sweep 2: 0.2333s
I20261001 01:34:32.127923 128417859106496 cudacc.cc:52]  Sweep 3: 0.1776s
I20261001 01:34:32.363309 128417859106496 cudacc.cc:52]  Sweep 4: 0.2353s
I20261001 01:34:32.363334 128417859106496 cudacc.cc:52] Iteration 2: 0.8276s
I20261001 01:34:32.541120 128417859106496 cudacc.cc:52]  Sweep 1: 0.1778s
I20261001 01:34:32.774117 128417859106496 cudacc.cc:52]  Sweep 2: 0.2330s
I20261001 01:34:32.954755 128417859106496 cudacc.cc:52]  Sweep 3: 0.1806s
I20261001 01:34:33.194013 128417859106496 cudacc.cc:52]  Sweep 4: 0.2392s
I20261001 01:34:33.194050 128417859106496 cudacc.cc:52] Iteration 3: 0.8307s
I20261001 01:34:33.379068 128417859106496 cudacc.cc:52]  Sweep 1: 0.1850s
I20261001 01:34:33.612903 128417859106496 cudacc.cc:52]  Sweep 2: 0.2338s
I20261001 01:34:33.790050 128417859106496 cudacc.cc:52]  Sweep 3: 0.1771s
I20261001 01:34:34.020703 128417859106496 cudacc.cc:52]  Sweep 4: 0.2306s
I20261001 01:34:34.020733 128417859106496 cudacc.cc:52] Iteration 4: 0.8267s
I20261001 01:34:34.197420 128417859106496 cudacc.cc:52]  Sweep 1: 0.1767s
I20261001 01:34:34.427752 128417859106496 cudacc.cc:52]  Sweep 2: 0.2303s
I20261001 01:34:34.603011 128417859106496 cudacc.cc:52]  Sweep 3: 0.1752s
I20261001 01:34:34.830557 128417859106496 cudacc.cc:52]  Sweep 4: 0.2275s
I20261001 01:34:34.830591 128417859106496 cudacc.cc:52] Iteration 5: 0.8098s
I20261001 01:34:34.830598 128417859106496 cudacc.cc:52] Total: 4.1451s
I20261001 01:34:34.830601 128417859106496 patch_match.cc:525] 
Writing photometric output for 0035.png
I20261001 01:34:34.856454 128417833928384 timer.cc:90] Elapsed time: 0.070 [minutes]
DONE 11 4.21
JOB 12 {'scene': 37, 'variant': 'geo', 'workspace': '/srv/slam-research/grf/map-denoise/runs/colmap-fixed-pixels-20260930T172250Z/workspaces/scan37/geo', 'reference': '0017.png', 'options': {'max_image_size': -1, 'gpu_index': '0', 'depth_min': 522.0, 'depth_max': 941.0, 'window_radius': 5, 'window_step': 1, 'sigma_spatial': -1.0, 'sigma_color': 0.20000000298023224, 'num_samples': 15, 'ncc_sigma': 0.6000000238418579, 'min_triangulation_angle': 1.0, 'incident_angle_sigma': 0.8999999761581421, 'num_iterations': 5, 'geom_consistency': False, 'geom_consistency_regularizer': 0.30000001192092896, 'geom_consistency_max_cost': 3.0, 'filter': False, 'filter_min_ncc': 0.10000000149011612, 'filter_min_triangulation_angle': 3.0, 'filter_min_num_consistent': 2, 'filter_geom_consistency_max_cost': 1.0, 'cache_size': 2.0, 'allow_missing_files': False, 'write_consistency_graph': False, 'num_threads': 2}, 'config': '/srv/slam-research/grf/map-denoise/runs/colmap-fixed-pixels-20260930T172250Z/workspaces/scan37/geo/configs/0017.png.cfg'}
I20261001 01:34:34.906139 128417859106496 patch_match.cc:210] Reading workspace...
I20261001 01:34:34.906272 128417859106496 patch_match.cc:240] Reading configuration...
I20261001 01:34:34.906285 128417859106496 patch_match.cc:371] Configuration has 1 problems...
I20261001 01:34:34.906377 128417850713792 patch_match.cc:416] === Processing view 1 / 1 for 0017.png ===
I20261001 01:34:34.906397 128417850713792 patch_match.cc:466] Reading inputs...
I20261001 01:34:34.921836 128417850713792 patch_match.cc:56] --- PatchMatch::Problem ---
I20261001 01:34:34.921852 128417850713792 patch_match.cc:57] ref_image_idx: 3
I20261001 01:34:34.921854 128417850713792 patch_match.cc:64] src_image_idxs: 4 2 1 0
I20261001 01:34:34.921857 128417850713792 patch_match_options.cc:46] --- PatchMatchOptions ---
I20261001 01:34:34.921859 128417850713792 patch_match_options.cc:47] max_image_size: -1
I20261001 01:34:34.921860 128417850713792 patch_match_options.cc:48] gpu_index: 0
I20261001 01:34:34.921862 128417850713792 patch_match_options.cc:49] depth_min: 522
I20261001 01:34:34.921867 128417850713792 patch_match_options.cc:50] depth_max: 941
I20261001 01:34:34.921869 128417850713792 patch_match_options.cc:51] window_radius: 5
I20261001 01:34:34.921872 128417850713792 patch_match_options.cc:52] window_step: 1
I20261001 01:34:34.921878 128417850713792 patch_match_options.cc:53] sigma_spatial: 5
I20261001 01:34:34.921880 128417850713792 patch_match_options.cc:54] sigma_color: 0.2
I20261001 01:34:34.921882 128417850713792 patch_match_options.cc:55] num_samples: 15
I20261001 01:34:34.921883 128417850713792 patch_match_options.cc:56] ncc_sigma: 0.6
I20261001 01:34:34.921895 128417850713792 patch_match_options.cc:57] min_triangulation_angle: 1
I20261001 01:34:34.921896 128417850713792 patch_match_options.cc:58] incident_angle_sigma: 0.9
I20261001 01:34:34.921898 128417850713792 patch_match_options.cc:59] num_iterations: 5
I20261001 01:34:34.921899 128417850713792 patch_match_options.cc:60] geom_consistency: 0
I20261001 01:34:34.921900 128417850713792 patch_match_options.cc:61] geom_consistency_regularizer: 0.3
I20261001 01:34:34.921902 128417850713792 patch_match_options.cc:62] geom_consistency_max_cost: 3
I20261001 01:34:34.921903 128417850713792 patch_match_options.cc:63] filter: 0
I20261001 01:34:34.921905 128417850713792 patch_match_options.cc:64] filter_min_ncc: 0.1
I20261001 01:34:34.921906 128417850713792 patch_match_options.cc:65] filter_min_triangulation_angle: 3
I20261001 01:34:34.921908 128417850713792 patch_match_options.cc:66] filter_min_num_consistent: 2
I20261001 01:34:34.921909 128417850713792 patch_match_options.cc:67] filter_geom_consistency_max_cost: 1
I20261001 01:34:34.921911 128417850713792 patch_match_options.cc:68] write_consistency_graph: 0
I20261001 01:34:34.921912 128417850713792 patch_match_options.cc:69] allow_missing_files: 0
I20261001 01:34:34.921913 128417850713792 patch_match_options.cc:70] num_threads: 2
I20261001 01:34:34.921915 128417850713792 patch_match.cc:129] --- PatchMatch::Run ---
I20261001 01:34:34.942216 128417850713792 cudacc.cc:52] Initialization: 0.0183s
I20261001 01:34:35.123367 128417850713792 cudacc.cc:52]  Sweep 1: 0.1811s
I20261001 01:34:35.361594 128417850713792 cudacc.cc:52]  Sweep 2: 0.2382s
I20261001 01:34:35.539390 128417850713792 cudacc.cc:52]  Sweep 3: 0.1778s
I20261001 01:34:35.773951 128417850713792 cudacc.cc:52]  Sweep 4: 0.2345s
I20261001 01:34:35.773986 128417850713792 cudacc.cc:52] Iteration 1: 0.8317s
I20261001 01:34:35.949708 128417850713792 cudacc.cc:52]  Sweep 1: 0.1757s
I20261001 01:34:36.188044 128417850713792 cudacc.cc:52]  Sweep 2: 0.2383s
I20261001 01:34:36.366649 128417850713792 cudacc.cc:52]  Sweep 3: 0.1786s
I20261001 01:34:36.601056 128417850713792 cudacc.cc:52]  Sweep 4: 0.2344s
I20261001 01:34:36.601091 128417850713792 cudacc.cc:52] Iteration 2: 0.8271s
I20261001 01:34:36.776182 128417850713792 cudacc.cc:52]  Sweep 1: 0.1751s
I20261001 01:34:37.016377 128417850713792 cudacc.cc:52]  Sweep 2: 0.2402s
I20261001 01:34:37.200314 128417850713792 cudacc.cc:52]  Sweep 3: 0.1839s
I20261001 01:34:37.441454 128417850713792 cudacc.cc:52]  Sweep 4: 0.2411s
I20261001 01:34:37.441490 128417850713792 cudacc.cc:52] Iteration 3: 0.8404s
I20261001 01:34:37.616211 128417850713792 cudacc.cc:52]  Sweep 1: 0.1747s
I20261001 01:34:37.851329 128417850713792 cudacc.cc:52]  Sweep 2: 0.2351s
I20261001 01:34:38.029727 128417850713792 cudacc.cc:52]  Sweep 3: 0.1784s
I20261001 01:34:38.262089 128417850713792 cudacc.cc:52]  Sweep 4: 0.2323s
I20261001 01:34:38.262122 128417850713792 cudacc.cc:52] Iteration 4: 0.8206s
I20261001 01:34:38.435742 128417850713792 cudacc.cc:52]  Sweep 1: 0.1736s
I20261001 01:34:38.670224 128417850713792 cudacc.cc:52]  Sweep 2: 0.2344s
I20261001 01:34:38.845472 128417850713792 cudacc.cc:52]  Sweep 3: 0.1752s
I20261001 01:34:39.077752 128417850713792 cudacc.cc:52]  Sweep 4: 0.2322s
I20261001 01:34:39.077785 128417850713792 cudacc.cc:52] Iteration 5: 0.8157s
I20261001 01:34:39.077792 128417850713792 cudacc.cc:52] Total: 4.1539s
I20261001 01:34:39.077795 128417850713792 patch_match.cc:525] 
Writing photometric output for 0017.png
I20261001 01:34:39.101621 128417859106496 timer.cc:90] Elapsed time: 0.070 [minutes]
DONE 12 4.21
JOB 13 {'scene': 37, 'variant': 'geo', 'workspace': '/srv/slam-research/grf/map-denoise/runs/colmap-fixed-pixels-20260930T172250Z/workspaces/scan37/geo', 'reference': '0007.png', 'options': {'max_image_size': -1, 'gpu_index': '0', 'depth_min': 536.0, 'depth_max': 915.0, 'window_radius': 5, 'window_step': 1, 'sigma_spatial': -1.0, 'sigma_color': 0.20000000298023224, 'num_samples': 15, 'ncc_sigma': 0.6000000238418579, 'min_triangulation_angle': 1.0, 'incident_angle_sigma': 0.8999999761581421, 'num_iterations': 5, 'geom_consistency': False, 'geom_consistency_regularizer': 0.30000001192092896, 'geom_consistency_max_cost': 3.0, 'filter': False, 'filter_min_ncc': 0.10000000149011612, 'filter_min_triangulation_angle': 3.0, 'filter_min_num_consistent': 2, 'filter_geom_consistency_max_cost': 1.0, 'cache_size': 2.0, 'allow_missing_files': False, 'write_consistency_graph': False, 'num_threads': 2}, 'config': '/srv/slam-research/grf/map-denoise/runs/colmap-fixed-pixels-20260930T172250Z/workspaces/scan37/geo/configs/0007.png.cfg'}
I20261001 01:34:39.134201 128417850713792 patch_match.cc:210] Reading workspace...
I20261001 01:34:39.134307 128417850713792 patch_match.cc:240] Reading configuration...
I20261001 01:34:39.134319 128417850713792 patch_match.cc:371] Configuration has 1 problems...
I20261001 01:34:39.134389 128417833928384 patch_match.cc:416] === Processing view 1 / 1 for 0007.png ===
I20261001 01:34:39.134404 128417833928384 patch_match.cc:466] Reading inputs...
I20261001 01:34:39.145316 128417833928384 patch_match.cc:56] --- PatchMatch::Problem ---
I20261001 01:34:39.145328 128417833928384 patch_match.cc:57] ref_image_idx: 4
I20261001 01:34:39.145330 128417833928384 patch_match.cc:64] src_image_idxs: 3 2 1 0
I20261001 01:34:39.145331 128417833928384 patch_match_options.cc:46] --- PatchMatchOptions ---
I20261001 01:34:39.145333 128417833928384 patch_match_options.cc:47] max_image_size: -1
I20261001 01:34:39.145334 128417833928384 patch_match_options.cc:48] gpu_index: 0
I20261001 01:34:39.145336 128417833928384 patch_match_options.cc:49] depth_min: 536
I20261001 01:34:39.145341 128417833928384 patch_match_options.cc:50] depth_max: 915
I20261001 01:34:39.145343 128417833928384 patch_match_options.cc:51] window_radius: 5
I20261001 01:34:39.145344 128417833928384 patch_match_options.cc:52] window_step: 1
I20261001 01:34:39.145345 128417833928384 patch_match_options.cc:53] sigma_spatial: 5
I20261001 01:34:39.145347 128417833928384 patch_match_options.cc:54] sigma_color: 0.2
I20261001 01:34:39.145349 128417833928384 patch_match_options.cc:55] num_samples: 15
I20261001 01:34:39.145350 128417833928384 patch_match_options.cc:56] ncc_sigma: 0.6
I20261001 01:34:39.145352 128417833928384 patch_match_options.cc:57] min_triangulation_angle: 1
I20261001 01:34:39.145353 128417833928384 patch_match_options.cc:58] incident_angle_sigma: 0.9
I20261001 01:34:39.145355 128417833928384 patch_match_options.cc:59] num_iterations: 5
I20261001 01:34:39.145356 128417833928384 patch_match_options.cc:60] geom_consistency: 0
I20261001 01:34:39.145358 128417833928384 patch_match_options.cc:61] geom_consistency_regularizer: 0.3
I20261001 01:34:39.145359 128417833928384 patch_match_options.cc:62] geom_consistency_max_cost: 3
I20261001 01:34:39.145361 128417833928384 patch_match_options.cc:63] filter: 0
I20261001 01:34:39.145362 128417833928384 patch_match_options.cc:64] filter_min_ncc: 0.1
I20261001 01:34:39.145364 128417833928384 patch_match_options.cc:65] filter_min_triangulation_angle: 3
I20261001 01:34:39.145365 128417833928384 patch_match_options.cc:66] filter_min_num_consistent: 2
I20261001 01:34:39.145367 128417833928384 patch_match_options.cc:67] filter_geom_consistency_max_cost: 1
I20261001 01:34:39.145368 128417833928384 patch_match_options.cc:68] write_consistency_graph: 0
I20261001 01:34:39.145370 128417833928384 patch_match_options.cc:69] allow_missing_files: 0
I20261001 01:34:39.145371 128417833928384 patch_match_options.cc:70] num_threads: 2
I20261001 01:34:39.145373 128417833928384 patch_match.cc:129] --- PatchMatch::Run ---
I20261001 01:34:39.167704 128417833928384 cudacc.cc:52] Initialization: 0.0203s
I20261001 01:34:39.348664 128417833928384 cudacc.cc:52]  Sweep 1: 0.1809s
I20261001 01:34:39.603927 128417833928384 cudacc.cc:52]  Sweep 2: 0.2552s
I20261001 01:34:39.784926 128417833928384 cudacc.cc:52]  Sweep 3: 0.1810s
I20261001 01:34:40.015693 128417833928384 cudacc.cc:52]  Sweep 4: 0.2307s
I20261001 01:34:40.015733 128417833928384 cudacc.cc:52] Iteration 1: 0.8480s
I20261001 01:34:40.195096 128417833928384 cudacc.cc:52]  Sweep 1: 0.1793s
I20261001 01:34:40.420923 128417833928384 cudacc.cc:52]  Sweep 2: 0.2258s
I20261001 01:34:40.598160 128417833928384 cudacc.cc:52]  Sweep 3: 0.1772s
I20261001 01:34:40.824039 128417833928384 cudacc.cc:52]  Sweep 4: 0.2258s
I20261001 01:34:40.824085 128417833928384 cudacc.cc:52] Iteration 2: 0.8083s
I20261001 01:34:41.004445 128417833928384 cudacc.cc:52]  Sweep 1: 0.1803s
I20261001 01:34:41.231454 128417833928384 cudacc.cc:52]  Sweep 2: 0.2270s
I20261001 01:34:41.411616 128417833928384 cudacc.cc:52]  Sweep 3: 0.1801s
I20261001 01:34:41.642454 128417833928384 cudacc.cc:52]  Sweep 4: 0.2302s
I20261001 01:34:41.642487 128417833928384 cudacc.cc:52] Iteration 3: 0.8184s
I20261001 01:34:41.828046 128417833928384 cudacc.cc:52]  Sweep 1: 0.1855s
I20261001 01:34:42.059775 128417833928384 cudacc.cc:52]  Sweep 2: 0.2317s
I20261001 01:34:42.243062 128417833928384 cudacc.cc:52]  Sweep 3: 0.1832s
I20261001 01:34:42.466416 128417833928384 cudacc.cc:52]  Sweep 4: 0.2233s
I20261001 01:34:42.466448 128417833928384 cudacc.cc:52] Iteration 4: 0.8239s
I20261001 01:34:42.642319 128417833928384 cudacc.cc:52]  Sweep 1: 0.1759s
I20261001 01:34:42.865334 128417833928384 cudacc.cc:52]  Sweep 2: 0.2230s
I20261001 01:34:43.041928 128417833928384 cudacc.cc:52]  Sweep 3: 0.1766s
I20261001 01:34:43.262374 128417833928384 cudacc.cc:52]  Sweep 4: 0.2204s
I20261001 01:34:43.262409 128417833928384 cudacc.cc:52] Iteration 5: 0.7959s
I20261001 01:34:43.262416 128417833928384 cudacc.cc:52] Total: 4.1150s
I20261001 01:34:43.262418 128417833928384 patch_match.cc:525] 
Writing photometric output for 0007.png
I20261001 01:34:43.285574 128417850713792 timer.cc:90] Elapsed time: 0.069 [minutes]
DONE 13 4.16
JOB 14 {'scene': 37, 'variant': 'geo', 'workspace': '/srv/slam-research/grf/map-denoise/runs/colmap-fixed-pixels-20260930T172250Z/workspaces/scan37/geo', 'reference': '0022.png', 'options': {'max_image_size': -1, 'gpu_index': '0', 'depth_min': 581.0, 'depth_max': 865.0, 'window_radius': 5, 'window_step': 1, 'sigma_spatial': -1.0, 'sigma_color': 0.20000000298023224, 'num_samples': 15, 'ncc_sigma': 0.6000000238418579, 'min_triangulation_angle': 1.0, 'incident_angle_sigma': 0.8999999761581421, 'num_iterations': 5, 'geom_consistency': True, 'geom_consistency_regularizer': 0.30000001192092896, 'geom_consistency_max_cost': 3.0, 'filter': True, 'filter_min_ncc': 0.10000000149011612, 'filter_min_triangulation_angle': 3.0, 'filter_min_num_consistent': 2, 'filter_geom_consistency_max_cost': 1.0, 'cache_size': 2.0, 'allow_missing_files': False, 'write_consistency_graph': False, 'num_threads': 2}, 'config': '/srv/slam-research/grf/map-denoise/runs/colmap-fixed-pixels-20260930T172250Z/workspaces/scan37/geo/configs/0022.png.cfg'}
I20261001 01:34:43.311036 128417833928384 patch_match.cc:210] Reading workspace...
I20261001 01:34:43.311156 128417833928384 patch_match.cc:240] Reading configuration...
I20261001 01:34:43.311169 128417833928384 patch_match.cc:371] Configuration has 1 problems...
I20261001 01:34:43.311306 128417859106496 patch_match.cc:416] === Processing view 1 / 1 for 0022.png ===
I20261001 01:34:43.311323 128417859106496 patch_match.cc:466] Reading inputs...
I20261001 01:34:43.394293 128417859106496 patch_match.cc:56] --- PatchMatch::Problem ---
I20261001 01:34:43.394315 128417859106496 patch_match.cc:57] ref_image_idx: 0
I20261001 01:34:43.394317 128417859106496 patch_match.cc:64] src_image_idxs: 4 3 2 1
I20261001 01:34:43.394319 128417859106496 patch_match_options.cc:46] --- PatchMatchOptions ---
I20261001 01:34:43.394321 128417859106496 patch_match_options.cc:47] max_image_size: -1
I20261001 01:34:43.394322 128417859106496 patch_match_options.cc:48] gpu_index: 0
I20261001 01:34:43.394329 128417859106496 patch_match_options.cc:49] depth_min: 581
I20261001 01:34:43.394336 128417859106496 patch_match_options.cc:50] depth_max: 865
I20261001 01:34:43.394338 128417859106496 patch_match_options.cc:51] window_radius: 5
I20261001 01:34:43.394339 128417859106496 patch_match_options.cc:52] window_step: 1
I20261001 01:34:43.394340 128417859106496 patch_match_options.cc:53] sigma_spatial: 5
I20261001 01:34:43.394342 128417859106496 patch_match_options.cc:54] sigma_color: 0.2
I20261001 01:34:43.394343 128417859106496 patch_match_options.cc:55] num_samples: 15
I20261001 01:34:43.394345 128417859106496 patch_match_options.cc:56] ncc_sigma: 0.6
I20261001 01:34:43.394346 128417859106496 patch_match_options.cc:57] min_triangulation_angle: 1
I20261001 01:34:43.394347 128417859106496 patch_match_options.cc:58] incident_angle_sigma: 0.9
I20261001 01:34:43.394349 128417859106496 patch_match_options.cc:59] num_iterations: 5
I20261001 01:34:43.394350 128417859106496 patch_match_options.cc:60] geom_consistency: 1
I20261001 01:34:43.394351 128417859106496 patch_match_options.cc:61] geom_consistency_regularizer: 0.3
I20261001 01:34:43.394352 128417859106496 patch_match_options.cc:62] geom_consistency_max_cost: 3
I20261001 01:34:43.394354 128417859106496 patch_match_options.cc:63] filter: 1
I20261001 01:34:43.394355 128417859106496 patch_match_options.cc:64] filter_min_ncc: 0.1
I20261001 01:34:43.394356 128417859106496 patch_match_options.cc:65] filter_min_triangulation_angle: 3
I20261001 01:34:43.394358 128417859106496 patch_match_options.cc:66] filter_min_num_consistent: 2
I20261001 01:34:43.394359 128417859106496 patch_match_options.cc:67] filter_geom_consistency_max_cost: 1
I20261001 01:34:43.394360 128417859106496 patch_match_options.cc:68] write_consistency_graph: 0
I20261001 01:34:43.394361 128417859106496 patch_match_options.cc:69] allow_missing_files: 0
I20261001 01:34:43.394362 128417859106496 patch_match_options.cc:70] num_threads: 2
I20261001 01:34:43.394364 128417859106496 patch_match.cc:129] --- PatchMatch::Run ---
I20261001 01:34:43.420636 128417859106496 cudacc.cc:52] Initialization: 0.0197s
I20261001 01:34:43.747493 128417859106496 cudacc.cc:52]  Sweep 1: 0.3268s
I20261001 01:34:44.160503 128417859106496 cudacc.cc:52]  Sweep 2: 0.4130s
I20261001 01:34:44.479251 128417859106496 cudacc.cc:52]  Sweep 3: 0.3187s
I20261001 01:34:44.897909 128417859106496 cudacc.cc:52]  Sweep 4: 0.4186s
I20261001 01:34:44.897944 128417859106496 cudacc.cc:52] Iteration 1: 1.4773s
I20261001 01:34:45.233063 128417859106496 cudacc.cc:52]  Sweep 1: 0.3351s
I20261001 01:34:45.653838 128417859106496 cudacc.cc:52]  Sweep 2: 0.4207s
I20261001 01:34:45.970639 128417859106496 cudacc.cc:52]  Sweep 3: 0.3168s
I20261001 01:34:46.375781 128417859106496 cudacc.cc:52]  Sweep 4: 0.4051s
I20261001 01:34:46.375817 128417859106496 cudacc.cc:52] Iteration 2: 1.4779s
I20261001 01:34:46.694634 128417859106496 cudacc.cc:52]  Sweep 1: 0.3188s
I20261001 01:34:47.101051 128417859106496 cudacc.cc:52]  Sweep 2: 0.4064s
I20261001 01:34:47.415797 128417859106496 cudacc.cc:52]  Sweep 3: 0.3147s
I20261001 01:34:47.817220 128417859106496 cudacc.cc:52]  Sweep 4: 0.4014s
I20261001 01:34:47.817256 128417859106496 cudacc.cc:52] Iteration 3: 1.4414s
I20261001 01:34:48.135752 128417859106496 cudacc.cc:52]  Sweep 1: 0.3185s
I20261001 01:34:48.538532 128417859106496 cudacc.cc:52]  Sweep 2: 0.4027s
I20261001 01:34:48.862248 128417859106496 cudacc.cc:52]  Sweep 3: 0.3237s
I20261001 01:34:49.269502 128417859106496 cudacc.cc:52]  Sweep 4: 0.4072s
I20261001 01:34:49.269536 128417859106496 cudacc.cc:52] Iteration 4: 1.4523s
I20261001 01:34:49.592885 128417859106496 cudacc.cc:52]  Sweep 1: 0.3233s
I20261001 01:34:49.987604 128417859106496 cudacc.cc:52]  Sweep 2: 0.3947s
I20261001 01:34:50.296349 128417859106496 cudacc.cc:52]  Sweep 3: 0.3087s
I20261001 01:34:50.631162 128417859106496 cudacc.cc:52]  Sweep 4: 0.3348s
I20261001 01:34:50.631196 128417859106496 cudacc.cc:52] Iteration 5: 1.3616s
I20261001 01:34:50.631203 128417859106496 cudacc.cc:52] Total: 7.2302s
I20261001 01:34:50.631212 128417859106496 patch_match.cc:525] 
Writing geometric output for 0022.png
I20261001 01:34:50.656986 128417833928384 timer.cc:90] Elapsed time: 0.122 [minutes]
DONE 14 7.37
SEALED 118 files
