test_correct_current (test_baseline.TestP.test_correct_current) ... ok
test_empty (test_baseline.TestP.test_empty) ... ok
test_mean_and_tie (test_baseline.TestP.test_mean_and_tie) ... ok
test_weighted (test_baseline.TestP.test_weighted) ... ok
test_analytic_area_invariance_and_complement (test_fixtures.AnalyticE0.test_analytic_area_invariance_and_complement) ... ok
test_geometry_and_fixed_texture_controls (test_fixtures.AnalyticE0.test_geometry_and_fixed_texture_controls) ... ok
test_cameras_match_the_supplied_historical_convention (test_fixtures.FixtureContracts.test_cameras_match_the_supplied_historical_convention) ... ok
test_design_counts_and_background_pair_target_identity (test_fixtures.FixtureContracts.test_design_counts_and_background_pair_target_identity) ... ok
test_equal_color_has_no_image_geometry (test_fixtures.FixtureContracts.test_equal_color_has_no_image_geometry) ... ok
test_mini_serialization_separates_observed_and_truth_and_refuses_overwrite (test_fixtures.FixtureContracts.test_mini_serialization_separates_observed_and_truth_and_refuses_overwrite) ... ok
test_oracle_interface_has_no_target_depth_or_source_ownership (test_fixtures.FixtureContracts.test_oracle_interface_has_no_target_depth_or_source_ownership) ... ok
test_paired_images_change_only_where_background_contributes (test_fixtures.FixtureContracts.test_paired_images_change_only_where_background_contributes) ... ok
test_analytic_slanted_halfplane (test_integration.IntegrationContracts.test_analytic_slanted_halfplane) ... ok
test_fixed_subray_texture_warp (test_integration.IntegrationContracts.test_fixed_subray_texture_warp) ... ok
test_full_image_equal_color (test_integration.IntegrationContracts.test_full_image_equal_color) ... ok
test_independent_rotated_camera_fixture (test_integration.IntegrationContracts.test_independent_rotated_camera_fixture) ... ok
test_background_depth_comes_from_training_ncc (test_predictor.PredictorTests.test_background_depth_comes_from_training_ncc) ... ok
test_background_occludes_deeper_candidate (test_predictor.PredictorTests.test_background_occludes_deeper_candidate) ... ok
test_equal_constant_has_no_depth_signal (test_predictor.PredictorTests.test_equal_constant_has_no_depth_signal) ... ok
test_estimator_constant_is_single_and_scale_is_held_out (test_predictor.PredictorTests.test_estimator_constant_is_single_and_scale_is_held_out) ... ok
test_fixed_ownership_is_per_ray_but_texture_keeps_warp (test_predictor.PredictorTests.test_fixed_ownership_is_per_ray_but_texture_keeps_warp) ... ok
test_invalid_projection_never_partially_scores_candidates (test_predictor.PredictorTests.test_invalid_projection_never_partially_scores_candidates) ... ok
test_manual_sensor_integration_and_raw_loss_without_sigma (test_predictor.PredictorTests.test_manual_sensor_integration_and_raw_loss_without_sigma) ... ok
test_narrow_target_reports_insufficient_scale_but_retains_aux (test_predictor.PredictorTests.test_narrow_target_reports_insufficient_scale_but_retains_aux) ... ok
test_projection_inverse_and_fixed_roi (test_predictor.PredictorTests.test_projection_inverse_and_fixed_roi) ... ok
test_json_nonfinite (test_runner.EvaluationTests.test_json_nonfinite) ... ok
test_pool_denominator (test_runner.EvaluationTests.test_pool_denominator) ... ok
test_reject_in_denominator (test_runner.EvaluationTests.test_reject_in_denominator) ... ok

----------------------------------------------------------------------
Ran 28 tests in 1.587s

OK
