test_full_sensing_does_not_repair_wrong_model (test_composition.CompositionTests.test_full_sensing_does_not_repair_wrong_model) ... ok
test_same_class_oracle_cannot_be_beaten (test_composition.CompositionTests.test_same_class_oracle_cannot_be_beaten) ... ok
test_target_changes_score_not_deployed_policy (test_composition.CompositionTests.test_target_changes_score_not_deployed_policy) ... ok
test_unavailable_sensor_has_irreducible_error (test_composition.CompositionTests.test_unavailable_sensor_has_irreducible_error) ... ok
test_all_affine_functions_are_present (test_learning.LearningTests.test_all_affine_functions_are_present) ... ok
test_all_programs_independently_evaluate_within_grammar (test_learning.LearningTests.test_all_programs_independently_evaluate_within_grammar) ... ok
test_canonical_minimality_against_independent_two_gate_enumeration (test_learning.LearningTests.test_canonical_minimality_against_independent_two_gate_enumeration) ... ok
test_hidden_label_invariance_and_cheat_detection (test_learning.LearningTests.test_hidden_label_invariance_and_cheat_detection) ... ok
test_iid_draws_retain_multiplicity (test_learning.LearningTests.test_iid_draws_retain_multiplicity) ... ok
test_immutable_program_and_empty_candidates (test_learning.LearningTests.test_immutable_program_and_empty_candidates) ... ok
test_known_unseen_named_expression_is_synthesized_from_labels (test_learning.LearningTests.test_known_unseen_named_expression_is_synthesized_from_labels) ... ok
test_loss_matches_naive_weighted_erm_including_conflicting_labels (test_learning.LearningTests.test_loss_matches_naive_weighted_erm_including_conflicting_labels) ... ok
test_tie_rule_is_order_invariant (test_learning.LearningTests.test_tie_rule_is_order_invariant) ... ok
test_all_goal_dominance_replay_and_budget (test_planning.ExactPlanningTests.test_all_goal_dominance_replay_and_budget) ... ok
test_bruteforce_two_bit_all_goals_nonunit_costs (test_planning.ExactPlanningTests.test_bruteforce_two_bit_all_goals_nonunit_costs) ... ok
test_cost_budget_and_prefix_no_skip (test_planning.ExactPlanningTests.test_cost_budget_and_prefix_no_skip) ... ok
test_empty_support_and_validation (test_planning.ExactPlanningTests.test_empty_support_and_validation) ... ok
test_exhaustive_three_bit_adaptive_functions (test_planning.ExactPlanningTests.test_exhaustive_three_bit_adaptive_functions) ... ok
test_goal_population_and_seed (test_planning.ExactPlanningTests.test_goal_population_and_seed) ... ok
test_multiplexer_adaptivity_and_missing_selector (test_planning.ExactPlanningTests.test_multiplexer_adaptivity_and_missing_selector) ... ok
test_no_world_argument_or_unqueried_sensor_leakage (test_planning.ExactPlanningTests.test_no_world_argument_or_unqueried_sensor_leakage) ... ok
test_parity_and_no_sensor (test_planning.ExactPlanningTests.test_parity_and_no_sensor) ... ok
test_terminal_guess_responds_to_observations (test_planning.ExactPlanningTests.test_terminal_guess_responds_to_observations) ... ok
test_unreachable_support_branch_rejected (test_planning.ExactPlanningTests.test_unreachable_support_branch_rejected) ... ok
test_both_terminal_guesses_retained_on_tie (test_tie_audit.TieEnvelopeTests.test_both_terminal_guesses_retained_on_tie) ... ok
test_empty_support_rejected (test_tie_audit.TieEnvelopeTests.test_empty_support_rejected) ... ok
test_exhaustive_two_bit_models_targets_and_budgets (test_tie_audit.TieEnvelopeTests.test_exhaustive_two_bit_models_targets_and_budgets) ... ok
test_model_equals_truth_removes_error_ambiguity (test_tie_audit.TieEnvelopeTests.test_model_equals_truth_removes_error_ambiguity) ... ok
test_original_policy_inside_envelope_and_primary_objective_unchanged (test_tie_audit.TieEnvelopeTests.test_original_policy_inside_envelope_and_primary_objective_unchanged) ... ok

----------------------------------------------------------------------
Ran 29 tests in 0.394s

OK
